cp -f /opt/include/netcdf.mod /home/dave/projects/OSOM_Cosine/Build
cp -f /opt/include/typesizes.mod /home/dave/projects/OSOM_Cosine/Build
./ROMS/Bin/sfmakedepend --cpp --fext=f90 --file=- --objdir=/home/dave/projects/OSOM_Cosine/Build -DROMS_HEADER="epscor_umaine15.h" -I ROMS/Include -I ROMS/Nonlinear -I ROMS/Nonlinear/Biology -I ROMS/Nonlinear/Sediment -I ROMS/Utility -I ROMS/Drivers -I ROMS/Functionals -I /home/dave/projects/OSOM_Cosine -I Master -I Compilers --silent --moddir /home/dave/projects/OSOM_Cosine/Build  ROMS/Nonlinear/set_vbc.F ROMS/Nonlinear/step3d_t.F ROMS/Nonlinear/interp_floats.F ROMS/Nonlinear/main2d.F ROMS/Nonlinear/wvelocity.F ROMS/Nonlinear/bc_2d.F ROMS/Nonlinear/conv_3d.F ROMS/Nonlinear/lmd_bkpp.F ROMS/Nonlinear/lmd_skpp.F ROMS/Nonlinear/uv3dmix.F ROMS/Nonlinear/zetabc.F ROMS/Nonlinear/bc_bry2d.F ROMS/Nonlinear/conv_2d.F ROMS/Nonlinear/nesting.F ROMS/Nonlinear/v2dbc_im.F ROMS/Nonlinear/u2dbc_im.F ROMS/Nonlinear/lmd_vmix.F ROMS/Nonlinear/frc_adjust.F ROMS/Nonlinear/exchange_2d.F ROMS/Nonlinear/conv_bry2d.F ROMS/Nonlinear/set_depth.F ROMS/Nonlinear/tkebc_im.F ROMS/Nonlinear/v3dbc_im.F ROMS/Nonlinear/exchange_3d.F ROMS/Nonlinear/my25_corstep.F ROMS/Nonlinear/conv_bry3d.F ROMS/Nonlinear/main3d.F ROMS/Nonlinear/hmixing.F ROMS/Nonlinear/u3dbc_im.F ROMS/Nonlinear/bbl.F ROMS/Nonlinear/step2d.F ROMS/Nonlinear/output.F ROMS/Nonlinear/diag.F ROMS/Nonlinear/t3dbc_im.F ROMS/Nonlinear/omega.F ROMS/Nonlinear/bvf_mix.F ROMS/Nonlinear/set_tides.F ROMS/Nonlinear/step3d_uv.F ROMS/Nonlinear/step_floats.F ROMS/Nonlinear/initial.F ROMS/Nonlinear/set_data.F ROMS/Nonlinear/prsgrd.F ROMS/Nonlinear/obc_volcons.F ROMS/Nonlinear/get_idata.F ROMS/Nonlinear/rho_eos.F ROMS/Nonlinear/wetdry.F ROMS/Nonlinear/set_zeta.F ROMS/Nonlinear/t3dmix.F ROMS/Nonlinear/set_massflux.F ROMS/Nonlinear/radiation_stress.F ROMS/Nonlinear/set_avg.F ROMS/Nonlinear/forcing.F ROMS/Nonlinear/bulk_flux.F ROMS/Nonlinear/rhs3d.F ROMS/Nonlinear/gls_prestep.F ROMS/Nonlinear/get_data.F ROMS/Nonlinear/pre_step3d.F ROMS/Nonlinear/lmd_swfrac.F ROMS/Nonlinear/obc_adjust.F ROMS/Nonlinear/bc_bry3d.F ROMS/Nonlinear/my25_prestep.F ROMS/Nonlinear/ini_fields.F ROMS/Nonlinear/vwalk_floats.F ROMS/Nonlinear/mpdata_adiff.F ROMS/Nonlinear/gls_corstep.F ROMS/Nonlinear/bc_3d.F ROMS/Nonlinear/Biology/biology.F ROMS/Nonlinear/Biology/biology_floats.F ROMS/Nonlinear/Sediment/sediment.F ROMS/Nonlinear/Sediment/sed_bedload.F ROMS/Nonlinear/Sediment/sed_fluxes.F ROMS/Nonlinear/Sediment/sed_surface.F ROMS/Nonlinear/Sediment/sed_settling.F ROMS/Nonlinear/Sediment/sed_bed.F ROMS/Functionals/analytical.F ROMS/Utility/get_wetdry.F ROMS/Utility/abort.F ROMS/Utility/state_dotprod.F ROMS/Utility/metrics.F ROMS/Utility/def_hessian.F ROMS/Utility/get_3dfldr.F ROMS/Utility/nf_fread2d_bry.F ROMS/Utility/convolve.F ROMS/Utility/nf_fread2d.F ROMS/Utility/obs_depth.F ROMS/Utility/checkerror.F ROMS/Utility/dotproduct.F ROMS/Utility/set_2dfldr.F ROMS/Utility/normalization.F ROMS/Utility/wrt_hessian.F ROMS/Utility/get_nudgcoef.F ROMS/Utility/wrt_ini.F ROMS/Utility/wpoints.F ROMS/Utility/congrad.F ROMS/Utility/wrt_gst.F ROMS/Utility/get_2dfld.F ROMS/Utility/read_fltpar.F ROMS/Utility/read_sedpar.F ROMS/Utility/nf_fwrite3d_bry.F ROMS/Utility/def_gst.F ROMS/Utility/packing.F ROMS/Utility/stats_modobs.F ROMS/Utility/regrid.F ROMS/Utility/def_lanczos.F ROMS/Utility/state_scale.F ROMS/Utility/wrt_info.F ROMS/Utility/extract_sta.F ROMS/Utility/wrt_floats.F ROMS/Utility/read_asspar.F ROMS/Utility/posterior.F ROMS/Utility/nf_fread3d_bry.F ROMS/Utility/wrt_diags.F ROMS/Utility/nf_fread4d.F ROMS/Utility/stiffness.F ROMS/Utility/inner2state.F ROMS/Utility/back_cost.F ROMS/Utility/read_biopar.F ROMS/Utility/obs_read.F ROMS/Utility/def_ini.F ROMS/Utility/zeta_balance.F ROMS/Utility/rep_matrix.F ROMS/Utility/def_mod.F ROMS/Utility/ludcmp.F ROMS/Utility/distribute.F ROMS/Utility/set_contact.F ROMS/Utility/read_phypar.F ROMS/Utility/mp_exchange.F ROMS/Utility/frc_weak.F ROMS/Utility/def_dim.F ROMS/Utility/state_initialize.F ROMS/Utility/nrutil.F ROMS/Utility/lubksb.F ROMS/Utility/state_addition.F ROMS/Utility/wrt_his.F ROMS/Utility/nf_fread3d.F ROMS/Utility/get_ngfldr.F ROMS/Utility/set_2dfld.F ROMS/Utility/read_fltbiopar.F ROMS/Utility/def_diags.F ROMS/Utility/extract_obs.F ROMS/Utility/wrt_rst.F ROMS/Utility/get_bounds.F ROMS/Utility/inp_par.F ROMS/Utility/set_ngfld.F ROMS/Utility/def_impulse.F ROMS/Utility/obs_initial.F ROMS/Utility/set_diags.F ROMS/Utility/wrt_impulse.F ROMS/Utility/set_3dfldr.F ROMS/Utility/read_couplepar.F ROMS/Utility/uv_rotate.F ROMS/Utility/grid_coords.F ROMS/Utility/sum_grad.F ROMS/Utility/wrt_station.F ROMS/Utility/strings.F ROMS/Utility/ran_state.F ROMS/Utility/get_3dfld.F ROMS/Utility/set_weights.F ROMS/Utility/set_3dfld.F ROMS/Utility/erf.F ROMS/Utility/sqlq.F ROMS/Utility/cgradient.F ROMS/Utility/state_product.F ROMS/Utility/checkadj.F ROMS/Utility/random_ic.F ROMS/Utility/def_his.F ROMS/Utility/def_info.F ROMS/Utility/state_copy.F ROMS/Utility/def_floats.F ROMS/Utility/mp_routines.F ROMS/Utility/def_norm.F ROMS/Utility/ini_lanczos.F ROMS/Utility/def_rst.F ROMS/Utility/posterior_var.F ROMS/Utility/wrt_avg.F ROMS/Utility/get_date.F ROMS/Utility/nf_fwrite2d.F ROMS/Utility/wrt_error.F ROMS/Utility/inquire.F ROMS/Utility/def_var.F ROMS/Utility/read_stapar.F ROMS/Utility/gasdev.F ROMS/Utility/get_varcoords.F ROMS/Utility/set_masks.F ROMS/Utility/def_tides.F ROMS/Utility/set_ngfldr.F ROMS/Utility/ini_adjust.F ROMS/Utility/nf_fwrite2d_bry.F ROMS/Utility/set_scoord.F ROMS/Utility/ini_hmixcoef.F ROMS/Utility/get_2dfldr.F ROMS/Utility/get_ngfld.F ROMS/Utility/get_cycle.F ROMS/Utility/get_grid.F ROMS/Utility/obs_write.F ROMS/Utility/get_gst.F ROMS/Utility/shapiro.F ROMS/Utility/obs_cost.F ROMS/Utility/checkvars.F ROMS/Utility/get_state.F ROMS/Utility/interpolate.F ROMS/Utility/def_station.F ROMS/Utility/checkdefs.F ROMS/Utility/ran1.F ROMS/Utility/timers.F ROMS/Utility/check_multifile.F ROMS/Utility/lbc.F ROMS/Utility/close_io.F ROMS/Utility/def_avg.F ROMS/Utility/ntimestep.F ROMS/Utility/nf_fwrite4d.F ROMS/Utility/array_modes.F ROMS/Utility/white_noise.F ROMS/Utility/wrt_tides.F ROMS/Utility/def_error.F ROMS/Utility/cost_grad.F ROMS/Utility/vorticity.F ROMS/Utility/nf_fwrite3d.F ROMS/Modules/mod_mixing.F ROMS/Modules/mod_sedbed.F ROMS/Modules/mod_storage.F ROMS/Modules/mod_sources.F ROMS/Modules/mod_scalars.F ROMS/Modules/mod_fourdvar.F ROMS/Modules/mod_arrays.F ROMS/Modules/mod_eclight.F ROMS/Modules/mod_strings.F ROMS/Modules/mod_tides.F ROMS/Modules/mod_grid.F ROMS/Modules/mod_boundary.F ROMS/Modules/mod_sediment.F ROMS/Modules/mod_parallel.F ROMS/Modules/mod_ocean.F ROMS/Modules/mod_ncparam.F ROMS/Modules/mod_nesting.F ROMS/Modules/mod_average.F ROMS/Modules/mod_forces.F ROMS/Modules/mod_eoscoef.F ROMS/Modules/mod_behavior.F ROMS/Modules/mod_bbl.F ROMS/Modules/mod_kinds.F ROMS/Modules/mod_stepping.F ROMS/Modules/mod_biology.F ROMS/Modules/mod_diags.F ROMS/Modules/mod_iounits.F ROMS/Modules/mod_param.F ROMS/Modules/mod_coupler.F ROMS/Modules/mod_netcdf.F ROMS/Modules/mod_clima.F ROMS/Modules/mod_floats.F ROMS/Modules/mod_coupling.F Master/roms_import.F Master/propagator.F Master/master.F Master/roms_export.F Master/ocean_coupler.F Master/esmf_roms.F Master/ocean_control.F > /home/dave/projects/OSOM_Cosine/Build/MakeDepend
cp -p /home/dave/make_macros.mk /home/dave/projects/OSOM_Cosine/Build
/usr/bin/cpp -P -traditional -DMPI -DLINUX -DX86_64 -DGFORTRAN -D'ROOT_DIR="/home/dave/ROMS/trunk"' -DEPSCOR_UMAINE15 -D'HEADER="epscor_umaine15.h"' -D'ROMS_HEADER="/home/dave/projects/OSOM_Cosine/epscor_umaine15.h"' -DNestedGrids= -D'ANALYTICAL_DIR="/home/dave/ROMS/trunk/ROMS/Functionals"' -D'SVN_REV=""' -IROMS/Include -IROMS/Nonlinear -IROMS/Nonlinear/Biology -IROMS/Nonlinear/Sediment -IROMS/Utility -IROMS/Drivers -IROMS/Functionals -I/home/dave/projects/OSOM_Cosine -IMaster -ICompilers -D'HEADER_DIR="/home/dave/projects/OSOM_Cosine"'  ROMS/Utility/get_wetdry.F > /home/dave/projects/OSOM_Cosine/Build/get_wetdry.f90
ROMS/Bin/cpp_clean /home/dave/projects/OSOM_Cosine/Build/get_wetdry.f90
/usr/bin/cpp -P -traditional -DMPI -DLINUX -DX86_64 -DGFORTRAN -D'ROOT_DIR="/home/dave/ROMS/trunk"' -DEPSCOR_UMAINE15 -D'HEADER="epscor_umaine15.h"' -D'ROMS_HEADER="/home/dave/projects/OSOM_Cosine/epscor_umaine15.h"' -DNestedGrids= -D'ANALYTICAL_DIR="/home/dave/ROMS/trunk/ROMS/Functionals"' -D'SVN_REV=""' -IROMS/Include -IROMS/Nonlinear -IROMS/Nonlinear/Biology -IROMS/Nonlinear/Sediment -IROMS/Utility -IROMS/Drivers -IROMS/Functionals -I/home/dave/projects/OSOM_Cosine -IMaster -ICompilers -D'HEADER_DIR="/home/dave/projects/OSOM_Cosine"'  ROMS/Nonlinear/exchange_2d.F > /home/dave/projects/OSOM_Cosine/Build/exchange_2d.f90
ROMS/Bin/cpp_clean /home/dave/projects/OSOM_Cosine/Build/exchange_2d.f90
/usr/bin/cpp -P -traditional -DMPI -DLINUX -DX86_64 -DGFORTRAN -D'ROOT_DIR="/home/dave/ROMS/trunk"' -DEPSCOR_UMAINE15 -D'HEADER="epscor_umaine15.h"' -D'ROMS_HEADER="/home/dave/projects/OSOM_Cosine/epscor_umaine15.h"' -DNestedGrids= -D'ANALYTICAL_DIR="/home/dave/ROMS/trunk/ROMS/Functionals"' -D'SVN_REV=""' -IROMS/Include -IROMS/Nonlinear -IROMS/Nonlinear/Biology -IROMS/Nonlinear/Sediment -IROMS/Utility -IROMS/Drivers -IROMS/Functionals -I/home/dave/projects/OSOM_Cosine -IMaster -ICompilers -D'HEADER_DIR="/home/dave/projects/OSOM_Cosine"'  ROMS/Modules/mod_param.F > /home/dave/projects/OSOM_Cosine/Build/mod_param.f90
ROMS/Bin/cpp_clean /home/dave/projects/OSOM_Cosine/Build/mod_param.f90
/usr/bin/cpp -P -traditional -DMPI -DLINUX -DX86_64 -DGFORTRAN -D'ROOT_DIR="/home/dave/ROMS/trunk"' -DEPSCOR_UMAINE15 -D'HEADER="epscor_umaine15.h"' -D'ROMS_HEADER="/home/dave/projects/OSOM_Cosine/epscor_umaine15.h"' -DNestedGrids= -D'ANALYTICAL_DIR="/home/dave/ROMS/trunk/ROMS/Functionals"' -D'SVN_REV=""' -IROMS/Include -IROMS/Nonlinear -IROMS/Nonlinear/Biology -IROMS/Nonlinear/Sediment -IROMS/Utility -IROMS/Drivers -IROMS/Functionals -I/home/dave/projects/OSOM_Cosine -IMaster -ICompilers -D'HEADER_DIR="/home/dave/projects/OSOM_Cosine"'  ROMS/Modules/mod_kinds.F > /home/dave/projects/OSOM_Cosine/Build/mod_kinds.f90
ROMS/Bin/cpp_clean /home/dave/projects/OSOM_Cosine/Build/mod_kinds.f90
cd /home/dave/projects/OSOM_Cosine/Build; /opt/openmpi/bin/mpif90 -c -frepack-arrays -O3 -ffast-math mod_kinds.f90
cd /home/dave/projects/OSOM_Cosine/Build; /opt/openmpi/bin/mpif90 -c -frepack-arrays -O3 -ffast-math mod_param.f90
/usr/bin/cpp -P -traditional -DMPI -DLINUX -DX86_64 -DGFORTRAN -D'ROOT_DIR="/home/dave/ROMS/trunk"' -DEPSCOR_UMAINE15 -D'HEADER="epscor_umaine15.h"' -D'ROMS_HEADER="/home/dave/projects/OSOM_Cosine/epscor_umaine15.h"' -DNestedGrids= -D'ANALYTICAL_DIR="/home/dave/ROMS/trunk/ROMS/Functionals"' -D'SVN_REV=""' -IROMS/Include -IROMS/Nonlinear -IROMS/Nonlinear/Biology -IROMS/Nonlinear/Sediment -IROMS/Utility -IROMS/Drivers -IROMS/Functionals -I/home/dave/projects/OSOM_Cosine -IMaster -ICompilers -D'HEADER_DIR="/home/dave/projects/OSOM_Cosine"'  ROMS/Modules/mod_scalars.F > /home/dave/projects/OSOM_Cosine/Build/mod_scalars.f90
ROMS/Bin/cpp_clean /home/dave/projects/OSOM_Cosine/Build/mod_scalars.f90
cd /home/dave/projects/OSOM_Cosine/Build; /opt/openmpi/bin/mpif90 -c -frepack-arrays -O3 -ffast-math mod_scalars.f90
cd /home/dave/projects/OSOM_Cosine/Build; /opt/openmpi/bin/mpif90 -c -frepack-arrays -O3 -ffast-math exchange_2d.f90
/usr/bin/cpp -P -traditional -DMPI -DLINUX -DX86_64 -DGFORTRAN -D'ROOT_DIR="/home/dave/ROMS/trunk"' -DEPSCOR_UMAINE15 -D'HEADER="epscor_umaine15.h"' -D'ROMS_HEADER="/home/dave/projects/OSOM_Cosine/epscor_umaine15.h"' -DNestedGrids= -D'ANALYTICAL_DIR="/home/dave/ROMS/trunk/ROMS/Functionals"' -D'SVN_REV=""' -IROMS/Include -IROMS/Nonlinear -IROMS/Nonlinear/Biology -IROMS/Nonlinear/Sediment -IROMS/Utility -IROMS/Drivers -IROMS/Functionals -I/home/dave/projects/OSOM_Cosine -IMaster -ICompilers -D'HEADER_DIR="/home/dave/projects/OSOM_Cosine"'  ROMS/Modules/mod_grid.F > /home/dave/projects/OSOM_Cosine/Build/mod_grid.f90
ROMS/Bin/cpp_clean /home/dave/projects/OSOM_Cosine/Build/mod_grid.f90
cd /home/dave/projects/OSOM_Cosine/Build; /opt/openmpi/bin/mpif90 -c -frepack-arrays -O3 -ffast-math mod_grid.f90
/usr/bin/cpp -P -traditional -DMPI -DLINUX -DX86_64 -DGFORTRAN -D'ROOT_DIR="/home/dave/ROMS/trunk"' -DEPSCOR_UMAINE15 -D'HEADER="epscor_umaine15.h"' -D'ROMS_HEADER="/home/dave/projects/OSOM_Cosine/epscor_umaine15.h"' -DNestedGrids= -D'ANALYTICAL_DIR="/home/dave/ROMS/trunk/ROMS/Functionals"' -D'SVN_REV=""' -IROMS/Include -IROMS/Nonlinear -IROMS/Nonlinear/Biology -IROMS/Nonlinear/Sediment -IROMS/Utility -IROMS/Drivers -IROMS/Functionals -I/home/dave/projects/OSOM_Cosine -IMaster -ICompilers -D'HEADER_DIR="/home/dave/projects/OSOM_Cosine"'  ROMS/Modules/mod_iounits.F > /home/dave/projects/OSOM_Cosine/Build/mod_iounits.f90
ROMS/Bin/cpp_clean /home/dave/projects/OSOM_Cosine/Build/mod_iounits.f90
cd /home/dave/projects/OSOM_Cosine/Build; /opt/openmpi/bin/mpif90 -c -frepack-arrays -O3 -ffast-math mod_iounits.f90
/usr/bin/cpp -P -traditional -DMPI -DLINUX -DX86_64 -DGFORTRAN -D'ROOT_DIR="/home/dave/ROMS/trunk"' -DEPSCOR_UMAINE15 -D'HEADER="epscor_umaine15.h"' -D'ROMS_HEADER="/home/dave/projects/OSOM_Cosine/epscor_umaine15.h"' -DNestedGrids= -D'ANALYTICAL_DIR="/home/dave/ROMS/trunk/ROMS/Functionals"' -D'SVN_REV=""' -IROMS/Include -IROMS/Nonlinear -IROMS/Nonlinear/Biology -IROMS/Nonlinear/Sediment -IROMS/Utility -IROMS/Drivers -IROMS/Functionals -I/home/dave/projects/OSOM_Cosine -IMaster -ICompilers -D'HEADER_DIR="/home/dave/projects/OSOM_Cosine"'  ROMS/Modules/mod_ncparam.F > /home/dave/projects/OSOM_Cosine/Build/mod_ncparam.f90
ROMS/Bin/cpp_clean /home/dave/projects/OSOM_Cosine/Build/mod_ncparam.f90
/usr/bin/cpp -P -traditional -DMPI -DLINUX -DX86_64 -DGFORTRAN -D'ROOT_DIR="/home/dave/ROMS/trunk"' -DEPSCOR_UMAINE15 -D'HEADER="epscor_umaine15.h"' -D'ROMS_HEADER="/home/dave/projects/OSOM_Cosine/epscor_umaine15.h"' -DNestedGrids= -D'ANALYTICAL_DIR="/home/dave/ROMS/trunk/ROMS/Functionals"' -D'SVN_REV=""' -IROMS/Include -IROMS/Nonlinear -IROMS/Nonlinear/Biology -IROMS/Nonlinear/Sediment -IROMS/Utility -IROMS/Drivers -IROMS/Functionals -I/home/dave/projects/OSOM_Cosine -IMaster -ICompilers -D'HEADER_DIR="/home/dave/projects/OSOM_Cosine"'  ROMS/Modules/mod_biology.F > /home/dave/projects/OSOM_Cosine/Build/mod_biology.f90
ROMS/Bin/cpp_clean /home/dave/projects/OSOM_Cosine/Build/mod_biology.f90
cd /home/dave/projects/OSOM_Cosine/Build; /opt/openmpi/bin/mpif90 -c -frepack-arrays -O3 -ffast-math -ffree-form -ffree-line-length-none mod_biology.f90
/usr/bin/cpp -P -traditional -DMPI -DLINUX -DX86_64 -DGFORTRAN -D'ROOT_DIR="/home/dave/ROMS/trunk"' -DEPSCOR_UMAINE15 -D'HEADER="epscor_umaine15.h"' -D'ROMS_HEADER="/home/dave/projects/OSOM_Cosine/epscor_umaine15.h"' -DNestedGrids= -D'ANALYTICAL_DIR="/home/dave/ROMS/trunk/ROMS/Functionals"' -D'SVN_REV=""' -IROMS/Include -IROMS/Nonlinear -IROMS/Nonlinear/Biology -IROMS/Nonlinear/Sediment -IROMS/Utility -IROMS/Drivers -IROMS/Functionals -I/home/dave/projects/OSOM_Cosine -IMaster -ICompilers -D'HEADER_DIR="/home/dave/projects/OSOM_Cosine"'  ROMS/Modules/mod_parallel.F > /home/dave/projects/OSOM_Cosine/Build/mod_parallel.f90
ROMS/Bin/cpp_clean /home/dave/projects/OSOM_Cosine/Build/mod_parallel.f90
/usr/bin/cpp -P -traditional -DMPI -DLINUX -DX86_64 -DGFORTRAN -D'ROOT_DIR="/home/dave/ROMS/trunk"' -DEPSCOR_UMAINE15 -D'HEADER="epscor_umaine15.h"' -D'ROMS_HEADER="/home/dave/projects/OSOM_Cosine/epscor_umaine15.h"' -DNestedGrids= -D'ANALYTICAL_DIR="/home/dave/ROMS/trunk/ROMS/Functionals"' -D'SVN_REV=""' -IROMS/Include -IROMS/Nonlinear -IROMS/Nonlinear/Biology -IROMS/Nonlinear/Sediment -IROMS/Utility -IROMS/Drivers -IROMS/Functionals -I/home/dave/projects/OSOM_Cosine -IMaster -ICompilers -D'HEADER_DIR="/home/dave/projects/OSOM_Cosine"' -DMY_OS='"Linux"' -DMY_CPU='"x86_64"' -DMY_FORT='"gfortran"' -DMY_FC='"/opt/openmpi/bin/mpif90"' -DMY_FFLAGS='"-frepack-arrays -O3 -ffast-math -ffree-form -ffree-line-length-none -ffree-form -ffree-line-length-none"'  ROMS/Modules/mod_strings.F > /home/dave/projects/OSOM_Cosine/Build/mod_strings.f90
ROMS/Bin/cpp_clean /home/dave/projects/OSOM_Cosine/Build/mod_strings.f90
cd /home/dave/projects/OSOM_Cosine/Build; /opt/openmpi/bin/mpif90 -c -frepack-arrays -O3 -ffast-math -ffree-form -ffree-line-length-none -ffree-form -ffree-line-length-none mod_strings.f90
cd /home/dave/projects/OSOM_Cosine/Build; /opt/openmpi/bin/mpif90 -c -frepack-arrays -O3 -ffast-math -ffree-form -ffree-line-length-none mod_parallel.f90
/usr/bin/cpp -P -traditional -DMPI -DLINUX -DX86_64 -DGFORTRAN -D'ROOT_DIR="/home/dave/ROMS/trunk"' -DEPSCOR_UMAINE15 -D'HEADER="epscor_umaine15.h"' -D'ROMS_HEADER="/home/dave/projects/OSOM_Cosine/epscor_umaine15.h"' -DNestedGrids= -D'ANALYTICAL_DIR="/home/dave/ROMS/trunk/ROMS/Functionals"' -D'SVN_REV=""' -IROMS/Include -IROMS/Nonlinear -IROMS/Nonlinear/Biology -IROMS/Nonlinear/Sediment -IROMS/Utility -IROMS/Drivers -IROMS/Functionals -I/home/dave/projects/OSOM_Cosine -IMaster -ICompilers -D'HEADER_DIR="/home/dave/projects/OSOM_Cosine"'  ROMS/Modules/mod_sediment.F > /home/dave/projects/OSOM_Cosine/Build/mod_sediment.f90
ROMS/Bin/cpp_clean /home/dave/projects/OSOM_Cosine/Build/mod_sediment.f90
cd /home/dave/projects/OSOM_Cosine/Build; /opt/openmpi/bin/mpif90 -c -frepack-arrays -O3 -ffast-math -ffree-form -ffree-line-length-none mod_sediment.f90
cd /home/dave/projects/OSOM_Cosine/Build; /opt/openmpi/bin/mpif90 -c -frepack-arrays -O3 -ffast-math -ffree-form -ffree-line-length-none mod_ncparam.f90
/usr/bin/cpp -P -traditional -DMPI -DLINUX -DX86_64 -DGFORTRAN -D'ROOT_DIR="/home/dave/ROMS/trunk"' -DEPSCOR_UMAINE15 -D'HEADER="epscor_umaine15.h"' -D'ROMS_HEADER="/home/dave/projects/OSOM_Cosine/epscor_umaine15.h"' -DNestedGrids= -D'ANALYTICAL_DIR="/home/dave/ROMS/trunk/ROMS/Functionals"' -D'SVN_REV=""' -IROMS/Include -IROMS/Nonlinear -IROMS/Nonlinear/Biology -IROMS/Nonlinear/Sediment -IROMS/Utility -IROMS/Drivers -IROMS/Functionals -I/home/dave/projects/OSOM_Cosine -IMaster -ICompilers -D'HEADER_DIR="/home/dave/projects/OSOM_Cosine"'  ROMS/Modules/mod_netcdf.F > /home/dave/projects/OSOM_Cosine/Build/mod_netcdf.f90
ROMS/Bin/cpp_clean /home/dave/projects/OSOM_Cosine/Build/mod_netcdf.f90
/usr/bin/cpp -P -traditional -DMPI -DLINUX -DX86_64 -DGFORTRAN -D'ROOT_DIR="/home/dave/ROMS/trunk"' -DEPSCOR_UMAINE15 -D'HEADER="epscor_umaine15.h"' -D'ROMS_HEADER="/home/dave/projects/OSOM_Cosine/epscor_umaine15.h"' -DNestedGrids= -D'ANALYTICAL_DIR="/home/dave/ROMS/trunk/ROMS/Functionals"' -D'SVN_REV=""' -IROMS/Include -IROMS/Nonlinear -IROMS/Nonlinear/Biology -IROMS/Nonlinear/Sediment -IROMS/Utility -IROMS/Drivers -IROMS/Functionals -I/home/dave/projects/OSOM_Cosine -IMaster -ICompilers -D'HEADER_DIR="/home/dave/projects/OSOM_Cosine"'  ROMS/Utility/distribute.F > /home/dave/projects/OSOM_Cosine/Build/distribute.f90
ROMS/Bin/cpp_clean /home/dave/projects/OSOM_Cosine/Build/distribute.f90
cd /home/dave/projects/OSOM_Cosine/Build; /opt/openmpi/bin/mpif90 -c -frepack-arrays -O3 -ffast-math distribute.f90
/usr/bin/cpp -P -traditional -DMPI -DLINUX -DX86_64 -DGFORTRAN -D'ROOT_DIR="/home/dave/ROMS/trunk"' -DEPSCOR_UMAINE15 -D'HEADER="epscor_umaine15.h"' -D'ROMS_HEADER="/home/dave/projects/OSOM_Cosine/epscor_umaine15.h"' -DNestedGrids= -D'ANALYTICAL_DIR="/home/dave/ROMS/trunk/ROMS/Functionals"' -D'SVN_REV=""' -IROMS/Include -IROMS/Nonlinear -IROMS/Nonlinear/Biology -IROMS/Nonlinear/Sediment -IROMS/Utility -IROMS/Drivers -IROMS/Functionals -I/home/dave/projects/OSOM_Cosine -IMaster -ICompilers -D'HEADER_DIR="/home/dave/projects/OSOM_Cosine"'  ROMS/Utility/strings.F > /home/dave/projects/OSOM_Cosine/Build/strings.f90
ROMS/Bin/cpp_clean /home/dave/projects/OSOM_Cosine/Build/strings.f90
cd /home/dave/projects/OSOM_Cosine/Build; /opt/openmpi/bin/mpif90 -c -frepack-arrays -O3 -ffast-math strings.f90
cd /home/dave/projects/OSOM_Cosine/Build; /opt/openmpi/bin/mpif90 -c -frepack-arrays -O3 -ffast-math mod_netcdf.f90
/usr/bin/cpp -P -traditional -DMPI -DLINUX -DX86_64 -DGFORTRAN -D'ROOT_DIR="/home/dave/ROMS/trunk"' -DEPSCOR_UMAINE15 -D'HEADER="epscor_umaine15.h"' -D'ROMS_HEADER="/home/dave/projects/OSOM_Cosine/epscor_umaine15.h"' -DNestedGrids= -D'ANALYTICAL_DIR="/home/dave/ROMS/trunk/ROMS/Functionals"' -D'SVN_REV=""' -IROMS/Include -IROMS/Nonlinear -IROMS/Nonlinear/Biology -IROMS/Nonlinear/Sediment -IROMS/Utility -IROMS/Drivers -IROMS/Functionals -I/home/dave/projects/OSOM_Cosine -IMaster -ICompilers -D'HEADER_DIR="/home/dave/projects/OSOM_Cosine"'  ROMS/Utility/mp_exchange.F > /home/dave/projects/OSOM_Cosine/Build/mp_exchange.f90
ROMS/Bin/cpp_clean /home/dave/projects/OSOM_Cosine/Build/mp_exchange.f90
cd /home/dave/projects/OSOM_Cosine/Build; /opt/openmpi/bin/mpif90 -c -frepack-arrays -O3 -ffast-math mp_exchange.f90
/usr/bin/cpp -P -traditional -DMPI -DLINUX -DX86_64 -DGFORTRAN -D'ROOT_DIR="/home/dave/ROMS/trunk"' -DEPSCOR_UMAINE15 -D'HEADER="epscor_umaine15.h"' -D'ROMS_HEADER="/home/dave/projects/OSOM_Cosine/epscor_umaine15.h"' -DNestedGrids= -D'ANALYTICAL_DIR="/home/dave/ROMS/trunk/ROMS/Functionals"' -D'SVN_REV=""' -IROMS/Include -IROMS/Nonlinear -IROMS/Nonlinear/Biology -IROMS/Nonlinear/Sediment -IROMS/Utility -IROMS/Drivers -IROMS/Functionals -I/home/dave/projects/OSOM_Cosine -IMaster -ICompilers -D'HEADER_DIR="/home/dave/projects/OSOM_Cosine"'  ROMS/Utility/nf_fread2d.F > /home/dave/projects/OSOM_Cosine/Build/nf_fread2d.f90
ROMS/Bin/cpp_clean /home/dave/projects/OSOM_Cosine/Build/nf_fread2d.f90
cd /home/dave/projects/OSOM_Cosine/Build; /opt/openmpi/bin/mpif90 -c -frepack-arrays -O3 -ffast-math nf_fread2d.f90
cd /home/dave/projects/OSOM_Cosine/Build; /opt/openmpi/bin/mpif90 -c -frepack-arrays -O3 -ffast-math get_wetdry.f90
/usr/bin/cpp -P -traditional -DMPI -DLINUX -DX86_64 -DGFORTRAN -D'ROOT_DIR="/home/dave/ROMS/trunk"' -DEPSCOR_UMAINE15 -D'HEADER="epscor_umaine15.h"' -D'ROMS_HEADER="/home/dave/projects/OSOM_Cosine/epscor_umaine15.h"' -DNestedGrids= -D'ANALYTICAL_DIR="/home/dave/ROMS/trunk/ROMS/Functionals"' -D'SVN_REV=""' -IROMS/Include -IROMS/Nonlinear -IROMS/Nonlinear/Biology -IROMS/Nonlinear/Sediment -IROMS/Utility -IROMS/Drivers -IROMS/Functionals -I/home/dave/projects/OSOM_Cosine -IMaster -ICompilers -D'HEADER_DIR="/home/dave/projects/OSOM_Cosine"'  ROMS/Utility/abort.F > /home/dave/projects/OSOM_Cosine/Build/abort.f90
ROMS/Bin/cpp_clean /home/dave/projects/OSOM_Cosine/Build/abort.f90
/usr/bin/cpp -P -traditional -DMPI -DLINUX -DX86_64 -DGFORTRAN -D'ROOT_DIR="/home/dave/ROMS/trunk"' -DEPSCOR_UMAINE15 -D'HEADER="epscor_umaine15.h"' -D'ROMS_HEADER="/home/dave/projects/OSOM_Cosine/epscor_umaine15.h"' -DNestedGrids= -D'ANALYTICAL_DIR="/home/dave/ROMS/trunk/ROMS/Functionals"' -D'SVN_REV=""' -IROMS/Include -IROMS/Nonlinear -IROMS/Nonlinear/Biology -IROMS/Nonlinear/Sediment -IROMS/Utility -IROMS/Drivers -IROMS/Functionals -I/home/dave/projects/OSOM_Cosine -IMaster -ICompilers -D'HEADER_DIR="/home/dave/projects/OSOM_Cosine"'  Master/ocean_control.F > /home/dave/projects/OSOM_Cosine/Build/ocean_control.f90
ROMS/Bin/cpp_clean /home/dave/projects/OSOM_Cosine/Build/ocean_control.f90
/usr/bin/cpp -P -traditional -DMPI -DLINUX -DX86_64 -DGFORTRAN -D'ROOT_DIR="/home/dave/ROMS/trunk"' -DEPSCOR_UMAINE15 -D'HEADER="epscor_umaine15.h"' -D'ROMS_HEADER="/home/dave/projects/OSOM_Cosine/epscor_umaine15.h"' -DNestedGrids= -D'ANALYTICAL_DIR="/home/dave/ROMS/trunk/ROMS/Functionals"' -D'SVN_REV=""' -IROMS/Include -IROMS/Nonlinear -IROMS/Nonlinear/Biology -IROMS/Nonlinear/Sediment -IROMS/Utility -IROMS/Drivers -IROMS/Functionals -I/home/dave/projects/OSOM_Cosine -IMaster -ICompilers -D'HEADER_DIR="/home/dave/projects/OSOM_Cosine"'  ROMS/Functionals/analytical.F > /home/dave/projects/OSOM_Cosine/Build/analytical.f90
ROMS/Bin/cpp_clean /home/dave/projects/OSOM_Cosine/Build/analytical.f90
/usr/bin/cpp -P -traditional -DMPI -DLINUX -DX86_64 -DGFORTRAN -D'ROOT_DIR="/home/dave/ROMS/trunk"' -DEPSCOR_UMAINE15 -D'HEADER="epscor_umaine15.h"' -D'ROMS_HEADER="/home/dave/projects/OSOM_Cosine/epscor_umaine15.h"' -DNestedGrids= -D'ANALYTICAL_DIR="/home/dave/ROMS/trunk/ROMS/Functionals"' -D'SVN_REV=""' -IROMS/Include -IROMS/Nonlinear -IROMS/Nonlinear/Biology -IROMS/Nonlinear/Sediment -IROMS/Utility -IROMS/Drivers -IROMS/Functionals -I/home/dave/projects/OSOM_Cosine -IMaster -ICompilers -D'HEADER_DIR="/home/dave/projects/OSOM_Cosine"'  ROMS/Utility/erf.F > /home/dave/projects/OSOM_Cosine/Build/erf.f90
ROMS/Bin/cpp_clean /home/dave/projects/OSOM_Cosine/Build/erf.f90
cd /home/dave/projects/OSOM_Cosine/Build; /opt/openmpi/bin/mpif90 -c -frepack-arrays -O3 -ffast-math -ffree-form -ffree-line-length-none erf.f90
/usr/bin/cpp -P -traditional -DMPI -DLINUX -DX86_64 -DGFORTRAN -D'ROOT_DIR="/home/dave/ROMS/trunk"' -DEPSCOR_UMAINE15 -D'HEADER="epscor_umaine15.h"' -D'ROMS_HEADER="/home/dave/projects/OSOM_Cosine/epscor_umaine15.h"' -DNestedGrids= -D'ANALYTICAL_DIR="/home/dave/ROMS/trunk/ROMS/Functionals"' -D'SVN_REV=""' -IROMS/Include -IROMS/Nonlinear -IROMS/Nonlinear/Biology -IROMS/Nonlinear/Sediment -IROMS/Utility -IROMS/Drivers -IROMS/Functionals -I/home/dave/projects/OSOM_Cosine -IMaster -ICompilers -D'HEADER_DIR="/home/dave/projects/OSOM_Cosine"'  ROMS/Nonlinear/exchange_3d.F > /home/dave/projects/OSOM_Cosine/Build/exchange_3d.f90
ROMS/Bin/cpp_clean /home/dave/projects/OSOM_Cosine/Build/exchange_3d.f90
cd /home/dave/projects/OSOM_Cosine/Build; /opt/openmpi/bin/mpif90 -c -frepack-arrays -O3 -ffast-math -ffree-form -ffree-line-length-none exchange_3d.f90
/usr/bin/cpp -P -traditional -DMPI -DLINUX -DX86_64 -DGFORTRAN -D'ROOT_DIR="/home/dave/ROMS/trunk"' -DEPSCOR_UMAINE15 -D'HEADER="epscor_umaine15.h"' -D'ROMS_HEADER="/home/dave/projects/OSOM_Cosine/epscor_umaine15.h"' -DNestedGrids= -D'ANALYTICAL_DIR="/home/dave/ROMS/trunk/ROMS/Functionals"' -D'SVN_REV=""' -IROMS/Include -IROMS/Nonlinear -IROMS/Nonlinear/Biology -IROMS/Nonlinear/Sediment -IROMS/Utility -IROMS/Drivers -IROMS/Functionals -I/home/dave/projects/OSOM_Cosine -IMaster -ICompilers -D'HEADER_DIR="/home/dave/projects/OSOM_Cosine"'  ROMS/Modules/mod_boundary.F > /home/dave/projects/OSOM_Cosine/Build/mod_boundary.f90
ROMS/Bin/cpp_clean /home/dave/projects/OSOM_Cosine/Build/mod_boundary.f90
cd /home/dave/projects/OSOM_Cosine/Build; /opt/openmpi/bin/mpif90 -c -frepack-arrays -O3 -ffast-math -ffree-form -ffree-line-length-none mod_boundary.f90
/usr/bin/cpp -P -traditional -DMPI -DLINUX -DX86_64 -DGFORTRAN -D'ROOT_DIR="/home/dave/ROMS/trunk"' -DEPSCOR_UMAINE15 -D'HEADER="epscor_umaine15.h"' -D'ROMS_HEADER="/home/dave/projects/OSOM_Cosine/epscor_umaine15.h"' -DNestedGrids= -D'ANALYTICAL_DIR="/home/dave/ROMS/trunk/ROMS/Functionals"' -D'SVN_REV=""' -IROMS/Include -IROMS/Nonlinear -IROMS/Nonlinear/Biology -IROMS/Nonlinear/Sediment -IROMS/Utility -IROMS/Drivers -IROMS/Functionals -I/home/dave/projects/OSOM_Cosine -IMaster -ICompilers -D'HEADER_DIR="/home/dave/projects/OSOM_Cosine"'  ROMS/Modules/mod_clima.F > /home/dave/projects/OSOM_Cosine/Build/mod_clima.f90
ROMS/Bin/cpp_clean /home/dave/projects/OSOM_Cosine/Build/mod_clima.f90
cd /home/dave/projects/OSOM_Cosine/Build; /opt/openmpi/bin/mpif90 -c -frepack-arrays -O3 -ffast-math -ffree-form -ffree-line-length-none mod_clima.f90
/usr/bin/cpp -P -traditional -DMPI -DLINUX -DX86_64 -DGFORTRAN -D'ROOT_DIR="/home/dave/ROMS/trunk"' -DEPSCOR_UMAINE15 -D'HEADER="epscor_umaine15.h"' -D'ROMS_HEADER="/home/dave/projects/OSOM_Cosine/epscor_umaine15.h"' -DNestedGrids= -D'ANALYTICAL_DIR="/home/dave/ROMS/trunk/ROMS/Functionals"' -D'SVN_REV=""' -IROMS/Include -IROMS/Nonlinear -IROMS/Nonlinear/Biology -IROMS/Nonlinear/Sediment -IROMS/Utility -IROMS/Drivers -IROMS/Functionals -I/home/dave/projects/OSOM_Cosine -IMaster -ICompilers -D'HEADER_DIR="/home/dave/projects/OSOM_Cosine"'  ROMS/Modules/mod_eclight.F > /home/dave/projects/OSOM_Cosine/Build/mod_eclight.f90
ROMS/Bin/cpp_clean /home/dave/projects/OSOM_Cosine/Build/mod_eclight.f90
cd /home/dave/projects/OSOM_Cosine/Build; /opt/openmpi/bin/mpif90 -c -frepack-arrays -O3 -ffast-math -ffree-form -ffree-line-length-none mod_eclight.f90
/usr/bin/cpp -P -traditional -DMPI -DLINUX -DX86_64 -DGFORTRAN -D'ROOT_DIR="/home/dave/ROMS/trunk"' -DEPSCOR_UMAINE15 -D'HEADER="epscor_umaine15.h"' -D'ROMS_HEADER="/home/dave/projects/OSOM_Cosine/epscor_umaine15.h"' -DNestedGrids= -D'ANALYTICAL_DIR="/home/dave/ROMS/trunk/ROMS/Functionals"' -D'SVN_REV=""' -IROMS/Include -IROMS/Nonlinear -IROMS/Nonlinear/Biology -IROMS/Nonlinear/Sediment -IROMS/Utility -IROMS/Drivers -IROMS/Functionals -I/home/dave/projects/OSOM_Cosine -IMaster -ICompilers -D'HEADER_DIR="/home/dave/projects/OSOM_Cosine"'  ROMS/Modules/mod_forces.F > /home/dave/projects/OSOM_Cosine/Build/mod_forces.f90
ROMS/Bin/cpp_clean /home/dave/projects/OSOM_Cosine/Build/mod_forces.f90
cd /home/dave/projects/OSOM_Cosine/Build; /opt/openmpi/bin/mpif90 -c -frepack-arrays -O3 -ffast-math -ffree-form -ffree-line-length-none mod_forces.f90
/usr/bin/cpp -P -traditional -DMPI -DLINUX -DX86_64 -DGFORTRAN -D'ROOT_DIR="/home/dave/ROMS/trunk"' -DEPSCOR_UMAINE15 -D'HEADER="epscor_umaine15.h"' -D'ROMS_HEADER="/home/dave/projects/OSOM_Cosine/epscor_umaine15.h"' -DNestedGrids= -D'ANALYTICAL_DIR="/home/dave/ROMS/trunk/ROMS/Functionals"' -D'SVN_REV=""' -IROMS/Include -IROMS/Nonlinear -IROMS/Nonlinear/Biology -IROMS/Nonlinear/Sediment -IROMS/Utility -IROMS/Drivers -IROMS/Functionals -I/home/dave/projects/OSOM_Cosine -IMaster -ICompilers -D'HEADER_DIR="/home/dave/projects/OSOM_Cosine"'  ROMS/Modules/mod_mixing.F > /home/dave/projects/OSOM_Cosine/Build/mod_mixing.f90
ROMS/Bin/cpp_clean /home/dave/projects/OSOM_Cosine/Build/mod_mixing.f90
cd /home/dave/projects/OSOM_Cosine/Build; /opt/openmpi/bin/mpif90 -c -frepack-arrays -O3 -ffast-math -ffree-form -ffree-line-length-none mod_mixing.f90
/usr/bin/cpp -P -traditional -DMPI -DLINUX -DX86_64 -DGFORTRAN -D'ROOT_DIR="/home/dave/ROMS/trunk"' -DEPSCOR_UMAINE15 -D'HEADER="epscor_umaine15.h"' -D'ROMS_HEADER="/home/dave/projects/OSOM_Cosine/epscor_umaine15.h"' -DNestedGrids= -D'ANALYTICAL_DIR="/home/dave/ROMS/trunk/ROMS/Functionals"' -D'SVN_REV=""' -IROMS/Include -IROMS/Nonlinear -IROMS/Nonlinear/Biology -IROMS/Nonlinear/Sediment -IROMS/Utility -IROMS/Drivers -IROMS/Functionals -I/home/dave/projects/OSOM_Cosine -IMaster -ICompilers -D'HEADER_DIR="/home/dave/projects/OSOM_Cosine"'  ROMS/Modules/mod_ocean.F > /home/dave/projects/OSOM_Cosine/Build/mod_ocean.f90
ROMS/Bin/cpp_clean /home/dave/projects/OSOM_Cosine/Build/mod_ocean.f90
cd /home/dave/projects/OSOM_Cosine/Build; /opt/openmpi/bin/mpif90 -c -frepack-arrays -O3 -ffast-math -ffree-form -ffree-line-length-none mod_ocean.f90
/usr/bin/cpp -P -traditional -DMPI -DLINUX -DX86_64 -DGFORTRAN -D'ROOT_DIR="/home/dave/ROMS/trunk"' -DEPSCOR_UMAINE15 -D'HEADER="epscor_umaine15.h"' -D'ROMS_HEADER="/home/dave/projects/OSOM_Cosine/epscor_umaine15.h"' -DNestedGrids= -D'ANALYTICAL_DIR="/home/dave/ROMS/trunk/ROMS/Functionals"' -D'SVN_REV=""' -IROMS/Include -IROMS/Nonlinear -IROMS/Nonlinear/Biology -IROMS/Nonlinear/Sediment -IROMS/Utility -IROMS/Drivers -IROMS/Functionals -I/home/dave/projects/OSOM_Cosine -IMaster -ICompilers -D'HEADER_DIR="/home/dave/projects/OSOM_Cosine"'  ROMS/Modules/mod_sedbed.F > /home/dave/projects/OSOM_Cosine/Build/mod_sedbed.f90
ROMS/Bin/cpp_clean /home/dave/projects/OSOM_Cosine/Build/mod_sedbed.f90
cd /home/dave/projects/OSOM_Cosine/Build; /opt/openmpi/bin/mpif90 -c -frepack-arrays -O3 -ffast-math -ffree-form -ffree-line-length-none mod_sedbed.f90
/usr/bin/cpp -P -traditional -DMPI -DLINUX -DX86_64 -DGFORTRAN -D'ROOT_DIR="/home/dave/ROMS/trunk"' -DEPSCOR_UMAINE15 -D'HEADER="epscor_umaine15.h"' -D'ROMS_HEADER="/home/dave/projects/OSOM_Cosine/epscor_umaine15.h"' -DNestedGrids= -D'ANALYTICAL_DIR="/home/dave/ROMS/trunk/ROMS/Functionals"' -D'SVN_REV=""' -IROMS/Include -IROMS/Nonlinear -IROMS/Nonlinear/Biology -IROMS/Nonlinear/Sediment -IROMS/Utility -IROMS/Drivers -IROMS/Functionals -I/home/dave/projects/OSOM_Cosine -IMaster -ICompilers -D'HEADER_DIR="/home/dave/projects/OSOM_Cosine"'  ROMS/Modules/mod_sources.F > /home/dave/projects/OSOM_Cosine/Build/mod_sources.f90
ROMS/Bin/cpp_clean /home/dave/projects/OSOM_Cosine/Build/mod_sources.f90
cd /home/dave/projects/OSOM_Cosine/Build; /opt/openmpi/bin/mpif90 -c -frepack-arrays -O3 -ffast-math -ffree-form -ffree-line-length-none mod_sources.f90
/usr/bin/cpp -P -traditional -DMPI -DLINUX -DX86_64 -DGFORTRAN -D'ROOT_DIR="/home/dave/ROMS/trunk"' -DEPSCOR_UMAINE15 -D'HEADER="epscor_umaine15.h"' -D'ROMS_HEADER="/home/dave/projects/OSOM_Cosine/epscor_umaine15.h"' -DNestedGrids= -D'ANALYTICAL_DIR="/home/dave/ROMS/trunk/ROMS/Functionals"' -D'SVN_REV=""' -IROMS/Include -IROMS/Nonlinear -IROMS/Nonlinear/Biology -IROMS/Nonlinear/Sediment -IROMS/Utility -IROMS/Drivers -IROMS/Functionals -I/home/dave/projects/OSOM_Cosine -IMaster -ICompilers -D'HEADER_DIR="/home/dave/projects/OSOM_Cosine"'  ROMS/Modules/mod_stepping.F > /home/dave/projects/OSOM_Cosine/Build/mod_stepping.f90
ROMS/Bin/cpp_clean /home/dave/projects/OSOM_Cosine/Build/mod_stepping.f90
cd /home/dave/projects/OSOM_Cosine/Build; /opt/openmpi/bin/mpif90 -c -frepack-arrays -O3 -ffast-math -ffree-form -ffree-line-length-none mod_stepping.f90
cd /home/dave/projects/OSOM_Cosine/Build; /opt/openmpi/bin/mpif90 -c -frepack-arrays -O3 -ffast-math -ffree-form -ffree-line-length-none analytical.f90
/usr/bin/cpp -P -traditional -DMPI -DLINUX -DX86_64 -DGFORTRAN -D'ROOT_DIR="/home/dave/ROMS/trunk"' -DEPSCOR_UMAINE15 -D'HEADER="epscor_umaine15.h"' -D'ROMS_HEADER="/home/dave/projects/OSOM_Cosine/epscor_umaine15.h"' -DNestedGrids= -D'ANALYTICAL_DIR="/home/dave/ROMS/trunk/ROMS/Functionals"' -D'SVN_REV=""' -IROMS/Include -IROMS/Nonlinear -IROMS/Nonlinear/Biology -IROMS/Nonlinear/Sediment -IROMS/Utility -IROMS/Drivers -IROMS/Functionals -I/home/dave/projects/OSOM_Cosine -IMaster -ICompilers -D'HEADER_DIR="/home/dave/projects/OSOM_Cosine"'  ROMS/Utility/array_modes.F > /home/dave/projects/OSOM_Cosine/Build/array_modes.f90
ROMS/Bin/cpp_clean /home/dave/projects/OSOM_Cosine/Build/array_modes.f90
/usr/bin/cpp -P -traditional -DMPI -DLINUX -DX86_64 -DGFORTRAN -D'ROOT_DIR="/home/dave/ROMS/trunk"' -DEPSCOR_UMAINE15 -D'HEADER="epscor_umaine15.h"' -D'ROMS_HEADER="/home/dave/projects/OSOM_Cosine/epscor_umaine15.h"' -DNestedGrids= -D'ANALYTICAL_DIR="/home/dave/ROMS/trunk/ROMS/Functionals"' -D'SVN_REV=""' -IROMS/Include -IROMS/Nonlinear -IROMS/Nonlinear/Biology -IROMS/Nonlinear/Sediment -IROMS/Utility -IROMS/Drivers -IROMS/Functionals -I/home/dave/projects/OSOM_Cosine -IMaster -ICompilers -D'HEADER_DIR="/home/dave/projects/OSOM_Cosine"'  ROMS/Modules/mod_fourdvar.F > /home/dave/projects/OSOM_Cosine/Build/mod_fourdvar.f90
ROMS/Bin/cpp_clean /home/dave/projects/OSOM_Cosine/Build/mod_fourdvar.f90
cd /home/dave/projects/OSOM_Cosine/Build; /opt/openmpi/bin/mpif90 -c -frepack-arrays -O3 -ffast-math mod_fourdvar.f90
cd /home/dave/projects/OSOM_Cosine/Build; /opt/openmpi/bin/mpif90 -c -frepack-arrays -O3 -ffast-math array_modes.f90
/usr/bin/cpp -P -traditional -DMPI -DLINUX -DX86_64 -DGFORTRAN -D'ROOT_DIR="/home/dave/ROMS/trunk"' -DEPSCOR_UMAINE15 -D'HEADER="epscor_umaine15.h"' -D'ROMS_HEADER="/home/dave/projects/OSOM_Cosine/epscor_umaine15.h"' -DNestedGrids= -D'ANALYTICAL_DIR="/home/dave/ROMS/trunk/ROMS/Functionals"' -D'SVN_REV=""' -IROMS/Include -IROMS/Nonlinear -IROMS/Nonlinear/Biology -IROMS/Nonlinear/Sediment -IROMS/Utility -IROMS/Drivers -IROMS/Functionals -I/home/dave/projects/OSOM_Cosine -IMaster -ICompilers -D'HEADER_DIR="/home/dave/projects/OSOM_Cosine"'  ROMS/Utility/back_cost.F > /home/dave/projects/OSOM_Cosine/Build/back_cost.f90
ROMS/Bin/cpp_clean /home/dave/projects/OSOM_Cosine/Build/back_cost.f90
cd /home/dave/projects/OSOM_Cosine/Build; /opt/openmpi/bin/mpif90 -c -frepack-arrays -O3 -ffast-math back_cost.f90
/usr/bin/cpp -P -traditional -DMPI -DLINUX -DX86_64 -DGFORTRAN -D'ROOT_DIR="/home/dave/ROMS/trunk"' -DEPSCOR_UMAINE15 -D'HEADER="epscor_umaine15.h"' -D'ROMS_HEADER="/home/dave/projects/OSOM_Cosine/epscor_umaine15.h"' -DNestedGrids= -D'ANALYTICAL_DIR="/home/dave/ROMS/trunk/ROMS/Functionals"' -D'SVN_REV=""' -IROMS/Include -IROMS/Nonlinear -IROMS/Nonlinear/Biology -IROMS/Nonlinear/Sediment -IROMS/Utility -IROMS/Drivers -IROMS/Functionals -I/home/dave/projects/OSOM_Cosine -IMaster -ICompilers -D'HEADER_DIR="/home/dave/projects/OSOM_Cosine"'  ROMS/Utility/cgradient.F > /home/dave/projects/OSOM_Cosine/Build/cgradient.f90
ROMS/Bin/cpp_clean /home/dave/projects/OSOM_Cosine/Build/cgradient.f90
/usr/bin/cpp -P -traditional -DMPI -DLINUX -DX86_64 -DGFORTRAN -D'ROOT_DIR="/home/dave/ROMS/trunk"' -DEPSCOR_UMAINE15 -D'HEADER="epscor_umaine15.h"' -D'ROMS_HEADER="/home/dave/projects/OSOM_Cosine/epscor_umaine15.h"' -DNestedGrids= -D'ANALYTICAL_DIR="/home/dave/ROMS/trunk/ROMS/Functionals"' -D'SVN_REV=""' -IROMS/Include -IROMS/Nonlinear -IROMS/Nonlinear/Biology -IROMS/Nonlinear/Sediment -IROMS/Utility -IROMS/Drivers -IROMS/Functionals -I/home/dave/projects/OSOM_Cosine -IMaster -ICompilers -D'HEADER_DIR="/home/dave/projects/OSOM_Cosine"'  ROMS/Modules/mod_coupling.F > /home/dave/projects/OSOM_Cosine/Build/mod_coupling.f90
ROMS/Bin/cpp_clean /home/dave/projects/OSOM_Cosine/Build/mod_coupling.f90
cd /home/dave/projects/OSOM_Cosine/Build; /opt/openmpi/bin/mpif90 -c -frepack-arrays -O3 -ffast-math mod_coupling.f90
/usr/bin/cpp -P -traditional -DMPI -DLINUX -DX86_64 -DGFORTRAN -D'ROOT_DIR="/home/dave/ROMS/trunk"' -DEPSCOR_UMAINE15 -D'HEADER="epscor_umaine15.h"' -D'ROMS_HEADER="/home/dave/projects/OSOM_Cosine/epscor_umaine15.h"' -DNestedGrids= -D'ANALYTICAL_DIR="/home/dave/ROMS/trunk/ROMS/Functionals"' -D'SVN_REV=""' -IROMS/Include -IROMS/Nonlinear -IROMS/Nonlinear/Biology -IROMS/Nonlinear/Sediment -IROMS/Utility -IROMS/Drivers -IROMS/Functionals -I/home/dave/projects/OSOM_Cosine -IMaster -ICompilers -D'HEADER_DIR="/home/dave/projects/OSOM_Cosine"'  ROMS/Utility/nf_fread2d_bry.F > /home/dave/projects/OSOM_Cosine/Build/nf_fread2d_bry.f90
ROMS/Bin/cpp_clean /home/dave/projects/OSOM_Cosine/Build/nf_fread2d_bry.f90
cd /home/dave/projects/OSOM_Cosine/Build; /opt/openmpi/bin/mpif90 -c -frepack-arrays -O3 -ffast-math nf_fread2d_bry.f90
/usr/bin/cpp -P -traditional -DMPI -DLINUX -DX86_64 -DGFORTRAN -D'ROOT_DIR="/home/dave/ROMS/trunk"' -DEPSCOR_UMAINE15 -D'HEADER="epscor_umaine15.h"' -D'ROMS_HEADER="/home/dave/projects/OSOM_Cosine/epscor_umaine15.h"' -DNestedGrids= -D'ANALYTICAL_DIR="/home/dave/ROMS/trunk/ROMS/Functionals"' -D'SVN_REV=""' -IROMS/Include -IROMS/Nonlinear -IROMS/Nonlinear/Biology -IROMS/Nonlinear/Sediment -IROMS/Utility -IROMS/Drivers -IROMS/Functionals -I/home/dave/projects/OSOM_Cosine -IMaster -ICompilers -D'HEADER_DIR="/home/dave/projects/OSOM_Cosine"'  ROMS/Utility/nf_fread3d.F > /home/dave/projects/OSOM_Cosine/Build/nf_fread3d.f90
ROMS/Bin/cpp_clean /home/dave/projects/OSOM_Cosine/Build/nf_fread3d.f90
cd /home/dave/projects/OSOM_Cosine/Build; /opt/openmpi/bin/mpif90 -c -frepack-arrays -O3 -ffast-math nf_fread3d.f90
/usr/bin/cpp -P -traditional -DMPI -DLINUX -DX86_64 -DGFORTRAN -D'ROOT_DIR="/home/dave/ROMS/trunk"' -DEPSCOR_UMAINE15 -D'HEADER="epscor_umaine15.h"' -D'ROMS_HEADER="/home/dave/projects/OSOM_Cosine/epscor_umaine15.h"' -DNestedGrids= -D'ANALYTICAL_DIR="/home/dave/ROMS/trunk/ROMS/Functionals"' -D'SVN_REV=""' -IROMS/Include -IROMS/Nonlinear -IROMS/Nonlinear/Biology -IROMS/Nonlinear/Sediment -IROMS/Utility -IROMS/Drivers -IROMS/Functionals -I/home/dave/projects/OSOM_Cosine -IMaster -ICompilers -D'HEADER_DIR="/home/dave/projects/OSOM_Cosine"'  ROMS/Utility/nf_fread3d_bry.F > /home/dave/projects/OSOM_Cosine/Build/nf_fread3d_bry.f90
ROMS/Bin/cpp_clean /home/dave/projects/OSOM_Cosine/Build/nf_fread3d_bry.f90
cd /home/dave/projects/OSOM_Cosine/Build; /opt/openmpi/bin/mpif90 -c -frepack-arrays -O3 -ffast-math nf_fread3d_bry.f90
/usr/bin/cpp -P -traditional -DMPI -DLINUX -DX86_64 -DGFORTRAN -D'ROOT_DIR="/home/dave/ROMS/trunk"' -DEPSCOR_UMAINE15 -D'HEADER="epscor_umaine15.h"' -D'ROMS_HEADER="/home/dave/projects/OSOM_Cosine/epscor_umaine15.h"' -DNestedGrids= -D'ANALYTICAL_DIR="/home/dave/ROMS/trunk/ROMS/Functionals"' -D'SVN_REV=""' -IROMS/Include -IROMS/Nonlinear -IROMS/Nonlinear/Biology -IROMS/Nonlinear/Sediment -IROMS/Utility -IROMS/Drivers -IROMS/Functionals -I/home/dave/projects/OSOM_Cosine -IMaster -ICompilers -D'HEADER_DIR="/home/dave/projects/OSOM_Cosine"'  ROMS/Utility/state_addition.F > /home/dave/projects/OSOM_Cosine/Build/state_addition.f90
ROMS/Bin/cpp_clean /home/dave/projects/OSOM_Cosine/Build/state_addition.f90
cd /home/dave/projects/OSOM_Cosine/Build; /opt/openmpi/bin/mpif90 -c -frepack-arrays -O3 -ffast-math state_addition.f90
/usr/bin/cpp -P -traditional -DMPI -DLINUX -DX86_64 -DGFORTRAN -D'ROOT_DIR="/home/dave/ROMS/trunk"' -DEPSCOR_UMAINE15 -D'HEADER="epscor_umaine15.h"' -D'ROMS_HEADER="/home/dave/projects/OSOM_Cosine/epscor_umaine15.h"' -DNestedGrids= -D'ANALYTICAL_DIR="/home/dave/ROMS/trunk/ROMS/Functionals"' -D'SVN_REV=""' -IROMS/Include -IROMS/Nonlinear -IROMS/Nonlinear/Biology -IROMS/Nonlinear/Sediment -IROMS/Utility -IROMS/Drivers -IROMS/Functionals -I/home/dave/projects/OSOM_Cosine -IMaster -ICompilers -D'HEADER_DIR="/home/dave/projects/OSOM_Cosine"'  ROMS/Utility/state_copy.F > /home/dave/projects/OSOM_Cosine/Build/state_copy.f90
ROMS/Bin/cpp_clean /home/dave/projects/OSOM_Cosine/Build/state_copy.f90
cd /home/dave/projects/OSOM_Cosine/Build; /opt/openmpi/bin/mpif90 -c -frepack-arrays -O3 -ffast-math state_copy.f90
/usr/bin/cpp -P -traditional -DMPI -DLINUX -DX86_64 -DGFORTRAN -D'ROOT_DIR="/home/dave/ROMS/trunk"' -DEPSCOR_UMAINE15 -D'HEADER="epscor_umaine15.h"' -D'ROMS_HEADER="/home/dave/projects/OSOM_Cosine/epscor_umaine15.h"' -DNestedGrids= -D'ANALYTICAL_DIR="/home/dave/ROMS/trunk/ROMS/Functionals"' -D'SVN_REV=""' -IROMS/Include -IROMS/Nonlinear -IROMS/Nonlinear/Biology -IROMS/Nonlinear/Sediment -IROMS/Utility -IROMS/Drivers -IROMS/Functionals -I/home/dave/projects/OSOM_Cosine -IMaster -ICompilers -D'HEADER_DIR="/home/dave/projects/OSOM_Cosine"'  ROMS/Utility/state_dotprod.F > /home/dave/projects/OSOM_Cosine/Build/state_dotprod.f90
ROMS/Bin/cpp_clean /home/dave/projects/OSOM_Cosine/Build/state_dotprod.f90
cd /home/dave/projects/OSOM_Cosine/Build; /opt/openmpi/bin/mpif90 -c -frepack-arrays -O3 -ffast-math state_dotprod.f90
/usr/bin/cpp -P -traditional -DMPI -DLINUX -DX86_64 -DGFORTRAN -D'ROOT_DIR="/home/dave/ROMS/trunk"' -DEPSCOR_UMAINE15 -D'HEADER="epscor_umaine15.h"' -D'ROMS_HEADER="/home/dave/projects/OSOM_Cosine/epscor_umaine15.h"' -DNestedGrids= -D'ANALYTICAL_DIR="/home/dave/ROMS/trunk/ROMS/Functionals"' -D'SVN_REV=""' -IROMS/Include -IROMS/Nonlinear -IROMS/Nonlinear/Biology -IROMS/Nonlinear/Sediment -IROMS/Utility -IROMS/Drivers -IROMS/Functionals -I/home/dave/projects/OSOM_Cosine -IMaster -ICompilers -D'HEADER_DIR="/home/dave/projects/OSOM_Cosine"'  ROMS/Utility/state_initialize.F > /home/dave/projects/OSOM_Cosine/Build/state_initialize.f90
ROMS/Bin/cpp_clean /home/dave/projects/OSOM_Cosine/Build/state_initialize.f90
cd /home/dave/projects/OSOM_Cosine/Build; /opt/openmpi/bin/mpif90 -c -frepack-arrays -O3 -ffast-math state_initialize.f90
/usr/bin/cpp -P -traditional -DMPI -DLINUX -DX86_64 -DGFORTRAN -D'ROOT_DIR="/home/dave/ROMS/trunk"' -DEPSCOR_UMAINE15 -D'HEADER="epscor_umaine15.h"' -D'ROMS_HEADER="/home/dave/projects/OSOM_Cosine/epscor_umaine15.h"' -DNestedGrids= -D'ANALYTICAL_DIR="/home/dave/ROMS/trunk/ROMS/Functionals"' -D'SVN_REV=""' -IROMS/Include -IROMS/Nonlinear -IROMS/Nonlinear/Biology -IROMS/Nonlinear/Sediment -IROMS/Utility -IROMS/Drivers -IROMS/Functionals -I/home/dave/projects/OSOM_Cosine -IMaster -ICompilers -D'HEADER_DIR="/home/dave/projects/OSOM_Cosine"'  ROMS/Utility/state_scale.F > /home/dave/projects/OSOM_Cosine/Build/state_scale.f90
ROMS/Bin/cpp_clean /home/dave/projects/OSOM_Cosine/Build/state_scale.f90
cd /home/dave/projects/OSOM_Cosine/Build; /opt/openmpi/bin/mpif90 -c -frepack-arrays -O3 -ffast-math state_scale.f90
cd /home/dave/projects/OSOM_Cosine/Build; /opt/openmpi/bin/mpif90 -c -frepack-arrays -O3 -ffast-math cgradient.f90
/usr/bin/cpp -P -traditional -DMPI -DLINUX -DX86_64 -DGFORTRAN -D'ROOT_DIR="/home/dave/ROMS/trunk"' -DEPSCOR_UMAINE15 -D'HEADER="epscor_umaine15.h"' -D'ROMS_HEADER="/home/dave/projects/OSOM_Cosine/epscor_umaine15.h"' -DNestedGrids= -D'ANALYTICAL_DIR="/home/dave/ROMS/trunk/ROMS/Functionals"' -D'SVN_REV=""' -IROMS/Include -IROMS/Nonlinear -IROMS/Nonlinear/Biology -IROMS/Nonlinear/Sediment -IROMS/Utility -IROMS/Drivers -IROMS/Functionals -I/home/dave/projects/OSOM_Cosine -IMaster -ICompilers -D'HEADER_DIR="/home/dave/projects/OSOM_Cosine"'  ROMS/Utility/convolve.F > /home/dave/projects/OSOM_Cosine/Build/convolve.f90
ROMS/Bin/cpp_clean /home/dave/projects/OSOM_Cosine/Build/convolve.f90
/usr/bin/cpp -P -traditional -DMPI -DLINUX -DX86_64 -DGFORTRAN -D'ROOT_DIR="/home/dave/ROMS/trunk"' -DEPSCOR_UMAINE15 -D'HEADER="epscor_umaine15.h"' -D'ROMS_HEADER="/home/dave/projects/OSOM_Cosine/epscor_umaine15.h"' -DNestedGrids= -D'ANALYTICAL_DIR="/home/dave/ROMS/trunk/ROMS/Functionals"' -D'SVN_REV=""' -IROMS/Include -IROMS/Nonlinear -IROMS/Nonlinear/Biology -IROMS/Nonlinear/Sediment -IROMS/Utility -IROMS/Drivers -IROMS/Functionals -I/home/dave/projects/OSOM_Cosine -IMaster -ICompilers -D'HEADER_DIR="/home/dave/projects/OSOM_Cosine"'  ROMS/Utility/ini_adjust.F > /home/dave/projects/OSOM_Cosine/Build/ini_adjust.f90
ROMS/Bin/cpp_clean /home/dave/projects/OSOM_Cosine/Build/ini_adjust.f90
/usr/bin/cpp -P -traditional -DMPI -DLINUX -DX86_64 -DGFORTRAN -D'ROOT_DIR="/home/dave/ROMS/trunk"' -DEPSCOR_UMAINE15 -D'HEADER="epscor_umaine15.h"' -D'ROMS_HEADER="/home/dave/projects/OSOM_Cosine/epscor_umaine15.h"' -DNestedGrids= -D'ANALYTICAL_DIR="/home/dave/ROMS/trunk/ROMS/Functionals"' -D'SVN_REV=""' -IROMS/Include -IROMS/Nonlinear -IROMS/Nonlinear/Biology -IROMS/Nonlinear/Sediment -IROMS/Utility -IROMS/Drivers -IROMS/Functionals -I/home/dave/projects/OSOM_Cosine -IMaster -ICompilers -D'HEADER_DIR="/home/dave/projects/OSOM_Cosine"'  ROMS/Nonlinear/set_depth.F > /home/dave/projects/OSOM_Cosine/Build/set_depth.f90
ROMS/Bin/cpp_clean /home/dave/projects/OSOM_Cosine/Build/set_depth.f90
cd /home/dave/projects/OSOM_Cosine/Build; /opt/openmpi/bin/mpif90 -c -frepack-arrays -O3 -ffast-math set_depth.f90
/usr/bin/cpp -P -traditional -DMPI -DLINUX -DX86_64 -DGFORTRAN -D'ROOT_DIR="/home/dave/ROMS/trunk"' -DEPSCOR_UMAINE15 -D'HEADER="epscor_umaine15.h"' -D'ROMS_HEADER="/home/dave/projects/OSOM_Cosine/epscor_umaine15.h"' -DNestedGrids= -D'ANALYTICAL_DIR="/home/dave/ROMS/trunk/ROMS/Functionals"' -D'SVN_REV=""' -IROMS/Include -IROMS/Nonlinear -IROMS/Nonlinear/Biology -IROMS/Nonlinear/Sediment -IROMS/Utility -IROMS/Drivers -IROMS/Functionals -I/home/dave/projects/OSOM_Cosine -IMaster -ICompilers -D'HEADER_DIR="/home/dave/projects/OSOM_Cosine"'  ROMS/Nonlinear/t3dbc_im.F > /home/dave/projects/OSOM_Cosine/Build/t3dbc_im.f90
ROMS/Bin/cpp_clean /home/dave/projects/OSOM_Cosine/Build/t3dbc_im.f90
cd /home/dave/projects/OSOM_Cosine/Build; /opt/openmpi/bin/mpif90 -c -frepack-arrays -O3 -ffast-math t3dbc_im.f90
/usr/bin/cpp -P -traditional -DMPI -DLINUX -DX86_64 -DGFORTRAN -D'ROOT_DIR="/home/dave/ROMS/trunk"' -DEPSCOR_UMAINE15 -D'HEADER="epscor_umaine15.h"' -D'ROMS_HEADER="/home/dave/projects/OSOM_Cosine/epscor_umaine15.h"' -DNestedGrids= -D'ANALYTICAL_DIR="/home/dave/ROMS/trunk/ROMS/Functionals"' -D'SVN_REV=""' -IROMS/Include -IROMS/Nonlinear -IROMS/Nonlinear/Biology -IROMS/Nonlinear/Sediment -IROMS/Utility -IROMS/Drivers -IROMS/Functionals -I/home/dave/projects/OSOM_Cosine -IMaster -ICompilers -D'HEADER_DIR="/home/dave/projects/OSOM_Cosine"'  ROMS/Nonlinear/u2dbc_im.F > /home/dave/projects/OSOM_Cosine/Build/u2dbc_im.f90
ROMS/Bin/cpp_clean /home/dave/projects/OSOM_Cosine/Build/u2dbc_im.f90
/usr/bin/cpp -P -traditional -DMPI -DLINUX -DX86_64 -DGFORTRAN -D'ROOT_DIR="/home/dave/ROMS/trunk"' -DEPSCOR_UMAINE15 -D'HEADER="epscor_umaine15.h"' -D'ROMS_HEADER="/home/dave/projects/OSOM_Cosine/epscor_umaine15.h"' -DNestedGrids= -D'ANALYTICAL_DIR="/home/dave/ROMS/trunk/ROMS/Functionals"' -D'SVN_REV=""' -IROMS/Include -IROMS/Nonlinear -IROMS/Nonlinear/Biology -IROMS/Nonlinear/Sediment -IROMS/Utility -IROMS/Drivers -IROMS/Functionals -I/home/dave/projects/OSOM_Cosine -IMaster -ICompilers -D'HEADER_DIR="/home/dave/projects/OSOM_Cosine"'  ROMS/Modules/mod_nesting.F > /home/dave/projects/OSOM_Cosine/Build/mod_nesting.f90
ROMS/Bin/cpp_clean /home/dave/projects/OSOM_Cosine/Build/mod_nesting.f90
cd /home/dave/projects/OSOM_Cosine/Build; /opt/openmpi/bin/mpif90 -c -frepack-arrays -O3 -ffast-math mod_nesting.f90
cd /home/dave/projects/OSOM_Cosine/Build; /opt/openmpi/bin/mpif90 -c -frepack-arrays -O3 -ffast-math u2dbc_im.f90
/usr/bin/cpp -P -traditional -DMPI -DLINUX -DX86_64 -DGFORTRAN -D'ROOT_DIR="/home/dave/ROMS/trunk"' -DEPSCOR_UMAINE15 -D'HEADER="epscor_umaine15.h"' -D'ROMS_HEADER="/home/dave/projects/OSOM_Cosine/epscor_umaine15.h"' -DNestedGrids= -D'ANALYTICAL_DIR="/home/dave/ROMS/trunk/ROMS/Functionals"' -D'SVN_REV=""' -IROMS/Include -IROMS/Nonlinear -IROMS/Nonlinear/Biology -IROMS/Nonlinear/Sediment -IROMS/Utility -IROMS/Drivers -IROMS/Functionals -I/home/dave/projects/OSOM_Cosine -IMaster -ICompilers -D'HEADER_DIR="/home/dave/projects/OSOM_Cosine"'  ROMS/Nonlinear/u3dbc_im.F > /home/dave/projects/OSOM_Cosine/Build/u3dbc_im.f90
ROMS/Bin/cpp_clean /home/dave/projects/OSOM_Cosine/Build/u3dbc_im.f90
cd /home/dave/projects/OSOM_Cosine/Build; /opt/openmpi/bin/mpif90 -c -frepack-arrays -O3 -ffast-math u3dbc_im.f90
/usr/bin/cpp -P -traditional -DMPI -DLINUX -DX86_64 -DGFORTRAN -D'ROOT_DIR="/home/dave/ROMS/trunk"' -DEPSCOR_UMAINE15 -D'HEADER="epscor_umaine15.h"' -D'ROMS_HEADER="/home/dave/projects/OSOM_Cosine/epscor_umaine15.h"' -DNestedGrids= -D'ANALYTICAL_DIR="/home/dave/ROMS/trunk/ROMS/Functionals"' -D'SVN_REV=""' -IROMS/Include -IROMS/Nonlinear -IROMS/Nonlinear/Biology -IROMS/Nonlinear/Sediment -IROMS/Utility -IROMS/Drivers -IROMS/Functionals -I/home/dave/projects/OSOM_Cosine -IMaster -ICompilers -D'HEADER_DIR="/home/dave/projects/OSOM_Cosine"'  ROMS/Nonlinear/v2dbc_im.F > /home/dave/projects/OSOM_Cosine/Build/v2dbc_im.f90
ROMS/Bin/cpp_clean /home/dave/projects/OSOM_Cosine/Build/v2dbc_im.f90
cd /home/dave/projects/OSOM_Cosine/Build; /opt/openmpi/bin/mpif90 -c -frepack-arrays -O3 -ffast-math v2dbc_im.f90
/usr/bin/cpp -P -traditional -DMPI -DLINUX -DX86_64 -DGFORTRAN -D'ROOT_DIR="/home/dave/ROMS/trunk"' -DEPSCOR_UMAINE15 -D'HEADER="epscor_umaine15.h"' -D'ROMS_HEADER="/home/dave/projects/OSOM_Cosine/epscor_umaine15.h"' -DNestedGrids= -D'ANALYTICAL_DIR="/home/dave/ROMS/trunk/ROMS/Functionals"' -D'SVN_REV=""' -IROMS/Include -IROMS/Nonlinear -IROMS/Nonlinear/Biology -IROMS/Nonlinear/Sediment -IROMS/Utility -IROMS/Drivers -IROMS/Functionals -I/home/dave/projects/OSOM_Cosine -IMaster -ICompilers -D'HEADER_DIR="/home/dave/projects/OSOM_Cosine"'  ROMS/Nonlinear/v3dbc_im.F > /home/dave/projects/OSOM_Cosine/Build/v3dbc_im.f90
ROMS/Bin/cpp_clean /home/dave/projects/OSOM_Cosine/Build/v3dbc_im.f90
cd /home/dave/projects/OSOM_Cosine/Build; /opt/openmpi/bin/mpif90 -c -frepack-arrays -O3 -ffast-math v3dbc_im.f90
/usr/bin/cpp -P -traditional -DMPI -DLINUX -DX86_64 -DGFORTRAN -D'ROOT_DIR="/home/dave/ROMS/trunk"' -DEPSCOR_UMAINE15 -D'HEADER="epscor_umaine15.h"' -D'ROMS_HEADER="/home/dave/projects/OSOM_Cosine/epscor_umaine15.h"' -DNestedGrids= -D'ANALYTICAL_DIR="/home/dave/ROMS/trunk/ROMS/Functionals"' -D'SVN_REV=""' -IROMS/Include -IROMS/Nonlinear -IROMS/Nonlinear/Biology -IROMS/Nonlinear/Sediment -IROMS/Utility -IROMS/Drivers -IROMS/Functionals -I/home/dave/projects/OSOM_Cosine -IMaster -ICompilers -D'HEADER_DIR="/home/dave/projects/OSOM_Cosine"'  ROMS/Nonlinear/zetabc.F > /home/dave/projects/OSOM_Cosine/Build/zetabc.f90
ROMS/Bin/cpp_clean /home/dave/projects/OSOM_Cosine/Build/zetabc.f90
cd /home/dave/projects/OSOM_Cosine/Build; /opt/openmpi/bin/mpif90 -c -frepack-arrays -O3 -ffast-math zetabc.f90
cd /home/dave/projects/OSOM_Cosine/Build; /opt/openmpi/bin/mpif90 -c -frepack-arrays -O3 -ffast-math ini_adjust.f90
cd /home/dave/projects/OSOM_Cosine/Build; /opt/openmpi/bin/mpif90 -c -frepack-arrays -O3 -ffast-math convolve.f90
/usr/bin/cpp -P -traditional -DMPI -DLINUX -DX86_64 -DGFORTRAN -D'ROOT_DIR="/home/dave/ROMS/trunk"' -DEPSCOR_UMAINE15 -D'HEADER="epscor_umaine15.h"' -D'ROMS_HEADER="/home/dave/projects/OSOM_Cosine/epscor_umaine15.h"' -DNestedGrids= -D'ANALYTICAL_DIR="/home/dave/ROMS/trunk/ROMS/Functionals"' -D'SVN_REV=""' -IROMS/Include -IROMS/Nonlinear -IROMS/Nonlinear/Biology -IROMS/Nonlinear/Sediment -IROMS/Utility -IROMS/Drivers -IROMS/Functionals -I/home/dave/projects/OSOM_Cosine -IMaster -ICompilers -D'HEADER_DIR="/home/dave/projects/OSOM_Cosine"'  ROMS/Utility/cost_grad.F > /home/dave/projects/OSOM_Cosine/Build/cost_grad.f90
ROMS/Bin/cpp_clean /home/dave/projects/OSOM_Cosine/Build/cost_grad.f90
cd /home/dave/projects/OSOM_Cosine/Build; /opt/openmpi/bin/mpif90 -c -frepack-arrays -O3 -ffast-math cost_grad.f90
/usr/bin/cpp -P -traditional -DMPI -DLINUX -DX86_64 -DGFORTRAN -D'ROOT_DIR="/home/dave/ROMS/trunk"' -DEPSCOR_UMAINE15 -D'HEADER="epscor_umaine15.h"' -D'ROMS_HEADER="/home/dave/projects/OSOM_Cosine/epscor_umaine15.h"' -DNestedGrids= -D'ANALYTICAL_DIR="/home/dave/ROMS/trunk/ROMS/Functionals"' -D'SVN_REV=""' -IROMS/Include -IROMS/Nonlinear -IROMS/Nonlinear/Biology -IROMS/Nonlinear/Sediment -IROMS/Utility -IROMS/Drivers -IROMS/Functionals -I/home/dave/projects/OSOM_Cosine -IMaster -ICompilers -D'HEADER_DIR="/home/dave/projects/OSOM_Cosine"'  ROMS/Utility/dotproduct.F > /home/dave/projects/OSOM_Cosine/Build/dotproduct.f90
ROMS/Bin/cpp_clean /home/dave/projects/OSOM_Cosine/Build/dotproduct.f90
cd /home/dave/projects/OSOM_Cosine/Build; /opt/openmpi/bin/mpif90 -c -frepack-arrays -O3 -ffast-math dotproduct.f90
/usr/bin/cpp -P -traditional -DMPI -DLINUX -DX86_64 -DGFORTRAN -D'ROOT_DIR="/home/dave/ROMS/trunk"' -DEPSCOR_UMAINE15 -D'HEADER="epscor_umaine15.h"' -D'ROMS_HEADER="/home/dave/projects/OSOM_Cosine/epscor_umaine15.h"' -DNestedGrids= -D'ANALYTICAL_DIR="/home/dave/ROMS/trunk/ROMS/Functionals"' -D'SVN_REV=""' -IROMS/Include -IROMS/Nonlinear -IROMS/Nonlinear/Biology -IROMS/Nonlinear/Sediment -IROMS/Utility -IROMS/Drivers -IROMS/Functionals -I/home/dave/projects/OSOM_Cosine -IMaster -ICompilers -D'HEADER_DIR="/home/dave/projects/OSOM_Cosine"'  ROMS/Nonlinear/ini_fields.F > /home/dave/projects/OSOM_Cosine/Build/ini_fields.f90
ROMS/Bin/cpp_clean /home/dave/projects/OSOM_Cosine/Build/ini_fields.f90
cd /home/dave/projects/OSOM_Cosine/Build; /opt/openmpi/bin/mpif90 -c -frepack-arrays -O3 -ffast-math ini_fields.f90
/usr/bin/cpp -P -traditional -DMPI -DLINUX -DX86_64 -DGFORTRAN -D'ROOT_DIR="/home/dave/ROMS/trunk"' -DEPSCOR_UMAINE15 -D'HEADER="epscor_umaine15.h"' -D'ROMS_HEADER="/home/dave/projects/OSOM_Cosine/epscor_umaine15.h"' -DNestedGrids= -D'ANALYTICAL_DIR="/home/dave/ROMS/trunk/ROMS/Functionals"' -D'SVN_REV=""' -IROMS/Include -IROMS/Nonlinear -IROMS/Nonlinear/Biology -IROMS/Nonlinear/Sediment -IROMS/Utility -IROMS/Drivers -IROMS/Functionals -I/home/dave/projects/OSOM_Cosine -IMaster -ICompilers -D'HEADER_DIR="/home/dave/projects/OSOM_Cosine"'  ROMS/Modules/mod_storage.F > /home/dave/projects/OSOM_Cosine/Build/mod_storage.f90
ROMS/Bin/cpp_clean /home/dave/projects/OSOM_Cosine/Build/mod_storage.f90
cd /home/dave/projects/OSOM_Cosine/Build; /opt/openmpi/bin/mpif90 -c -frepack-arrays -O3 -ffast-math mod_storage.f90
/usr/bin/cpp -P -traditional -DMPI -DLINUX -DX86_64 -DGFORTRAN -D'ROOT_DIR="/home/dave/ROMS/trunk"' -DEPSCOR_UMAINE15 -D'HEADER="epscor_umaine15.h"' -D'ROMS_HEADER="/home/dave/projects/OSOM_Cosine/epscor_umaine15.h"' -DNestedGrids= -D'ANALYTICAL_DIR="/home/dave/ROMS/trunk/ROMS/Functionals"' -D'SVN_REV=""' -IROMS/Include -IROMS/Nonlinear -IROMS/Nonlinear/Biology -IROMS/Nonlinear/Sediment -IROMS/Utility -IROMS/Drivers -IROMS/Functionals -I/home/dave/projects/OSOM_Cosine -IMaster -ICompilers -D'HEADER_DIR="/home/dave/projects/OSOM_Cosine"'  ROMS/Utility/normalization.F > /home/dave/projects/OSOM_Cosine/Build/normalization.f90
ROMS/Bin/cpp_clean /home/dave/projects/OSOM_Cosine/Build/normalization.f90
/usr/bin/cpp -P -traditional -DMPI -DLINUX -DX86_64 -DGFORTRAN -D'ROOT_DIR="/home/dave/ROMS/trunk"' -DEPSCOR_UMAINE15 -D'HEADER="epscor_umaine15.h"' -D'ROMS_HEADER="/home/dave/projects/OSOM_Cosine/epscor_umaine15.h"' -DNestedGrids= -D'ANALYTICAL_DIR="/home/dave/ROMS/trunk/ROMS/Functionals"' -D'SVN_REV=""' -IROMS/Include -IROMS/Nonlinear -IROMS/Nonlinear/Biology -IROMS/Nonlinear/Sediment -IROMS/Utility -IROMS/Drivers -IROMS/Functionals -I/home/dave/projects/OSOM_Cosine -IMaster -ICompilers -D'HEADER_DIR="/home/dave/projects/OSOM_Cosine"'  ROMS/Nonlinear/bc_2d.F > /home/dave/projects/OSOM_Cosine/Build/bc_2d.f90
ROMS/Bin/cpp_clean /home/dave/projects/OSOM_Cosine/Build/bc_2d.f90
cd /home/dave/projects/OSOM_Cosine/Build; /opt/openmpi/bin/mpif90 -c -frepack-arrays -O3 -ffast-math bc_2d.f90
/usr/bin/cpp -P -traditional -DMPI -DLINUX -DX86_64 -DGFORTRAN -D'ROOT_DIR="/home/dave/ROMS/trunk"' -DEPSCOR_UMAINE15 -D'HEADER="epscor_umaine15.h"' -D'ROMS_HEADER="/home/dave/projects/OSOM_Cosine/epscor_umaine15.h"' -DNestedGrids= -D'ANALYTICAL_DIR="/home/dave/ROMS/trunk/ROMS/Functionals"' -D'SVN_REV=""' -IROMS/Include -IROMS/Nonlinear -IROMS/Nonlinear/Biology -IROMS/Nonlinear/Sediment -IROMS/Utility -IROMS/Drivers -IROMS/Functionals -I/home/dave/projects/OSOM_Cosine -IMaster -ICompilers -D'HEADER_DIR="/home/dave/projects/OSOM_Cosine"'  ROMS/Nonlinear/bc_3d.F > /home/dave/projects/OSOM_Cosine/Build/bc_3d.f90
ROMS/Bin/cpp_clean /home/dave/projects/OSOM_Cosine/Build/bc_3d.f90
cd /home/dave/projects/OSOM_Cosine/Build; /opt/openmpi/bin/mpif90 -c -frepack-arrays -O3 -ffast-math bc_3d.f90
/usr/bin/cpp -P -traditional -DMPI -DLINUX -DX86_64 -DGFORTRAN -D'ROOT_DIR="/home/dave/ROMS/trunk"' -DEPSCOR_UMAINE15 -D'HEADER="epscor_umaine15.h"' -D'ROMS_HEADER="/home/dave/projects/OSOM_Cosine/epscor_umaine15.h"' -DNestedGrids= -D'ANALYTICAL_DIR="/home/dave/ROMS/trunk/ROMS/Functionals"' -D'SVN_REV=""' -IROMS/Include -IROMS/Nonlinear -IROMS/Nonlinear/Biology -IROMS/Nonlinear/Sediment -IROMS/Utility -IROMS/Drivers -IROMS/Functionals -I/home/dave/projects/OSOM_Cosine -IMaster -ICompilers -D'HEADER_DIR="/home/dave/projects/OSOM_Cosine"'  ROMS/Nonlinear/bc_bry2d.F > /home/dave/projects/OSOM_Cosine/Build/bc_bry2d.f90
ROMS/Bin/cpp_clean /home/dave/projects/OSOM_Cosine/Build/bc_bry2d.f90
cd /home/dave/projects/OSOM_Cosine/Build; /opt/openmpi/bin/mpif90 -c -frepack-arrays -O3 -ffast-math bc_bry2d.f90
/usr/bin/cpp -P -traditional -DMPI -DLINUX -DX86_64 -DGFORTRAN -D'ROOT_DIR="/home/dave/ROMS/trunk"' -DEPSCOR_UMAINE15 -D'HEADER="epscor_umaine15.h"' -D'ROMS_HEADER="/home/dave/projects/OSOM_Cosine/epscor_umaine15.h"' -DNestedGrids= -D'ANALYTICAL_DIR="/home/dave/ROMS/trunk/ROMS/Functionals"' -D'SVN_REV=""' -IROMS/Include -IROMS/Nonlinear -IROMS/Nonlinear/Biology -IROMS/Nonlinear/Sediment -IROMS/Utility -IROMS/Drivers -IROMS/Functionals -I/home/dave/projects/OSOM_Cosine -IMaster -ICompilers -D'HEADER_DIR="/home/dave/projects/OSOM_Cosine"'  ROMS/Nonlinear/bc_bry3d.F > /home/dave/projects/OSOM_Cosine/Build/bc_bry3d.f90
ROMS/Bin/cpp_clean /home/dave/projects/OSOM_Cosine/Build/bc_bry3d.f90
cd /home/dave/projects/OSOM_Cosine/Build; /opt/openmpi/bin/mpif90 -c -frepack-arrays -O3 -ffast-math bc_bry3d.f90
/usr/bin/cpp -P -traditional -DMPI -DLINUX -DX86_64 -DGFORTRAN -D'ROOT_DIR="/home/dave/ROMS/trunk"' -DEPSCOR_UMAINE15 -D'HEADER="epscor_umaine15.h"' -D'ROMS_HEADER="/home/dave/projects/OSOM_Cosine/epscor_umaine15.h"' -DNestedGrids= -D'ANALYTICAL_DIR="/home/dave/ROMS/trunk/ROMS/Functionals"' -D'SVN_REV=""' -IROMS/Include -IROMS/Nonlinear -IROMS/Nonlinear/Biology -IROMS/Nonlinear/Sediment -IROMS/Utility -IROMS/Drivers -IROMS/Functionals -I/home/dave/projects/OSOM_Cosine -IMaster -ICompilers -D'HEADER_DIR="/home/dave/projects/OSOM_Cosine"'  ROMS/Utility/nf_fwrite2d.F > /home/dave/projects/OSOM_Cosine/Build/nf_fwrite2d.f90
ROMS/Bin/cpp_clean /home/dave/projects/OSOM_Cosine/Build/nf_fwrite2d.f90
cd /home/dave/projects/OSOM_Cosine/Build; /opt/openmpi/bin/mpif90 -c -frepack-arrays -O3 -ffast-math nf_fwrite2d.f90
/usr/bin/cpp -P -traditional -DMPI -DLINUX -DX86_64 -DGFORTRAN -D'ROOT_DIR="/home/dave/ROMS/trunk"' -DEPSCOR_UMAINE15 -D'HEADER="epscor_umaine15.h"' -D'ROMS_HEADER="/home/dave/projects/OSOM_Cosine/epscor_umaine15.h"' -DNestedGrids= -D'ANALYTICAL_DIR="/home/dave/ROMS/trunk/ROMS/Functionals"' -D'SVN_REV=""' -IROMS/Include -IROMS/Nonlinear -IROMS/Nonlinear/Biology -IROMS/Nonlinear/Sediment -IROMS/Utility -IROMS/Drivers -IROMS/Functionals -I/home/dave/projects/OSOM_Cosine -IMaster -ICompilers -D'HEADER_DIR="/home/dave/projects/OSOM_Cosine"'  ROMS/Utility/nf_fwrite3d.F > /home/dave/projects/OSOM_Cosine/Build/nf_fwrite3d.f90
ROMS/Bin/cpp_clean /home/dave/projects/OSOM_Cosine/Build/nf_fwrite3d.f90
cd /home/dave/projects/OSOM_Cosine/Build; /opt/openmpi/bin/mpif90 -c -frepack-arrays -O3 -ffast-math nf_fwrite3d.f90
/usr/bin/cpp -P -traditional -DMPI -DLINUX -DX86_64 -DGFORTRAN -D'ROOT_DIR="/home/dave/ROMS/trunk"' -DEPSCOR_UMAINE15 -D'HEADER="epscor_umaine15.h"' -D'ROMS_HEADER="/home/dave/projects/OSOM_Cosine/epscor_umaine15.h"' -DNestedGrids= -D'ANALYTICAL_DIR="/home/dave/ROMS/trunk/ROMS/Functionals"' -D'SVN_REV=""' -IROMS/Include -IROMS/Nonlinear -IROMS/Nonlinear/Biology -IROMS/Nonlinear/Sediment -IROMS/Utility -IROMS/Drivers -IROMS/Functionals -I/home/dave/projects/OSOM_Cosine -IMaster -ICompilers -D'HEADER_DIR="/home/dave/projects/OSOM_Cosine"'  ROMS/Utility/white_noise.F > /home/dave/projects/OSOM_Cosine/Build/white_noise.f90
ROMS/Bin/cpp_clean /home/dave/projects/OSOM_Cosine/Build/white_noise.f90
/usr/bin/cpp -P -traditional -DMPI -DLINUX -DX86_64 -DGFORTRAN -D'ROOT_DIR="/home/dave/ROMS/trunk"' -DEPSCOR_UMAINE15 -D'HEADER="epscor_umaine15.h"' -D'ROMS_HEADER="/home/dave/projects/OSOM_Cosine/epscor_umaine15.h"' -DNestedGrids= -D'ANALYTICAL_DIR="/home/dave/ROMS/trunk/ROMS/Functionals"' -D'SVN_REV=""' -IROMS/Include -IROMS/Nonlinear -IROMS/Nonlinear/Biology -IROMS/Nonlinear/Sediment -IROMS/Utility -IROMS/Drivers -IROMS/Functionals -I/home/dave/projects/OSOM_Cosine -IMaster -ICompilers -D'HEADER_DIR="/home/dave/projects/OSOM_Cosine"'  ROMS/Utility/nrutil.F > /home/dave/projects/OSOM_Cosine/Build/nrutil.f90
ROMS/Bin/cpp_clean /home/dave/projects/OSOM_Cosine/Build/nrutil.f90
cd /home/dave/projects/OSOM_Cosine/Build; /opt/openmpi/bin/mpif90 -c -frepack-arrays -O3 -ffast-math nrutil.f90
cd /home/dave/projects/OSOM_Cosine/Build; /opt/openmpi/bin/mpif90 -c -frepack-arrays -O3 -ffast-math white_noise.f90
cd /home/dave/projects/OSOM_Cosine/Build; /opt/openmpi/bin/mpif90 -c -frepack-arrays -O3 -ffast-math normalization.f90
/usr/bin/cpp -P -traditional -DMPI -DLINUX -DX86_64 -DGFORTRAN -D'ROOT_DIR="/home/dave/ROMS/trunk"' -DEPSCOR_UMAINE15 -D'HEADER="epscor_umaine15.h"' -D'ROMS_HEADER="/home/dave/projects/OSOM_Cosine/epscor_umaine15.h"' -DNestedGrids= -D'ANALYTICAL_DIR="/home/dave/ROMS/trunk/ROMS/Functionals"' -D'SVN_REV=""' -IROMS/Include -IROMS/Nonlinear -IROMS/Nonlinear/Biology -IROMS/Nonlinear/Sediment -IROMS/Utility -IROMS/Drivers -IROMS/Functionals -I/home/dave/projects/OSOM_Cosine -IMaster -ICompilers -D'HEADER_DIR="/home/dave/projects/OSOM_Cosine"'  Master/ocean_coupler.F > /home/dave/projects/OSOM_Cosine/Build/ocean_coupler.f90
ROMS/Bin/cpp_clean /home/dave/projects/OSOM_Cosine/Build/ocean_coupler.f90
/usr/bin/cpp -P -traditional -DMPI -DLINUX -DX86_64 -DGFORTRAN -D'ROOT_DIR="/home/dave/ROMS/trunk"' -DEPSCOR_UMAINE15 -D'HEADER="epscor_umaine15.h"' -D'ROMS_HEADER="/home/dave/projects/OSOM_Cosine/epscor_umaine15.h"' -DNestedGrids= -D'ANALYTICAL_DIR="/home/dave/ROMS/trunk/ROMS/Functionals"' -D'SVN_REV=""' -IROMS/Include -IROMS/Nonlinear -IROMS/Nonlinear/Biology -IROMS/Nonlinear/Sediment -IROMS/Utility -IROMS/Drivers -IROMS/Functionals -I/home/dave/projects/OSOM_Cosine -IMaster -ICompilers -D'HEADER_DIR="/home/dave/projects/OSOM_Cosine"'  ROMS/Modules/mod_coupler.F > /home/dave/projects/OSOM_Cosine/Build/mod_coupler.f90
ROMS/Bin/cpp_clean /home/dave/projects/OSOM_Cosine/Build/mod_coupler.f90
cd /home/dave/projects/OSOM_Cosine/Build; /opt/openmpi/bin/mpif90 -c -frepack-arrays -O3 -ffast-math mod_coupler.f90
/usr/bin/cpp -P -traditional -DMPI -DLINUX -DX86_64 -DGFORTRAN -D'ROOT_DIR="/home/dave/ROMS/trunk"' -DEPSCOR_UMAINE15 -D'HEADER="epscor_umaine15.h"' -D'ROMS_HEADER="/home/dave/projects/OSOM_Cosine/epscor_umaine15.h"' -DNestedGrids= -D'ANALYTICAL_DIR="/home/dave/ROMS/trunk/ROMS/Functionals"' -D'SVN_REV=""' -IROMS/Include -IROMS/Nonlinear -IROMS/Nonlinear/Biology -IROMS/Nonlinear/Sediment -IROMS/Utility -IROMS/Drivers -IROMS/Functionals -I/home/dave/projects/OSOM_Cosine -IMaster -ICompilers -D'HEADER_DIR="/home/dave/projects/OSOM_Cosine"'  Master/roms_export.F > /home/dave/projects/OSOM_Cosine/Build/roms_export.f90
ROMS/Bin/cpp_clean /home/dave/projects/OSOM_Cosine/Build/roms_export.f90
cd /home/dave/projects/OSOM_Cosine/Build; /opt/openmpi/bin/mpif90 -c -frepack-arrays -O3 -ffast-math roms_export.f90
/usr/bin/cpp -P -traditional -DMPI -DLINUX -DX86_64 -DGFORTRAN -D'ROOT_DIR="/home/dave/ROMS/trunk"' -DEPSCOR_UMAINE15 -D'HEADER="epscor_umaine15.h"' -D'ROMS_HEADER="/home/dave/projects/OSOM_Cosine/epscor_umaine15.h"' -DNestedGrids= -D'ANALYTICAL_DIR="/home/dave/ROMS/trunk/ROMS/Functionals"' -D'SVN_REV=""' -IROMS/Include -IROMS/Nonlinear -IROMS/Nonlinear/Biology -IROMS/Nonlinear/Sediment -IROMS/Utility -IROMS/Drivers -IROMS/Functionals -I/home/dave/projects/OSOM_Cosine -IMaster -ICompilers -D'HEADER_DIR="/home/dave/projects/OSOM_Cosine"'  Master/roms_import.F > /home/dave/projects/OSOM_Cosine/Build/roms_import.f90
ROMS/Bin/cpp_clean /home/dave/projects/OSOM_Cosine/Build/roms_import.f90
cd /home/dave/projects/OSOM_Cosine/Build; /opt/openmpi/bin/mpif90 -c -frepack-arrays -O3 -ffast-math roms_import.f90
cd /home/dave/projects/OSOM_Cosine/Build; /opt/openmpi/bin/mpif90 -c -frepack-arrays -O3 -ffast-math ocean_coupler.f90
/usr/bin/cpp -P -traditional -DMPI -DLINUX -DX86_64 -DGFORTRAN -D'ROOT_DIR="/home/dave/ROMS/trunk"' -DEPSCOR_UMAINE15 -D'HEADER="epscor_umaine15.h"' -D'ROMS_HEADER="/home/dave/projects/OSOM_Cosine/epscor_umaine15.h"' -DNestedGrids= -D'ANALYTICAL_DIR="/home/dave/ROMS/trunk/ROMS/Functionals"' -D'SVN_REV=""' -IROMS/Include -IROMS/Nonlinear -IROMS/Nonlinear/Biology -IROMS/Nonlinear/Sediment -IROMS/Utility -IROMS/Drivers -IROMS/Functionals -I/home/dave/projects/OSOM_Cosine -IMaster -ICompilers -D'HEADER_DIR="/home/dave/projects/OSOM_Cosine"'  ROMS/Utility/packing.F > /home/dave/projects/OSOM_Cosine/Build/packing.f90
ROMS/Bin/cpp_clean /home/dave/projects/OSOM_Cosine/Build/packing.f90
cd /home/dave/projects/OSOM_Cosine/Build; /opt/openmpi/bin/mpif90 -c -frepack-arrays -O3 -ffast-math packing.f90
/usr/bin/cpp -P -traditional -DMPI -DLINUX -DX86_64 -DGFORTRAN -D'ROOT_DIR="/home/dave/ROMS/trunk"' -DEPSCOR_UMAINE15 -D'HEADER="epscor_umaine15.h"' -D'ROMS_HEADER="/home/dave/projects/OSOM_Cosine/epscor_umaine15.h"' -DNestedGrids= -D'ANALYTICAL_DIR="/home/dave/ROMS/trunk/ROMS/Functionals"' -D'SVN_REV=""' -IROMS/Include -IROMS/Nonlinear -IROMS/Nonlinear/Biology -IROMS/Nonlinear/Sediment -IROMS/Utility -IROMS/Drivers -IROMS/Functionals -I/home/dave/projects/OSOM_Cosine -IMaster -ICompilers -D'HEADER_DIR="/home/dave/projects/OSOM_Cosine"'  ROMS/Utility/posterior.F > /home/dave/projects/OSOM_Cosine/Build/posterior.f90
ROMS/Bin/cpp_clean /home/dave/projects/OSOM_Cosine/Build/posterior.f90
cd /home/dave/projects/OSOM_Cosine/Build; /opt/openmpi/bin/mpif90 -c -frepack-arrays -O3 -ffast-math posterior.f90
/usr/bin/cpp -P -traditional -DMPI -DLINUX -DX86_64 -DGFORTRAN -D'ROOT_DIR="/home/dave/ROMS/trunk"' -DEPSCOR_UMAINE15 -D'HEADER="epscor_umaine15.h"' -D'ROMS_HEADER="/home/dave/projects/OSOM_Cosine/epscor_umaine15.h"' -DNestedGrids= -D'ANALYTICAL_DIR="/home/dave/ROMS/trunk/ROMS/Functionals"' -D'SVN_REV=""' -IROMS/Include -IROMS/Nonlinear -IROMS/Nonlinear/Biology -IROMS/Nonlinear/Sediment -IROMS/Utility -IROMS/Drivers -IROMS/Functionals -I/home/dave/projects/OSOM_Cosine -IMaster -ICompilers -D'HEADER_DIR="/home/dave/projects/OSOM_Cosine"'  ROMS/Utility/posterior_var.F > /home/dave/projects/OSOM_Cosine/Build/posterior_var.f90
ROMS/Bin/cpp_clean /home/dave/projects/OSOM_Cosine/Build/posterior_var.f90
/usr/bin/cpp -P -traditional -DMPI -DLINUX -DX86_64 -DGFORTRAN -D'ROOT_DIR="/home/dave/ROMS/trunk"' -DEPSCOR_UMAINE15 -D'HEADER="epscor_umaine15.h"' -D'ROMS_HEADER="/home/dave/projects/OSOM_Cosine/epscor_umaine15.h"' -DNestedGrids= -D'ANALYTICAL_DIR="/home/dave/ROMS/trunk/ROMS/Functionals"' -D'SVN_REV=""' -IROMS/Include -IROMS/Nonlinear -IROMS/Nonlinear/Biology -IROMS/Nonlinear/Sediment -IROMS/Utility -IROMS/Drivers -IROMS/Functionals -I/home/dave/projects/OSOM_Cosine -IMaster -ICompilers -D'HEADER_DIR="/home/dave/projects/OSOM_Cosine"'  ROMS/Utility/state_product.F > /home/dave/projects/OSOM_Cosine/Build/state_product.f90
ROMS/Bin/cpp_clean /home/dave/projects/OSOM_Cosine/Build/state_product.f90
cd /home/dave/projects/OSOM_Cosine/Build; /opt/openmpi/bin/mpif90 -c -frepack-arrays -O3 -ffast-math state_product.f90
cd /home/dave/projects/OSOM_Cosine/Build; /opt/openmpi/bin/mpif90 -c -frepack-arrays -O3 -ffast-math posterior_var.f90
/usr/bin/cpp -P -traditional -DMPI -DLINUX -DX86_64 -DGFORTRAN -D'ROOT_DIR="/home/dave/ROMS/trunk"' -DEPSCOR_UMAINE15 -D'HEADER="epscor_umaine15.h"' -D'ROMS_HEADER="/home/dave/projects/OSOM_Cosine/epscor_umaine15.h"' -DNestedGrids= -D'ANALYTICAL_DIR="/home/dave/ROMS/trunk/ROMS/Functionals"' -D'SVN_REV=""' -IROMS/Include -IROMS/Nonlinear -IROMS/Nonlinear/Biology -IROMS/Nonlinear/Sediment -IROMS/Utility -IROMS/Drivers -IROMS/Functionals -I/home/dave/projects/OSOM_Cosine -IMaster -ICompilers -D'HEADER_DIR="/home/dave/projects/OSOM_Cosine"'  Master/propagator.F > /home/dave/projects/OSOM_Cosine/Build/propagator.f90
ROMS/Bin/cpp_clean /home/dave/projects/OSOM_Cosine/Build/propagator.f90
/usr/bin/cpp -P -traditional -DMPI -DLINUX -DX86_64 -DGFORTRAN -D'ROOT_DIR="/home/dave/ROMS/trunk"' -DEPSCOR_UMAINE15 -D'HEADER="epscor_umaine15.h"' -D'ROMS_HEADER="/home/dave/projects/OSOM_Cosine/epscor_umaine15.h"' -DNestedGrids= -D'ANALYTICAL_DIR="/home/dave/ROMS/trunk/ROMS/Functionals"' -D'SVN_REV=""' -IROMS/Include -IROMS/Nonlinear -IROMS/Nonlinear/Biology -IROMS/Nonlinear/Sediment -IROMS/Utility -IROMS/Drivers -IROMS/Functionals -I/home/dave/projects/OSOM_Cosine -IMaster -ICompilers -D'HEADER_DIR="/home/dave/projects/OSOM_Cosine"'  ROMS/Utility/inner2state.F > /home/dave/projects/OSOM_Cosine/Build/inner2state.f90
ROMS/Bin/cpp_clean /home/dave/projects/OSOM_Cosine/Build/inner2state.f90
cd /home/dave/projects/OSOM_Cosine/Build; /opt/openmpi/bin/mpif90 -c -frepack-arrays -O3 -ffast-math inner2state.f90
cd /home/dave/projects/OSOM_Cosine/Build; /opt/openmpi/bin/mpif90 -c -frepack-arrays -O3 -ffast-math propagator.f90
/usr/bin/cpp -P -traditional -DMPI -DLINUX -DX86_64 -DGFORTRAN -D'ROOT_DIR="/home/dave/ROMS/trunk"' -DEPSCOR_UMAINE15 -D'HEADER="epscor_umaine15.h"' -D'ROMS_HEADER="/home/dave/projects/OSOM_Cosine/epscor_umaine15.h"' -DNestedGrids= -D'ANALYTICAL_DIR="/home/dave/ROMS/trunk/ROMS/Functionals"' -D'SVN_REV=""' -IROMS/Include -IROMS/Nonlinear -IROMS/Nonlinear/Biology -IROMS/Nonlinear/Sediment -IROMS/Utility -IROMS/Drivers -IROMS/Functionals -I/home/dave/projects/OSOM_Cosine -IMaster -ICompilers -D'HEADER_DIR="/home/dave/projects/OSOM_Cosine"'  ROMS/Utility/random_ic.F > /home/dave/projects/OSOM_Cosine/Build/random_ic.f90
ROMS/Bin/cpp_clean /home/dave/projects/OSOM_Cosine/Build/random_ic.f90
cd /home/dave/projects/OSOM_Cosine/Build; /opt/openmpi/bin/mpif90 -c -frepack-arrays -O3 -ffast-math random_ic.f90
/usr/bin/cpp -P -traditional -DMPI -DLINUX -DX86_64 -DGFORTRAN -D'ROOT_DIR="/home/dave/ROMS/trunk"' -DEPSCOR_UMAINE15 -D'HEADER="epscor_umaine15.h"' -D'ROMS_HEADER="/home/dave/projects/OSOM_Cosine/epscor_umaine15.h"' -DNestedGrids= -D'ANALYTICAL_DIR="/home/dave/ROMS/trunk/ROMS/Functionals"' -D'SVN_REV=""' -IROMS/Include -IROMS/Nonlinear -IROMS/Nonlinear/Biology -IROMS/Nonlinear/Sediment -IROMS/Utility -IROMS/Drivers -IROMS/Functionals -I/home/dave/projects/OSOM_Cosine -IMaster -ICompilers -D'HEADER_DIR="/home/dave/projects/OSOM_Cosine"'  ROMS/Utility/sum_grad.F > /home/dave/projects/OSOM_Cosine/Build/sum_grad.f90
ROMS/Bin/cpp_clean /home/dave/projects/OSOM_Cosine/Build/sum_grad.f90
cd /home/dave/projects/OSOM_Cosine/Build; /opt/openmpi/bin/mpif90 -c -frepack-arrays -O3 -ffast-math sum_grad.f90
/usr/bin/cpp -P -traditional -DMPI -DLINUX -DX86_64 -DGFORTRAN -D'ROOT_DIR="/home/dave/ROMS/trunk"' -DEPSCOR_UMAINE15 -D'HEADER="epscor_umaine15.h"' -D'ROMS_HEADER="/home/dave/projects/OSOM_Cosine/epscor_umaine15.h"' -DNestedGrids= -D'ANALYTICAL_DIR="/home/dave/ROMS/trunk/ROMS/Functionals"' -D'SVN_REV=""' -IROMS/Include -IROMS/Nonlinear -IROMS/Nonlinear/Biology -IROMS/Nonlinear/Sediment -IROMS/Utility -IROMS/Drivers -IROMS/Functionals -I/home/dave/projects/OSOM_Cosine -IMaster -ICompilers -D'HEADER_DIR="/home/dave/projects/OSOM_Cosine"'  ROMS/Utility/zeta_balance.F > /home/dave/projects/OSOM_Cosine/Build/zeta_balance.f90
ROMS/Bin/cpp_clean /home/dave/projects/OSOM_Cosine/Build/zeta_balance.f90
/usr/bin/cpp -P -traditional -DMPI -DLINUX -DX86_64 -DGFORTRAN -D'ROOT_DIR="/home/dave/ROMS/trunk"' -DEPSCOR_UMAINE15 -D'HEADER="epscor_umaine15.h"' -D'ROMS_HEADER="/home/dave/projects/OSOM_Cosine/epscor_umaine15.h"' -DNestedGrids= -D'ANALYTICAL_DIR="/home/dave/ROMS/trunk/ROMS/Functionals"' -D'SVN_REV=""' -IROMS/Include -IROMS/Nonlinear -IROMS/Nonlinear/Biology -IROMS/Nonlinear/Sediment -IROMS/Utility -IROMS/Drivers -IROMS/Functionals -I/home/dave/projects/OSOM_Cosine -IMaster -ICompilers -D'HEADER_DIR="/home/dave/projects/OSOM_Cosine"'  ROMS/Nonlinear/rho_eos.F > /home/dave/projects/OSOM_Cosine/Build/rho_eos.f90
ROMS/Bin/cpp_clean /home/dave/projects/OSOM_Cosine/Build/rho_eos.f90
/usr/bin/cpp -P -traditional -DMPI -DLINUX -DX86_64 -DGFORTRAN -D'ROOT_DIR="/home/dave/ROMS/trunk"' -DEPSCOR_UMAINE15 -D'HEADER="epscor_umaine15.h"' -D'ROMS_HEADER="/home/dave/projects/OSOM_Cosine/epscor_umaine15.h"' -DNestedGrids= -D'ANALYTICAL_DIR="/home/dave/ROMS/trunk/ROMS/Functionals"' -D'SVN_REV=""' -IROMS/Include -IROMS/Nonlinear -IROMS/Nonlinear/Biology -IROMS/Nonlinear/Sediment -IROMS/Utility -IROMS/Drivers -IROMS/Functionals -I/home/dave/projects/OSOM_Cosine -IMaster -ICompilers -D'HEADER_DIR="/home/dave/projects/OSOM_Cosine"'  ROMS/Modules/mod_eoscoef.F > /home/dave/projects/OSOM_Cosine/Build/mod_eoscoef.f90
ROMS/Bin/cpp_clean /home/dave/projects/OSOM_Cosine/Build/mod_eoscoef.f90
cd /home/dave/projects/OSOM_Cosine/Build; /opt/openmpi/bin/mpif90 -c -frepack-arrays -O3 -ffast-math mod_eoscoef.f90
cd /home/dave/projects/OSOM_Cosine/Build; /opt/openmpi/bin/mpif90 -c -frepack-arrays -O3 -ffast-math rho_eos.f90
cd /home/dave/projects/OSOM_Cosine/Build; /opt/openmpi/bin/mpif90 -c -frepack-arrays -O3 -ffast-math zeta_balance.f90
cd /home/dave/projects/OSOM_Cosine/Build; /opt/openmpi/bin/mpif90 -c -frepack-arrays -O3 -ffast-math ocean_control.f90
cd /home/dave/projects/OSOM_Cosine/Build; /opt/openmpi/bin/mpif90 -c -frepack-arrays -O3 -ffast-math abort.f90
/usr/bin/cpp -P -traditional -DMPI -DLINUX -DX86_64 -DGFORTRAN -D'ROOT_DIR="/home/dave/ROMS/trunk"' -DEPSCOR_UMAINE15 -D'HEADER="epscor_umaine15.h"' -D'ROMS_HEADER="/home/dave/projects/OSOM_Cosine/epscor_umaine15.h"' -DNestedGrids= -D'ANALYTICAL_DIR="/home/dave/ROMS/trunk/ROMS/Functionals"' -D'SVN_REV=""' -IROMS/Include -IROMS/Nonlinear -IROMS/Nonlinear/Biology -IROMS/Nonlinear/Sediment -IROMS/Utility -IROMS/Drivers -IROMS/Functionals -I/home/dave/projects/OSOM_Cosine -IMaster -ICompilers -D'HEADER_DIR="/home/dave/projects/OSOM_Cosine"'  ROMS/Utility/metrics.F > /home/dave/projects/OSOM_Cosine/Build/metrics.f90
ROMS/Bin/cpp_clean /home/dave/projects/OSOM_Cosine/Build/metrics.f90
cd /home/dave/projects/OSOM_Cosine/Build; /opt/openmpi/bin/mpif90 -c -frepack-arrays -O3 -ffast-math metrics.f90
/usr/bin/cpp -P -traditional -DMPI -DLINUX -DX86_64 -DGFORTRAN -D'ROOT_DIR="/home/dave/ROMS/trunk"' -DEPSCOR_UMAINE15 -D'HEADER="epscor_umaine15.h"' -D'ROMS_HEADER="/home/dave/projects/OSOM_Cosine/epscor_umaine15.h"' -DNestedGrids= -D'ANALYTICAL_DIR="/home/dave/ROMS/trunk/ROMS/Functionals"' -D'SVN_REV=""' -IROMS/Include -IROMS/Nonlinear -IROMS/Nonlinear/Biology -IROMS/Nonlinear/Sediment -IROMS/Utility -IROMS/Drivers -IROMS/Functionals -I/home/dave/projects/OSOM_Cosine -IMaster -ICompilers -D'HEADER_DIR="/home/dave/projects/OSOM_Cosine"'  ROMS/Utility/def_hessian.F > /home/dave/projects/OSOM_Cosine/Build/def_hessian.f90
ROMS/Bin/cpp_clean /home/dave/projects/OSOM_Cosine/Build/def_hessian.f90
/usr/bin/cpp -P -traditional -DMPI -DLINUX -DX86_64 -DGFORTRAN -D'ROOT_DIR="/home/dave/ROMS/trunk"' -DEPSCOR_UMAINE15 -D'HEADER="epscor_umaine15.h"' -D'ROMS_HEADER="/home/dave/projects/OSOM_Cosine/epscor_umaine15.h"' -DNestedGrids= -D'ANALYTICAL_DIR="/home/dave/ROMS/trunk/ROMS/Functionals"' -D'SVN_REV=""' -IROMS/Include -IROMS/Nonlinear -IROMS/Nonlinear/Biology -IROMS/Nonlinear/Sediment -IROMS/Utility -IROMS/Drivers -IROMS/Functionals -I/home/dave/projects/OSOM_Cosine -IMaster -ICompilers -D'HEADER_DIR="/home/dave/projects/OSOM_Cosine"'  ROMS/Utility/def_var.F > /home/dave/projects/OSOM_Cosine/Build/def_var.f90
ROMS/Bin/cpp_clean /home/dave/projects/OSOM_Cosine/Build/def_var.f90
cd /home/dave/projects/OSOM_Cosine/Build; /opt/openmpi/bin/mpif90 -c -frepack-arrays -O3 -ffast-math -fno-bounds-check def_var.f90
cd /home/dave/projects/OSOM_Cosine/Build; /opt/openmpi/bin/mpif90 -c -frepack-arrays -O3 -ffast-math def_hessian.f90
/usr/bin/cpp -P -traditional -DMPI -DLINUX -DX86_64 -DGFORTRAN -D'ROOT_DIR="/home/dave/ROMS/trunk"' -DEPSCOR_UMAINE15 -D'HEADER="epscor_umaine15.h"' -D'ROMS_HEADER="/home/dave/projects/OSOM_Cosine/epscor_umaine15.h"' -DNestedGrids= -D'ANALYTICAL_DIR="/home/dave/ROMS/trunk/ROMS/Functionals"' -D'SVN_REV=""' -IROMS/Include -IROMS/Nonlinear -IROMS/Nonlinear/Biology -IROMS/Nonlinear/Sediment -IROMS/Utility -IROMS/Drivers -IROMS/Functionals -I/home/dave/projects/OSOM_Cosine -IMaster -ICompilers -D'HEADER_DIR="/home/dave/projects/OSOM_Cosine"'  ROMS/Utility/get_3dfldr.F > /home/dave/projects/OSOM_Cosine/Build/get_3dfldr.f90
ROMS/Bin/cpp_clean /home/dave/projects/OSOM_Cosine/Build/get_3dfldr.f90
cd /home/dave/projects/OSOM_Cosine/Build; /opt/openmpi/bin/mpif90 -c -frepack-arrays -O3 -ffast-math get_3dfldr.f90
/usr/bin/cpp -P -traditional -DMPI -DLINUX -DX86_64 -DGFORTRAN -D'ROOT_DIR="/home/dave/ROMS/trunk"' -DEPSCOR_UMAINE15 -D'HEADER="epscor_umaine15.h"' -D'ROMS_HEADER="/home/dave/projects/OSOM_Cosine/epscor_umaine15.h"' -DNestedGrids= -D'ANALYTICAL_DIR="/home/dave/ROMS/trunk/ROMS/Functionals"' -D'SVN_REV=""' -IROMS/Include -IROMS/Nonlinear -IROMS/Nonlinear/Biology -IROMS/Nonlinear/Sediment -IROMS/Utility -IROMS/Drivers -IROMS/Functionals -I/home/dave/projects/OSOM_Cosine -IMaster -ICompilers -D'HEADER_DIR="/home/dave/projects/OSOM_Cosine"'  ROMS/Utility/obs_depth.F > /home/dave/projects/OSOM_Cosine/Build/obs_depth.f90
ROMS/Bin/cpp_clean /home/dave/projects/OSOM_Cosine/Build/obs_depth.f90
cd /home/dave/projects/OSOM_Cosine/Build; /opt/openmpi/bin/mpif90 -c -frepack-arrays -O3 -ffast-math obs_depth.f90
/usr/bin/cpp -P -traditional -DMPI -DLINUX -DX86_64 -DGFORTRAN -D'ROOT_DIR="/home/dave/ROMS/trunk"' -DEPSCOR_UMAINE15 -D'HEADER="epscor_umaine15.h"' -D'ROMS_HEADER="/home/dave/projects/OSOM_Cosine/epscor_umaine15.h"' -DNestedGrids= -D'ANALYTICAL_DIR="/home/dave/ROMS/trunk/ROMS/Functionals"' -D'SVN_REV=""' -IROMS/Include -IROMS/Nonlinear -IROMS/Nonlinear/Biology -IROMS/Nonlinear/Sediment -IROMS/Utility -IROMS/Drivers -IROMS/Functionals -I/home/dave/projects/OSOM_Cosine -IMaster -ICompilers -D'HEADER_DIR="/home/dave/projects/OSOM_Cosine"'  ROMS/Utility/checkerror.F > /home/dave/projects/OSOM_Cosine/Build/checkerror.f90
ROMS/Bin/cpp_clean /home/dave/projects/OSOM_Cosine/Build/checkerror.f90
cd /home/dave/projects/OSOM_Cosine/Build; /opt/openmpi/bin/mpif90 -c -frepack-arrays -O3 -ffast-math checkerror.f90
/usr/bin/cpp -P -traditional -DMPI -DLINUX -DX86_64 -DGFORTRAN -D'ROOT_DIR="/home/dave/ROMS/trunk"' -DEPSCOR_UMAINE15 -D'HEADER="epscor_umaine15.h"' -D'ROMS_HEADER="/home/dave/projects/OSOM_Cosine/epscor_umaine15.h"' -DNestedGrids= -D'ANALYTICAL_DIR="/home/dave/ROMS/trunk/ROMS/Functionals"' -D'SVN_REV=""' -IROMS/Include -IROMS/Nonlinear -IROMS/Nonlinear/Biology -IROMS/Nonlinear/Sediment -IROMS/Utility -IROMS/Drivers -IROMS/Functionals -I/home/dave/projects/OSOM_Cosine -IMaster -ICompilers -D'HEADER_DIR="/home/dave/projects/OSOM_Cosine"'  ROMS/Utility/set_2dfldr.F > /home/dave/projects/OSOM_Cosine/Build/set_2dfldr.f90
ROMS/Bin/cpp_clean /home/dave/projects/OSOM_Cosine/Build/set_2dfldr.f90
cd /home/dave/projects/OSOM_Cosine/Build; /opt/openmpi/bin/mpif90 -c -frepack-arrays -O3 -ffast-math set_2dfldr.f90
/usr/bin/cpp -P -traditional -DMPI -DLINUX -DX86_64 -DGFORTRAN -D'ROOT_DIR="/home/dave/ROMS/trunk"' -DEPSCOR_UMAINE15 -D'HEADER="epscor_umaine15.h"' -D'ROMS_HEADER="/home/dave/projects/OSOM_Cosine/epscor_umaine15.h"' -DNestedGrids= -D'ANALYTICAL_DIR="/home/dave/ROMS/trunk/ROMS/Functionals"' -D'SVN_REV=""' -IROMS/Include -IROMS/Nonlinear -IROMS/Nonlinear/Biology -IROMS/Nonlinear/Sediment -IROMS/Utility -IROMS/Drivers -IROMS/Functionals -I/home/dave/projects/OSOM_Cosine -IMaster -ICompilers -D'HEADER_DIR="/home/dave/projects/OSOM_Cosine"'  ROMS/Utility/wrt_hessian.F > /home/dave/projects/OSOM_Cosine/Build/wrt_hessian.f90
ROMS/Bin/cpp_clean /home/dave/projects/OSOM_Cosine/Build/wrt_hessian.f90
/usr/bin/cpp -P -traditional -DMPI -DLINUX -DX86_64 -DGFORTRAN -D'ROOT_DIR="/home/dave/ROMS/trunk"' -DEPSCOR_UMAINE15 -D'HEADER="epscor_umaine15.h"' -D'ROMS_HEADER="/home/dave/projects/OSOM_Cosine/epscor_umaine15.h"' -DNestedGrids= -D'ANALYTICAL_DIR="/home/dave/ROMS/trunk/ROMS/Functionals"' -D'SVN_REV=""' -IROMS/Include -IROMS/Nonlinear -IROMS/Nonlinear/Biology -IROMS/Nonlinear/Sediment -IROMS/Utility -IROMS/Drivers -IROMS/Functionals -I/home/dave/projects/OSOM_Cosine -IMaster -ICompilers -D'HEADER_DIR="/home/dave/projects/OSOM_Cosine"'  ROMS/Utility/nf_fwrite2d_bry.F > /home/dave/projects/OSOM_Cosine/Build/nf_fwrite2d_bry.f90
ROMS/Bin/cpp_clean /home/dave/projects/OSOM_Cosine/Build/nf_fwrite2d_bry.f90
cd /home/dave/projects/OSOM_Cosine/Build; /opt/openmpi/bin/mpif90 -c -frepack-arrays -O3 -ffast-math nf_fwrite2d_bry.f90
/usr/bin/cpp -P -traditional -DMPI -DLINUX -DX86_64 -DGFORTRAN -D'ROOT_DIR="/home/dave/ROMS/trunk"' -DEPSCOR_UMAINE15 -D'HEADER="epscor_umaine15.h"' -D'ROMS_HEADER="/home/dave/projects/OSOM_Cosine/epscor_umaine15.h"' -DNestedGrids= -D'ANALYTICAL_DIR="/home/dave/ROMS/trunk/ROMS/Functionals"' -D'SVN_REV=""' -IROMS/Include -IROMS/Nonlinear -IROMS/Nonlinear/Biology -IROMS/Nonlinear/Sediment -IROMS/Utility -IROMS/Drivers -IROMS/Functionals -I/home/dave/projects/OSOM_Cosine -IMaster -ICompilers -D'HEADER_DIR="/home/dave/projects/OSOM_Cosine"'  ROMS/Utility/nf_fwrite3d_bry.F > /home/dave/projects/OSOM_Cosine/Build/nf_fwrite3d_bry.f90
ROMS/Bin/cpp_clean /home/dave/projects/OSOM_Cosine/Build/nf_fwrite3d_bry.f90
cd /home/dave/projects/OSOM_Cosine/Build; /opt/openmpi/bin/mpif90 -c -frepack-arrays -O3 -ffast-math nf_fwrite3d_bry.f90
cd /home/dave/projects/OSOM_Cosine/Build; /opt/openmpi/bin/mpif90 -c -frepack-arrays -O3 -ffast-math wrt_hessian.f90
/usr/bin/cpp -P -traditional -DMPI -DLINUX -DX86_64 -DGFORTRAN -D'ROOT_DIR="/home/dave/ROMS/trunk"' -DEPSCOR_UMAINE15 -D'HEADER="epscor_umaine15.h"' -D'ROMS_HEADER="/home/dave/projects/OSOM_Cosine/epscor_umaine15.h"' -DNestedGrids= -D'ANALYTICAL_DIR="/home/dave/ROMS/trunk/ROMS/Functionals"' -D'SVN_REV=""' -IROMS/Include -IROMS/Nonlinear -IROMS/Nonlinear/Biology -IROMS/Nonlinear/Sediment -IROMS/Utility -IROMS/Drivers -IROMS/Functionals -I/home/dave/projects/OSOM_Cosine -IMaster -ICompilers -D'HEADER_DIR="/home/dave/projects/OSOM_Cosine"'  ROMS/Utility/get_nudgcoef.F > /home/dave/projects/OSOM_Cosine/Build/get_nudgcoef.f90
ROMS/Bin/cpp_clean /home/dave/projects/OSOM_Cosine/Build/get_nudgcoef.f90
cd /home/dave/projects/OSOM_Cosine/Build; /opt/openmpi/bin/mpif90 -c -frepack-arrays -O3 -ffast-math get_nudgcoef.f90
/usr/bin/cpp -P -traditional -DMPI -DLINUX -DX86_64 -DGFORTRAN -D'ROOT_DIR="/home/dave/ROMS/trunk"' -DEPSCOR_UMAINE15 -D'HEADER="epscor_umaine15.h"' -D'ROMS_HEADER="/home/dave/projects/OSOM_Cosine/epscor_umaine15.h"' -DNestedGrids= -D'ANALYTICAL_DIR="/home/dave/ROMS/trunk/ROMS/Functionals"' -D'SVN_REV=""' -IROMS/Include -IROMS/Nonlinear -IROMS/Nonlinear/Biology -IROMS/Nonlinear/Sediment -IROMS/Utility -IROMS/Drivers -IROMS/Functionals -I/home/dave/projects/OSOM_Cosine -IMaster -ICompilers -D'HEADER_DIR="/home/dave/projects/OSOM_Cosine"'  ROMS/Utility/wrt_ini.F > /home/dave/projects/OSOM_Cosine/Build/wrt_ini.f90
ROMS/Bin/cpp_clean /home/dave/projects/OSOM_Cosine/Build/wrt_ini.f90
cd /home/dave/projects/OSOM_Cosine/Build; /opt/openmpi/bin/mpif90 -c -frepack-arrays -O3 -ffast-math wrt_ini.f90
/usr/bin/cpp -P -traditional -DMPI -DLINUX -DX86_64 -DGFORTRAN -D'ROOT_DIR="/home/dave/ROMS/trunk"' -DEPSCOR_UMAINE15 -D'HEADER="epscor_umaine15.h"' -D'ROMS_HEADER="/home/dave/projects/OSOM_Cosine/epscor_umaine15.h"' -DNestedGrids= -D'ANALYTICAL_DIR="/home/dave/ROMS/trunk/ROMS/Functionals"' -D'SVN_REV=""' -IROMS/Include -IROMS/Nonlinear -IROMS/Nonlinear/Biology -IROMS/Nonlinear/Sediment -IROMS/Utility -IROMS/Drivers -IROMS/Functionals -I/home/dave/projects/OSOM_Cosine -IMaster -ICompilers -D'HEADER_DIR="/home/dave/projects/OSOM_Cosine"'  ROMS/Utility/wpoints.F > /home/dave/projects/OSOM_Cosine/Build/wpoints.f90
ROMS/Bin/cpp_clean /home/dave/projects/OSOM_Cosine/Build/wpoints.f90
cd /home/dave/projects/OSOM_Cosine/Build; /opt/openmpi/bin/mpif90 -c -frepack-arrays -O3 -ffast-math wpoints.f90
/usr/bin/cpp -P -traditional -DMPI -DLINUX -DX86_64 -DGFORTRAN -D'ROOT_DIR="/home/dave/ROMS/trunk"' -DEPSCOR_UMAINE15 -D'HEADER="epscor_umaine15.h"' -D'ROMS_HEADER="/home/dave/projects/OSOM_Cosine/epscor_umaine15.h"' -DNestedGrids= -D'ANALYTICAL_DIR="/home/dave/ROMS/trunk/ROMS/Functionals"' -D'SVN_REV=""' -IROMS/Include -IROMS/Nonlinear -IROMS/Nonlinear/Biology -IROMS/Nonlinear/Sediment -IROMS/Utility -IROMS/Drivers -IROMS/Functionals -I/home/dave/projects/OSOM_Cosine -IMaster -ICompilers -D'HEADER_DIR="/home/dave/projects/OSOM_Cosine"'  ROMS/Utility/congrad.F > /home/dave/projects/OSOM_Cosine/Build/congrad.f90
ROMS/Bin/cpp_clean /home/dave/projects/OSOM_Cosine/Build/congrad.f90
cd /home/dave/projects/OSOM_Cosine/Build; /opt/openmpi/bin/mpif90 -c -frepack-arrays -O3 -ffast-math congrad.f90
/usr/bin/cpp -P -traditional -DMPI -DLINUX -DX86_64 -DGFORTRAN -D'ROOT_DIR="/home/dave/ROMS/trunk"' -DEPSCOR_UMAINE15 -D'HEADER="epscor_umaine15.h"' -D'ROMS_HEADER="/home/dave/projects/OSOM_Cosine/epscor_umaine15.h"' -DNestedGrids= -D'ANALYTICAL_DIR="/home/dave/ROMS/trunk/ROMS/Functionals"' -D'SVN_REV=""' -IROMS/Include -IROMS/Nonlinear -IROMS/Nonlinear/Biology -IROMS/Nonlinear/Sediment -IROMS/Utility -IROMS/Drivers -IROMS/Functionals -I/home/dave/projects/OSOM_Cosine -IMaster -ICompilers -D'HEADER_DIR="/home/dave/projects/OSOM_Cosine"'  ROMS/Utility/wrt_gst.F > /home/dave/projects/OSOM_Cosine/Build/wrt_gst.f90
ROMS/Bin/cpp_clean /home/dave/projects/OSOM_Cosine/Build/wrt_gst.f90
cd /home/dave/projects/OSOM_Cosine/Build; /opt/openmpi/bin/mpif90 -c -frepack-arrays -O3 -ffast-math wrt_gst.f90
/usr/bin/cpp -P -traditional -DMPI -DLINUX -DX86_64 -DGFORTRAN -D'ROOT_DIR="/home/dave/ROMS/trunk"' -DEPSCOR_UMAINE15 -D'HEADER="epscor_umaine15.h"' -D'ROMS_HEADER="/home/dave/projects/OSOM_Cosine/epscor_umaine15.h"' -DNestedGrids= -D'ANALYTICAL_DIR="/home/dave/ROMS/trunk/ROMS/Functionals"' -D'SVN_REV=""' -IROMS/Include -IROMS/Nonlinear -IROMS/Nonlinear/Biology -IROMS/Nonlinear/Sediment -IROMS/Utility -IROMS/Drivers -IROMS/Functionals -I/home/dave/projects/OSOM_Cosine -IMaster -ICompilers -D'HEADER_DIR="/home/dave/projects/OSOM_Cosine"'  ROMS/Utility/get_2dfld.F > /home/dave/projects/OSOM_Cosine/Build/get_2dfld.f90
ROMS/Bin/cpp_clean /home/dave/projects/OSOM_Cosine/Build/get_2dfld.f90
cd /home/dave/projects/OSOM_Cosine/Build; /opt/openmpi/bin/mpif90 -c -frepack-arrays -O3 -ffast-math get_2dfld.f90
/usr/bin/cpp -P -traditional -DMPI -DLINUX -DX86_64 -DGFORTRAN -D'ROOT_DIR="/home/dave/ROMS/trunk"' -DEPSCOR_UMAINE15 -D'HEADER="epscor_umaine15.h"' -D'ROMS_HEADER="/home/dave/projects/OSOM_Cosine/epscor_umaine15.h"' -DNestedGrids= -D'ANALYTICAL_DIR="/home/dave/ROMS/trunk/ROMS/Functionals"' -D'SVN_REV=""' -IROMS/Include -IROMS/Nonlinear -IROMS/Nonlinear/Biology -IROMS/Nonlinear/Sediment -IROMS/Utility -IROMS/Drivers -IROMS/Functionals -I/home/dave/projects/OSOM_Cosine -IMaster -ICompilers -D'HEADER_DIR="/home/dave/projects/OSOM_Cosine"'  ROMS/Utility/read_fltpar.F > /home/dave/projects/OSOM_Cosine/Build/read_fltpar.f90
ROMS/Bin/cpp_clean /home/dave/projects/OSOM_Cosine/Build/read_fltpar.f90
/usr/bin/cpp -P -traditional -DMPI -DLINUX -DX86_64 -DGFORTRAN -D'ROOT_DIR="/home/dave/ROMS/trunk"' -DEPSCOR_UMAINE15 -D'HEADER="epscor_umaine15.h"' -D'ROMS_HEADER="/home/dave/projects/OSOM_Cosine/epscor_umaine15.h"' -DNestedGrids= -D'ANALYTICAL_DIR="/home/dave/ROMS/trunk/ROMS/Functionals"' -D'SVN_REV=""' -IROMS/Include -IROMS/Nonlinear -IROMS/Nonlinear/Biology -IROMS/Nonlinear/Sediment -IROMS/Utility -IROMS/Drivers -IROMS/Functionals -I/home/dave/projects/OSOM_Cosine -IMaster -ICompilers -D'HEADER_DIR="/home/dave/projects/OSOM_Cosine"'  ROMS/Modules/mod_floats.F > /home/dave/projects/OSOM_Cosine/Build/mod_floats.f90
ROMS/Bin/cpp_clean /home/dave/projects/OSOM_Cosine/Build/mod_floats.f90
cd /home/dave/projects/OSOM_Cosine/Build; /opt/openmpi/bin/mpif90 -c -frepack-arrays -O3 -ffast-math mod_floats.f90
cd /home/dave/projects/OSOM_Cosine/Build; /opt/openmpi/bin/mpif90 -c -frepack-arrays -O3 -ffast-math read_fltpar.f90
/usr/bin/cpp -P -traditional -DMPI -DLINUX -DX86_64 -DGFORTRAN -D'ROOT_DIR="/home/dave/ROMS/trunk"' -DEPSCOR_UMAINE15 -D'HEADER="epscor_umaine15.h"' -D'ROMS_HEADER="/home/dave/projects/OSOM_Cosine/epscor_umaine15.h"' -DNestedGrids= -D'ANALYTICAL_DIR="/home/dave/ROMS/trunk/ROMS/Functionals"' -D'SVN_REV=""' -IROMS/Include -IROMS/Nonlinear -IROMS/Nonlinear/Biology -IROMS/Nonlinear/Sediment -IROMS/Utility -IROMS/Drivers -IROMS/Functionals -I/home/dave/projects/OSOM_Cosine -IMaster -ICompilers -D'HEADER_DIR="/home/dave/projects/OSOM_Cosine"'  ROMS/Utility/read_sedpar.F > /home/dave/projects/OSOM_Cosine/Build/read_sedpar.f90
ROMS/Bin/cpp_clean /home/dave/projects/OSOM_Cosine/Build/read_sedpar.f90
cd /home/dave/projects/OSOM_Cosine/Build; /opt/openmpi/bin/mpif90 -c -frepack-arrays -O3 -ffast-math read_sedpar.f90
/usr/bin/cpp -P -traditional -DMPI -DLINUX -DX86_64 -DGFORTRAN -D'ROOT_DIR="/home/dave/ROMS/trunk"' -DEPSCOR_UMAINE15 -D'HEADER="epscor_umaine15.h"' -D'ROMS_HEADER="/home/dave/projects/OSOM_Cosine/epscor_umaine15.h"' -DNestedGrids= -D'ANALYTICAL_DIR="/home/dave/ROMS/trunk/ROMS/Functionals"' -D'SVN_REV=""' -IROMS/Include -IROMS/Nonlinear -IROMS/Nonlinear/Biology -IROMS/Nonlinear/Sediment -IROMS/Utility -IROMS/Drivers -IROMS/Functionals -I/home/dave/projects/OSOM_Cosine -IMaster -ICompilers -D'HEADER_DIR="/home/dave/projects/OSOM_Cosine"'  ROMS/Utility/def_gst.F > /home/dave/projects/OSOM_Cosine/Build/def_gst.f90
ROMS/Bin/cpp_clean /home/dave/projects/OSOM_Cosine/Build/def_gst.f90
cd /home/dave/projects/OSOM_Cosine/Build; /opt/openmpi/bin/mpif90 -c -frepack-arrays -O3 -ffast-math def_gst.f90
/usr/bin/cpp -P -traditional -DMPI -DLINUX -DX86_64 -DGFORTRAN -D'ROOT_DIR="/home/dave/ROMS/trunk"' -DEPSCOR_UMAINE15 -D'HEADER="epscor_umaine15.h"' -D'ROMS_HEADER="/home/dave/projects/OSOM_Cosine/epscor_umaine15.h"' -DNestedGrids= -D'ANALYTICAL_DIR="/home/dave/ROMS/trunk/ROMS/Functionals"' -D'SVN_REV=""' -IROMS/Include -IROMS/Nonlinear -IROMS/Nonlinear/Biology -IROMS/Nonlinear/Sediment -IROMS/Utility -IROMS/Drivers -IROMS/Functionals -I/home/dave/projects/OSOM_Cosine -IMaster -ICompilers -D'HEADER_DIR="/home/dave/projects/OSOM_Cosine"'  ROMS/Utility/stats_modobs.F > /home/dave/projects/OSOM_Cosine/Build/stats_modobs.f90
ROMS/Bin/cpp_clean /home/dave/projects/OSOM_Cosine/Build/stats_modobs.f90
cd /home/dave/projects/OSOM_Cosine/Build; /opt/openmpi/bin/mpif90 -c -frepack-arrays -O3 -ffast-math stats_modobs.f90
/usr/bin/cpp -P -traditional -DMPI -DLINUX -DX86_64 -DGFORTRAN -D'ROOT_DIR="/home/dave/ROMS/trunk"' -DEPSCOR_UMAINE15 -D'HEADER="epscor_umaine15.h"' -D'ROMS_HEADER="/home/dave/projects/OSOM_Cosine/epscor_umaine15.h"' -DNestedGrids= -D'ANALYTICAL_DIR="/home/dave/ROMS/trunk/ROMS/Functionals"' -D'SVN_REV=""' -IROMS/Include -IROMS/Nonlinear -IROMS/Nonlinear/Biology -IROMS/Nonlinear/Sediment -IROMS/Utility -IROMS/Drivers -IROMS/Functionals -I/home/dave/projects/OSOM_Cosine -IMaster -ICompilers -D'HEADER_DIR="/home/dave/projects/OSOM_Cosine"'  ROMS/Utility/regrid.F > /home/dave/projects/OSOM_Cosine/Build/regrid.f90
ROMS/Bin/cpp_clean /home/dave/projects/OSOM_Cosine/Build/regrid.f90
/usr/bin/cpp -P -traditional -DMPI -DLINUX -DX86_64 -DGFORTRAN -D'ROOT_DIR="/home/dave/ROMS/trunk"' -DEPSCOR_UMAINE15 -D'HEADER="epscor_umaine15.h"' -D'ROMS_HEADER="/home/dave/projects/OSOM_Cosine/epscor_umaine15.h"' -DNestedGrids= -D'ANALYTICAL_DIR="/home/dave/ROMS/trunk/ROMS/Functionals"' -D'SVN_REV=""' -IROMS/Include -IROMS/Nonlinear -IROMS/Nonlinear/Biology -IROMS/Nonlinear/Sediment -IROMS/Utility -IROMS/Drivers -IROMS/Functionals -I/home/dave/projects/OSOM_Cosine -IMaster -ICompilers -D'HEADER_DIR="/home/dave/projects/OSOM_Cosine"'  ROMS/Utility/interpolate.F > /home/dave/projects/OSOM_Cosine/Build/interpolate.f90
ROMS/Bin/cpp_clean /home/dave/projects/OSOM_Cosine/Build/interpolate.f90
cd /home/dave/projects/OSOM_Cosine/Build; /opt/openmpi/bin/mpif90 -c -frepack-arrays -O3 -ffast-math interpolate.f90
cd /home/dave/projects/OSOM_Cosine/Build; /opt/openmpi/bin/mpif90 -c -frepack-arrays -O3 -ffast-math regrid.f90
/usr/bin/cpp -P -traditional -DMPI -DLINUX -DX86_64 -DGFORTRAN -D'ROOT_DIR="/home/dave/ROMS/trunk"' -DEPSCOR_UMAINE15 -D'HEADER="epscor_umaine15.h"' -D'ROMS_HEADER="/home/dave/projects/OSOM_Cosine/epscor_umaine15.h"' -DNestedGrids= -D'ANALYTICAL_DIR="/home/dave/ROMS/trunk/ROMS/Functionals"' -D'SVN_REV=""' -IROMS/Include -IROMS/Nonlinear -IROMS/Nonlinear/Biology -IROMS/Nonlinear/Sediment -IROMS/Utility -IROMS/Drivers -IROMS/Functionals -I/home/dave/projects/OSOM_Cosine -IMaster -ICompilers -D'HEADER_DIR="/home/dave/projects/OSOM_Cosine"'  ROMS/Utility/def_lanczos.F > /home/dave/projects/OSOM_Cosine/Build/def_lanczos.f90
ROMS/Bin/cpp_clean /home/dave/projects/OSOM_Cosine/Build/def_lanczos.f90
cd /home/dave/projects/OSOM_Cosine/Build; /opt/openmpi/bin/mpif90 -c -frepack-arrays -O3 -ffast-math def_lanczos.f90
/usr/bin/cpp -P -traditional -DMPI -DLINUX -DX86_64 -DGFORTRAN -D'ROOT_DIR="/home/dave/ROMS/trunk"' -DEPSCOR_UMAINE15 -D'HEADER="epscor_umaine15.h"' -D'ROMS_HEADER="/home/dave/projects/OSOM_Cosine/epscor_umaine15.h"' -DNestedGrids= -D'ANALYTICAL_DIR="/home/dave/ROMS/trunk/ROMS/Functionals"' -D'SVN_REV=""' -IROMS/Include -IROMS/Nonlinear -IROMS/Nonlinear/Biology -IROMS/Nonlinear/Sediment -IROMS/Utility -IROMS/Drivers -IROMS/Functionals -I/home/dave/projects/OSOM_Cosine -IMaster -ICompilers -D'HEADER_DIR="/home/dave/projects/OSOM_Cosine"'  ROMS/Utility/wrt_info.F > /home/dave/projects/OSOM_Cosine/Build/wrt_info.f90
ROMS/Bin/cpp_clean /home/dave/projects/OSOM_Cosine/Build/wrt_info.f90
/usr/bin/cpp -P -traditional -DMPI -DLINUX -DX86_64 -DGFORTRAN -D'ROOT_DIR="/home/dave/ROMS/trunk"' -DEPSCOR_UMAINE15 -D'HEADER="epscor_umaine15.h"' -D'ROMS_HEADER="/home/dave/projects/OSOM_Cosine/epscor_umaine15.h"' -DNestedGrids= -D'ANALYTICAL_DIR="/home/dave/ROMS/trunk/ROMS/Functionals"' -D'SVN_REV=""' -IROMS/Include -IROMS/Nonlinear -IROMS/Nonlinear/Biology -IROMS/Nonlinear/Sediment -IROMS/Utility -IROMS/Drivers -IROMS/Functionals -I/home/dave/projects/OSOM_Cosine -IMaster -ICompilers -D'HEADER_DIR="/home/dave/projects/OSOM_Cosine"'  ROMS/Utility/extract_sta.F > /home/dave/projects/OSOM_Cosine/Build/extract_sta.f90
ROMS/Bin/cpp_clean /home/dave/projects/OSOM_Cosine/Build/extract_sta.f90
cd /home/dave/projects/OSOM_Cosine/Build; /opt/openmpi/bin/mpif90 -c -frepack-arrays -O3 -ffast-math extract_sta.f90
/usr/bin/cpp -P -traditional -DMPI -DLINUX -DX86_64 -DGFORTRAN -D'ROOT_DIR="/home/dave/ROMS/trunk"' -DEPSCOR_UMAINE15 -D'HEADER="epscor_umaine15.h"' -D'ROMS_HEADER="/home/dave/projects/OSOM_Cosine/epscor_umaine15.h"' -DNestedGrids= -D'ANALYTICAL_DIR="/home/dave/ROMS/trunk/ROMS/Functionals"' -D'SVN_REV=""' -IROMS/Include -IROMS/Nonlinear -IROMS/Nonlinear/Biology -IROMS/Nonlinear/Sediment -IROMS/Utility -IROMS/Drivers -IROMS/Functionals -I/home/dave/projects/OSOM_Cosine -IMaster -ICompilers -D'HEADER_DIR="/home/dave/projects/OSOM_Cosine"'  ROMS/Modules/mod_behavior.F > /home/dave/projects/OSOM_Cosine/Build/mod_behavior.f90
ROMS/Bin/cpp_clean /home/dave/projects/OSOM_Cosine/Build/mod_behavior.f90
cd /home/dave/projects/OSOM_Cosine/Build; /opt/openmpi/bin/mpif90 -c -frepack-arrays -O3 -ffast-math mod_behavior.f90
cd /home/dave/projects/OSOM_Cosine/Build; /opt/openmpi/bin/mpif90 -c -frepack-arrays -O3 -ffast-math wrt_info.f90
/usr/bin/cpp -P -traditional -DMPI -DLINUX -DX86_64 -DGFORTRAN -D'ROOT_DIR="/home/dave/ROMS/trunk"' -DEPSCOR_UMAINE15 -D'HEADER="epscor_umaine15.h"' -D'ROMS_HEADER="/home/dave/projects/OSOM_Cosine/epscor_umaine15.h"' -DNestedGrids= -D'ANALYTICAL_DIR="/home/dave/ROMS/trunk/ROMS/Functionals"' -D'SVN_REV=""' -IROMS/Include -IROMS/Nonlinear -IROMS/Nonlinear/Biology -IROMS/Nonlinear/Sediment -IROMS/Utility -IROMS/Drivers -IROMS/Functionals -I/home/dave/projects/OSOM_Cosine -IMaster -ICompilers -D'HEADER_DIR="/home/dave/projects/OSOM_Cosine"'  ROMS/Utility/wrt_floats.F > /home/dave/projects/OSOM_Cosine/Build/wrt_floats.f90
ROMS/Bin/cpp_clean /home/dave/projects/OSOM_Cosine/Build/wrt_floats.f90
cd /home/dave/projects/OSOM_Cosine/Build; /opt/openmpi/bin/mpif90 -c -frepack-arrays -O3 -ffast-math wrt_floats.f90
/usr/bin/cpp -P -traditional -DMPI -DLINUX -DX86_64 -DGFORTRAN -D'ROOT_DIR="/home/dave/ROMS/trunk"' -DEPSCOR_UMAINE15 -D'HEADER="epscor_umaine15.h"' -D'ROMS_HEADER="/home/dave/projects/OSOM_Cosine/epscor_umaine15.h"' -DNestedGrids= -D'ANALYTICAL_DIR="/home/dave/ROMS/trunk/ROMS/Functionals"' -D'SVN_REV=""' -IROMS/Include -IROMS/Nonlinear -IROMS/Nonlinear/Biology -IROMS/Nonlinear/Sediment -IROMS/Utility -IROMS/Drivers -IROMS/Functionals -I/home/dave/projects/OSOM_Cosine -IMaster -ICompilers -D'HEADER_DIR="/home/dave/projects/OSOM_Cosine"'  ROMS/Utility/read_asspar.F > /home/dave/projects/OSOM_Cosine/Build/read_asspar.f90
ROMS/Bin/cpp_clean /home/dave/projects/OSOM_Cosine/Build/read_asspar.f90
cd /home/dave/projects/OSOM_Cosine/Build; /opt/openmpi/bin/mpif90 -c -frepack-arrays -O3 -ffast-math read_asspar.f90
/usr/bin/cpp -P -traditional -DMPI -DLINUX -DX86_64 -DGFORTRAN -D'ROOT_DIR="/home/dave/ROMS/trunk"' -DEPSCOR_UMAINE15 -D'HEADER="epscor_umaine15.h"' -D'ROMS_HEADER="/home/dave/projects/OSOM_Cosine/epscor_umaine15.h"' -DNestedGrids= -D'ANALYTICAL_DIR="/home/dave/ROMS/trunk/ROMS/Functionals"' -D'SVN_REV=""' -IROMS/Include -IROMS/Nonlinear -IROMS/Nonlinear/Biology -IROMS/Nonlinear/Sediment -IROMS/Utility -IROMS/Drivers -IROMS/Functionals -I/home/dave/projects/OSOM_Cosine -IMaster -ICompilers -D'HEADER_DIR="/home/dave/projects/OSOM_Cosine"'  ROMS/Utility/wrt_diags.F > /home/dave/projects/OSOM_Cosine/Build/wrt_diags.f90
ROMS/Bin/cpp_clean /home/dave/projects/OSOM_Cosine/Build/wrt_diags.f90
/usr/bin/cpp -P -traditional -DMPI -DLINUX -DX86_64 -DGFORTRAN -D'ROOT_DIR="/home/dave/ROMS/trunk"' -DEPSCOR_UMAINE15 -D'HEADER="epscor_umaine15.h"' -D'ROMS_HEADER="/home/dave/projects/OSOM_Cosine/epscor_umaine15.h"' -DNestedGrids= -D'ANALYTICAL_DIR="/home/dave/ROMS/trunk/ROMS/Functionals"' -D'SVN_REV=""' -IROMS/Include -IROMS/Nonlinear -IROMS/Nonlinear/Biology -IROMS/Nonlinear/Sediment -IROMS/Utility -IROMS/Drivers -IROMS/Functionals -I/home/dave/projects/OSOM_Cosine -IMaster -ICompilers -D'HEADER_DIR="/home/dave/projects/OSOM_Cosine"'  ROMS/Modules/mod_diags.F > /home/dave/projects/OSOM_Cosine/Build/mod_diags.f90
ROMS/Bin/cpp_clean /home/dave/projects/OSOM_Cosine/Build/mod_diags.f90
cd /home/dave/projects/OSOM_Cosine/Build; /opt/openmpi/bin/mpif90 -c -frepack-arrays -O3 -ffast-math mod_diags.f90
cd /home/dave/projects/OSOM_Cosine/Build; /opt/openmpi/bin/mpif90 -c -frepack-arrays -O3 -ffast-math wrt_diags.f90
/usr/bin/cpp -P -traditional -DMPI -DLINUX -DX86_64 -DGFORTRAN -D'ROOT_DIR="/home/dave/ROMS/trunk"' -DEPSCOR_UMAINE15 -D'HEADER="epscor_umaine15.h"' -D'ROMS_HEADER="/home/dave/projects/OSOM_Cosine/epscor_umaine15.h"' -DNestedGrids= -D'ANALYTICAL_DIR="/home/dave/ROMS/trunk/ROMS/Functionals"' -D'SVN_REV=""' -IROMS/Include -IROMS/Nonlinear -IROMS/Nonlinear/Biology -IROMS/Nonlinear/Sediment -IROMS/Utility -IROMS/Drivers -IROMS/Functionals -I/home/dave/projects/OSOM_Cosine -IMaster -ICompilers -D'HEADER_DIR="/home/dave/projects/OSOM_Cosine"'  ROMS/Utility/nf_fread4d.F > /home/dave/projects/OSOM_Cosine/Build/nf_fread4d.f90
ROMS/Bin/cpp_clean /home/dave/projects/OSOM_Cosine/Build/nf_fread4d.f90
cd /home/dave/projects/OSOM_Cosine/Build; /opt/openmpi/bin/mpif90 -c -frepack-arrays -O3 -ffast-math nf_fread4d.f90
/usr/bin/cpp -P -traditional -DMPI -DLINUX -DX86_64 -DGFORTRAN -D'ROOT_DIR="/home/dave/ROMS/trunk"' -DEPSCOR_UMAINE15 -D'HEADER="epscor_umaine15.h"' -D'ROMS_HEADER="/home/dave/projects/OSOM_Cosine/epscor_umaine15.h"' -DNestedGrids= -D'ANALYTICAL_DIR="/home/dave/ROMS/trunk/ROMS/Functionals"' -D'SVN_REV=""' -IROMS/Include -IROMS/Nonlinear -IROMS/Nonlinear/Biology -IROMS/Nonlinear/Sediment -IROMS/Utility -IROMS/Drivers -IROMS/Functionals -I/home/dave/projects/OSOM_Cosine -IMaster -ICompilers -D'HEADER_DIR="/home/dave/projects/OSOM_Cosine"'  ROMS/Utility/stiffness.F > /home/dave/projects/OSOM_Cosine/Build/stiffness.f90
ROMS/Bin/cpp_clean /home/dave/projects/OSOM_Cosine/Build/stiffness.f90
cd /home/dave/projects/OSOM_Cosine/Build; /opt/openmpi/bin/mpif90 -c -frepack-arrays -O3 -ffast-math stiffness.f90
/usr/bin/cpp -P -traditional -DMPI -DLINUX -DX86_64 -DGFORTRAN -D'ROOT_DIR="/home/dave/ROMS/trunk"' -DEPSCOR_UMAINE15 -D'HEADER="epscor_umaine15.h"' -D'ROMS_HEADER="/home/dave/projects/OSOM_Cosine/epscor_umaine15.h"' -DNestedGrids= -D'ANALYTICAL_DIR="/home/dave/ROMS/trunk/ROMS/Functionals"' -D'SVN_REV=""' -IROMS/Include -IROMS/Nonlinear -IROMS/Nonlinear/Biology -IROMS/Nonlinear/Sediment -IROMS/Utility -IROMS/Drivers -IROMS/Functionals -I/home/dave/projects/OSOM_Cosine -IMaster -ICompilers -D'HEADER_DIR="/home/dave/projects/OSOM_Cosine"'  ROMS/Utility/read_biopar.F > /home/dave/projects/OSOM_Cosine/Build/read_biopar.f90
ROMS/Bin/cpp_clean /home/dave/projects/OSOM_Cosine/Build/read_biopar.f90
cd /home/dave/projects/OSOM_Cosine/Build; /opt/openmpi/bin/mpif90 -c -frepack-arrays -O3 -ffast-math read_biopar.f90
/usr/bin/cpp -P -traditional -DMPI -DLINUX -DX86_64 -DGFORTRAN -D'ROOT_DIR="/home/dave/ROMS/trunk"' -DEPSCOR_UMAINE15 -D'HEADER="epscor_umaine15.h"' -D'ROMS_HEADER="/home/dave/projects/OSOM_Cosine/epscor_umaine15.h"' -DNestedGrids= -D'ANALYTICAL_DIR="/home/dave/ROMS/trunk/ROMS/Functionals"' -D'SVN_REV=""' -IROMS/Include -IROMS/Nonlinear -IROMS/Nonlinear/Biology -IROMS/Nonlinear/Sediment -IROMS/Utility -IROMS/Drivers -IROMS/Functionals -I/home/dave/projects/OSOM_Cosine -IMaster -ICompilers -D'HEADER_DIR="/home/dave/projects/OSOM_Cosine"'  ROMS/Utility/obs_read.F > /home/dave/projects/OSOM_Cosine/Build/obs_read.f90
ROMS/Bin/cpp_clean /home/dave/projects/OSOM_Cosine/Build/obs_read.f90
cd /home/dave/projects/OSOM_Cosine/Build; /opt/openmpi/bin/mpif90 -c -frepack-arrays -O3 -ffast-math obs_read.f90
/usr/bin/cpp -P -traditional -DMPI -DLINUX -DX86_64 -DGFORTRAN -D'ROOT_DIR="/home/dave/ROMS/trunk"' -DEPSCOR_UMAINE15 -D'HEADER="epscor_umaine15.h"' -D'ROMS_HEADER="/home/dave/projects/OSOM_Cosine/epscor_umaine15.h"' -DNestedGrids= -D'ANALYTICAL_DIR="/home/dave/ROMS/trunk/ROMS/Functionals"' -D'SVN_REV=""' -IROMS/Include -IROMS/Nonlinear -IROMS/Nonlinear/Biology -IROMS/Nonlinear/Sediment -IROMS/Utility -IROMS/Drivers -IROMS/Functionals -I/home/dave/projects/OSOM_Cosine -IMaster -ICompilers -D'HEADER_DIR="/home/dave/projects/OSOM_Cosine"'  ROMS/Utility/def_ini.F > /home/dave/projects/OSOM_Cosine/Build/def_ini.f90
ROMS/Bin/cpp_clean /home/dave/projects/OSOM_Cosine/Build/def_ini.f90
cd /home/dave/projects/OSOM_Cosine/Build; /opt/openmpi/bin/mpif90 -c -frepack-arrays -O3 -ffast-math def_ini.f90
/usr/bin/cpp -P -traditional -DMPI -DLINUX -DX86_64 -DGFORTRAN -D'ROOT_DIR="/home/dave/ROMS/trunk"' -DEPSCOR_UMAINE15 -D'HEADER="epscor_umaine15.h"' -D'ROMS_HEADER="/home/dave/projects/OSOM_Cosine/epscor_umaine15.h"' -DNestedGrids= -D'ANALYTICAL_DIR="/home/dave/ROMS/trunk/ROMS/Functionals"' -D'SVN_REV=""' -IROMS/Include -IROMS/Nonlinear -IROMS/Nonlinear/Biology -IROMS/Nonlinear/Sediment -IROMS/Utility -IROMS/Drivers -IROMS/Functionals -I/home/dave/projects/OSOM_Cosine -IMaster -ICompilers -D'HEADER_DIR="/home/dave/projects/OSOM_Cosine"'  ROMS/Utility/rep_matrix.F > /home/dave/projects/OSOM_Cosine/Build/rep_matrix.f90
ROMS/Bin/cpp_clean /home/dave/projects/OSOM_Cosine/Build/rep_matrix.f90
cd /home/dave/projects/OSOM_Cosine/Build; /opt/openmpi/bin/mpif90 -c -frepack-arrays -O3 -ffast-math rep_matrix.f90
/usr/bin/cpp -P -traditional -DMPI -DLINUX -DX86_64 -DGFORTRAN -D'ROOT_DIR="/home/dave/ROMS/trunk"' -DEPSCOR_UMAINE15 -D'HEADER="epscor_umaine15.h"' -D'ROMS_HEADER="/home/dave/projects/OSOM_Cosine/epscor_umaine15.h"' -DNestedGrids= -D'ANALYTICAL_DIR="/home/dave/ROMS/trunk/ROMS/Functionals"' -D'SVN_REV=""' -IROMS/Include -IROMS/Nonlinear -IROMS/Nonlinear/Biology -IROMS/Nonlinear/Sediment -IROMS/Utility -IROMS/Drivers -IROMS/Functionals -I/home/dave/projects/OSOM_Cosine -IMaster -ICompilers -D'HEADER_DIR="/home/dave/projects/OSOM_Cosine"'  ROMS/Utility/def_mod.F > /home/dave/projects/OSOM_Cosine/Build/def_mod.f90
ROMS/Bin/cpp_clean /home/dave/projects/OSOM_Cosine/Build/def_mod.f90
cd /home/dave/projects/OSOM_Cosine/Build; /opt/openmpi/bin/mpif90 -c -frepack-arrays -O3 -ffast-math def_mod.f90
/usr/bin/cpp -P -traditional -DMPI -DLINUX -DX86_64 -DGFORTRAN -D'ROOT_DIR="/home/dave/ROMS/trunk"' -DEPSCOR_UMAINE15 -D'HEADER="epscor_umaine15.h"' -D'ROMS_HEADER="/home/dave/projects/OSOM_Cosine/epscor_umaine15.h"' -DNestedGrids= -D'ANALYTICAL_DIR="/home/dave/ROMS/trunk/ROMS/Functionals"' -D'SVN_REV=""' -IROMS/Include -IROMS/Nonlinear -IROMS/Nonlinear/Biology -IROMS/Nonlinear/Sediment -IROMS/Utility -IROMS/Drivers -IROMS/Functionals -I/home/dave/projects/OSOM_Cosine -IMaster -ICompilers -D'HEADER_DIR="/home/dave/projects/OSOM_Cosine"'  ROMS/Utility/ludcmp.F > /home/dave/projects/OSOM_Cosine/Build/ludcmp.f90
ROMS/Bin/cpp_clean /home/dave/projects/OSOM_Cosine/Build/ludcmp.f90
cd /home/dave/projects/OSOM_Cosine/Build; /opt/openmpi/bin/mpif90 -c -frepack-arrays -O3 -ffast-math ludcmp.f90
/usr/bin/cpp -P -traditional -DMPI -DLINUX -DX86_64 -DGFORTRAN -D'ROOT_DIR="/home/dave/ROMS/trunk"' -DEPSCOR_UMAINE15 -D'HEADER="epscor_umaine15.h"' -D'ROMS_HEADER="/home/dave/projects/OSOM_Cosine/epscor_umaine15.h"' -DNestedGrids= -D'ANALYTICAL_DIR="/home/dave/ROMS/trunk/ROMS/Functionals"' -D'SVN_REV=""' -IROMS/Include -IROMS/Nonlinear -IROMS/Nonlinear/Biology -IROMS/Nonlinear/Sediment -IROMS/Utility -IROMS/Drivers -IROMS/Functionals -I/home/dave/projects/OSOM_Cosine -IMaster -ICompilers -D'HEADER_DIR="/home/dave/projects/OSOM_Cosine"'  ROMS/Utility/set_contact.F > /home/dave/projects/OSOM_Cosine/Build/set_contact.f90
ROMS/Bin/cpp_clean /home/dave/projects/OSOM_Cosine/Build/set_contact.f90
cd /home/dave/projects/OSOM_Cosine/Build; /opt/openmpi/bin/mpif90 -c -frepack-arrays -O3 -ffast-math set_contact.f90
/usr/bin/cpp -P -traditional -DMPI -DLINUX -DX86_64 -DGFORTRAN -D'ROOT_DIR="/home/dave/ROMS/trunk"' -DEPSCOR_UMAINE15 -D'HEADER="epscor_umaine15.h"' -D'ROMS_HEADER="/home/dave/projects/OSOM_Cosine/epscor_umaine15.h"' -DNestedGrids= -D'ANALYTICAL_DIR="/home/dave/ROMS/trunk/ROMS/Functionals"' -D'SVN_REV=""' -IROMS/Include -IROMS/Nonlinear -IROMS/Nonlinear/Biology -IROMS/Nonlinear/Sediment -IROMS/Utility -IROMS/Drivers -IROMS/Functionals -I/home/dave/projects/OSOM_Cosine -IMaster -ICompilers -D'HEADER_DIR="/home/dave/projects/OSOM_Cosine"'  ROMS/Utility/read_phypar.F > /home/dave/projects/OSOM_Cosine/Build/read_phypar.f90
ROMS/Bin/cpp_clean /home/dave/projects/OSOM_Cosine/Build/read_phypar.f90
cd /home/dave/projects/OSOM_Cosine/Build; /opt/openmpi/bin/mpif90 -c -frepack-arrays -O3 -ffast-math read_phypar.f90
/usr/bin/cpp -P -traditional -DMPI -DLINUX -DX86_64 -DGFORTRAN -D'ROOT_DIR="/home/dave/ROMS/trunk"' -DEPSCOR_UMAINE15 -D'HEADER="epscor_umaine15.h"' -D'ROMS_HEADER="/home/dave/projects/OSOM_Cosine/epscor_umaine15.h"' -DNestedGrids= -D'ANALYTICAL_DIR="/home/dave/ROMS/trunk/ROMS/Functionals"' -D'SVN_REV=""' -IROMS/Include -IROMS/Nonlinear -IROMS/Nonlinear/Biology -IROMS/Nonlinear/Sediment -IROMS/Utility -IROMS/Drivers -IROMS/Functionals -I/home/dave/projects/OSOM_Cosine -IMaster -ICompilers -D'HEADER_DIR="/home/dave/projects/OSOM_Cosine"'  ROMS/Utility/frc_weak.F > /home/dave/projects/OSOM_Cosine/Build/frc_weak.f90
ROMS/Bin/cpp_clean /home/dave/projects/OSOM_Cosine/Build/frc_weak.f90
cd /home/dave/projects/OSOM_Cosine/Build; /opt/openmpi/bin/mpif90 -c -frepack-arrays -O3 -ffast-math frc_weak.f90
/usr/bin/cpp -P -traditional -DMPI -DLINUX -DX86_64 -DGFORTRAN -D'ROOT_DIR="/home/dave/ROMS/trunk"' -DEPSCOR_UMAINE15 -D'HEADER="epscor_umaine15.h"' -D'ROMS_HEADER="/home/dave/projects/OSOM_Cosine/epscor_umaine15.h"' -DNestedGrids= -D'ANALYTICAL_DIR="/home/dave/ROMS/trunk/ROMS/Functionals"' -D'SVN_REV=""' -IROMS/Include -IROMS/Nonlinear -IROMS/Nonlinear/Biology -IROMS/Nonlinear/Sediment -IROMS/Utility -IROMS/Drivers -IROMS/Functionals -I/home/dave/projects/OSOM_Cosine -IMaster -ICompilers -D'HEADER_DIR="/home/dave/projects/OSOM_Cosine"'  ROMS/Utility/def_dim.F > /home/dave/projects/OSOM_Cosine/Build/def_dim.f90
ROMS/Bin/cpp_clean /home/dave/projects/OSOM_Cosine/Build/def_dim.f90
cd /home/dave/projects/OSOM_Cosine/Build; /opt/openmpi/bin/mpif90 -c -frepack-arrays -O3 -ffast-math def_dim.f90
/usr/bin/cpp -P -traditional -DMPI -DLINUX -DX86_64 -DGFORTRAN -D'ROOT_DIR="/home/dave/ROMS/trunk"' -DEPSCOR_UMAINE15 -D'HEADER="epscor_umaine15.h"' -D'ROMS_HEADER="/home/dave/projects/OSOM_Cosine/epscor_umaine15.h"' -DNestedGrids= -D'ANALYTICAL_DIR="/home/dave/ROMS/trunk/ROMS/Functionals"' -D'SVN_REV=""' -IROMS/Include -IROMS/Nonlinear -IROMS/Nonlinear/Biology -IROMS/Nonlinear/Sediment -IROMS/Utility -IROMS/Drivers -IROMS/Functionals -I/home/dave/projects/OSOM_Cosine -IMaster -ICompilers -D'HEADER_DIR="/home/dave/projects/OSOM_Cosine"'  ROMS/Utility/lubksb.F > /home/dave/projects/OSOM_Cosine/Build/lubksb.f90
ROMS/Bin/cpp_clean /home/dave/projects/OSOM_Cosine/Build/lubksb.f90
cd /home/dave/projects/OSOM_Cosine/Build; /opt/openmpi/bin/mpif90 -c -frepack-arrays -O3 -ffast-math lubksb.f90
/usr/bin/cpp -P -traditional -DMPI -DLINUX -DX86_64 -DGFORTRAN -D'ROOT_DIR="/home/dave/ROMS/trunk"' -DEPSCOR_UMAINE15 -D'HEADER="epscor_umaine15.h"' -D'ROMS_HEADER="/home/dave/projects/OSOM_Cosine/epscor_umaine15.h"' -DNestedGrids= -D'ANALYTICAL_DIR="/home/dave/ROMS/trunk/ROMS/Functionals"' -D'SVN_REV=""' -IROMS/Include -IROMS/Nonlinear -IROMS/Nonlinear/Biology -IROMS/Nonlinear/Sediment -IROMS/Utility -IROMS/Drivers -IROMS/Functionals -I/home/dave/projects/OSOM_Cosine -IMaster -ICompilers -D'HEADER_DIR="/home/dave/projects/OSOM_Cosine"'  ROMS/Utility/wrt_his.F > /home/dave/projects/OSOM_Cosine/Build/wrt_his.f90
ROMS/Bin/cpp_clean /home/dave/projects/OSOM_Cosine/Build/wrt_his.f90
/usr/bin/cpp -P -traditional -DMPI -DLINUX -DX86_64 -DGFORTRAN -D'ROOT_DIR="/home/dave/ROMS/trunk"' -DEPSCOR_UMAINE15 -D'HEADER="epscor_umaine15.h"' -D'ROMS_HEADER="/home/dave/projects/OSOM_Cosine/epscor_umaine15.h"' -DNestedGrids= -D'ANALYTICAL_DIR="/home/dave/ROMS/trunk/ROMS/Functionals"' -D'SVN_REV=""' -IROMS/Include -IROMS/Nonlinear -IROMS/Nonlinear/Biology -IROMS/Nonlinear/Sediment -IROMS/Utility -IROMS/Drivers -IROMS/Functionals -I/home/dave/projects/OSOM_Cosine -IMaster -ICompilers -D'HEADER_DIR="/home/dave/projects/OSOM_Cosine"'  ROMS/Modules/mod_bbl.F > /home/dave/projects/OSOM_Cosine/Build/mod_bbl.f90
ROMS/Bin/cpp_clean /home/dave/projects/OSOM_Cosine/Build/mod_bbl.f90
cd /home/dave/projects/OSOM_Cosine/Build; /opt/openmpi/bin/mpif90 -c -frepack-arrays -O3 -ffast-math mod_bbl.f90
/usr/bin/cpp -P -traditional -DMPI -DLINUX -DX86_64 -DGFORTRAN -D'ROOT_DIR="/home/dave/ROMS/trunk"' -DEPSCOR_UMAINE15 -D'HEADER="epscor_umaine15.h"' -D'ROMS_HEADER="/home/dave/projects/OSOM_Cosine/epscor_umaine15.h"' -DNestedGrids= -D'ANALYTICAL_DIR="/home/dave/ROMS/trunk/ROMS/Functionals"' -D'SVN_REV=""' -IROMS/Include -IROMS/Nonlinear -IROMS/Nonlinear/Biology -IROMS/Nonlinear/Sediment -IROMS/Utility -IROMS/Drivers -IROMS/Functionals -I/home/dave/projects/OSOM_Cosine -IMaster -ICompilers -D'HEADER_DIR="/home/dave/projects/OSOM_Cosine"'  ROMS/Nonlinear/omega.F > /home/dave/projects/OSOM_Cosine/Build/omega.f90
ROMS/Bin/cpp_clean /home/dave/projects/OSOM_Cosine/Build/omega.f90
cd /home/dave/projects/OSOM_Cosine/Build; /opt/openmpi/bin/mpif90 -c -frepack-arrays -O3 -ffast-math omega.f90
/usr/bin/cpp -P -traditional -DMPI -DLINUX -DX86_64 -DGFORTRAN -D'ROOT_DIR="/home/dave/ROMS/trunk"' -DEPSCOR_UMAINE15 -D'HEADER="epscor_umaine15.h"' -D'ROMS_HEADER="/home/dave/projects/OSOM_Cosine/epscor_umaine15.h"' -DNestedGrids= -D'ANALYTICAL_DIR="/home/dave/ROMS/trunk/ROMS/Functionals"' -D'SVN_REV=""' -IROMS/Include -IROMS/Nonlinear -IROMS/Nonlinear/Biology -IROMS/Nonlinear/Sediment -IROMS/Utility -IROMS/Drivers -IROMS/Functionals -I/home/dave/projects/OSOM_Cosine -IMaster -ICompilers -D'HEADER_DIR="/home/dave/projects/OSOM_Cosine"'  ROMS/Utility/uv_rotate.F > /home/dave/projects/OSOM_Cosine/Build/uv_rotate.f90
ROMS/Bin/cpp_clean /home/dave/projects/OSOM_Cosine/Build/uv_rotate.f90
cd /home/dave/projects/OSOM_Cosine/Build; /opt/openmpi/bin/mpif90 -c -frepack-arrays -O3 -ffast-math uv_rotate.f90
cd /home/dave/projects/OSOM_Cosine/Build; /opt/openmpi/bin/mpif90 -c -frepack-arrays -O3 -ffast-math wrt_his.f90
/usr/bin/cpp -P -traditional -DMPI -DLINUX -DX86_64 -DGFORTRAN -D'ROOT_DIR="/home/dave/ROMS/trunk"' -DEPSCOR_UMAINE15 -D'HEADER="epscor_umaine15.h"' -D'ROMS_HEADER="/home/dave/projects/OSOM_Cosine/epscor_umaine15.h"' -DNestedGrids= -D'ANALYTICAL_DIR="/home/dave/ROMS/trunk/ROMS/Functionals"' -D'SVN_REV=""' -IROMS/Include -IROMS/Nonlinear -IROMS/Nonlinear/Biology -IROMS/Nonlinear/Sediment -IROMS/Utility -IROMS/Drivers -IROMS/Functionals -I/home/dave/projects/OSOM_Cosine -IMaster -ICompilers -D'HEADER_DIR="/home/dave/projects/OSOM_Cosine"'  ROMS/Utility/get_ngfldr.F > /home/dave/projects/OSOM_Cosine/Build/get_ngfldr.f90
ROMS/Bin/cpp_clean /home/dave/projects/OSOM_Cosine/Build/get_ngfldr.f90
cd /home/dave/projects/OSOM_Cosine/Build; /opt/openmpi/bin/mpif90 -c -frepack-arrays -O3 -ffast-math get_ngfldr.f90
/usr/bin/cpp -P -traditional -DMPI -DLINUX -DX86_64 -DGFORTRAN -D'ROOT_DIR="/home/dave/ROMS/trunk"' -DEPSCOR_UMAINE15 -D'HEADER="epscor_umaine15.h"' -D'ROMS_HEADER="/home/dave/projects/OSOM_Cosine/epscor_umaine15.h"' -DNestedGrids= -D'ANALYTICAL_DIR="/home/dave/ROMS/trunk/ROMS/Functionals"' -D'SVN_REV=""' -IROMS/Include -IROMS/Nonlinear -IROMS/Nonlinear/Biology -IROMS/Nonlinear/Sediment -IROMS/Utility -IROMS/Drivers -IROMS/Functionals -I/home/dave/projects/OSOM_Cosine -IMaster -ICompilers -D'HEADER_DIR="/home/dave/projects/OSOM_Cosine"'  ROMS/Utility/set_2dfld.F > /home/dave/projects/OSOM_Cosine/Build/set_2dfld.f90
ROMS/Bin/cpp_clean /home/dave/projects/OSOM_Cosine/Build/set_2dfld.f90
cd /home/dave/projects/OSOM_Cosine/Build; /opt/openmpi/bin/mpif90 -c -frepack-arrays -O3 -ffast-math set_2dfld.f90
/usr/bin/cpp -P -traditional -DMPI -DLINUX -DX86_64 -DGFORTRAN -D'ROOT_DIR="/home/dave/ROMS/trunk"' -DEPSCOR_UMAINE15 -D'HEADER="epscor_umaine15.h"' -D'ROMS_HEADER="/home/dave/projects/OSOM_Cosine/epscor_umaine15.h"' -DNestedGrids= -D'ANALYTICAL_DIR="/home/dave/ROMS/trunk/ROMS/Functionals"' -D'SVN_REV=""' -IROMS/Include -IROMS/Nonlinear -IROMS/Nonlinear/Biology -IROMS/Nonlinear/Sediment -IROMS/Utility -IROMS/Drivers -IROMS/Functionals -I/home/dave/projects/OSOM_Cosine -IMaster -ICompilers -D'HEADER_DIR="/home/dave/projects/OSOM_Cosine"'  ROMS/Utility/read_fltbiopar.F > /home/dave/projects/OSOM_Cosine/Build/read_fltbiopar.f90
ROMS/Bin/cpp_clean /home/dave/projects/OSOM_Cosine/Build/read_fltbiopar.f90
cd /home/dave/projects/OSOM_Cosine/Build; /opt/openmpi/bin/mpif90 -c -frepack-arrays -O3 -ffast-math read_fltbiopar.f90
/usr/bin/cpp -P -traditional -DMPI -DLINUX -DX86_64 -DGFORTRAN -D'ROOT_DIR="/home/dave/ROMS/trunk"' -DEPSCOR_UMAINE15 -D'HEADER="epscor_umaine15.h"' -D'ROMS_HEADER="/home/dave/projects/OSOM_Cosine/epscor_umaine15.h"' -DNestedGrids= -D'ANALYTICAL_DIR="/home/dave/ROMS/trunk/ROMS/Functionals"' -D'SVN_REV=""' -IROMS/Include -IROMS/Nonlinear -IROMS/Nonlinear/Biology -IROMS/Nonlinear/Sediment -IROMS/Utility -IROMS/Drivers -IROMS/Functionals -I/home/dave/projects/OSOM_Cosine -IMaster -ICompilers -D'HEADER_DIR="/home/dave/projects/OSOM_Cosine"'  ROMS/Utility/def_diags.F > /home/dave/projects/OSOM_Cosine/Build/def_diags.f90
ROMS/Bin/cpp_clean /home/dave/projects/OSOM_Cosine/Build/def_diags.f90
cd /home/dave/projects/OSOM_Cosine/Build; /opt/openmpi/bin/mpif90 -c -frepack-arrays -O3 -ffast-math def_diags.f90
/usr/bin/cpp -P -traditional -DMPI -DLINUX -DX86_64 -DGFORTRAN -D'ROOT_DIR="/home/dave/ROMS/trunk"' -DEPSCOR_UMAINE15 -D'HEADER="epscor_umaine15.h"' -D'ROMS_HEADER="/home/dave/projects/OSOM_Cosine/epscor_umaine15.h"' -DNestedGrids= -D'ANALYTICAL_DIR="/home/dave/ROMS/trunk/ROMS/Functionals"' -D'SVN_REV=""' -IROMS/Include -IROMS/Nonlinear -IROMS/Nonlinear/Biology -IROMS/Nonlinear/Sediment -IROMS/Utility -IROMS/Drivers -IROMS/Functionals -I/home/dave/projects/OSOM_Cosine -IMaster -ICompilers -D'HEADER_DIR="/home/dave/projects/OSOM_Cosine"'  ROMS/Utility/extract_obs.F > /home/dave/projects/OSOM_Cosine/Build/extract_obs.f90
ROMS/Bin/cpp_clean /home/dave/projects/OSOM_Cosine/Build/extract_obs.f90
cd /home/dave/projects/OSOM_Cosine/Build; /opt/openmpi/bin/mpif90 -c -frepack-arrays -O3 -ffast-math extract_obs.f90
/usr/bin/cpp -P -traditional -DMPI -DLINUX -DX86_64 -DGFORTRAN -D'ROOT_DIR="/home/dave/ROMS/trunk"' -DEPSCOR_UMAINE15 -D'HEADER="epscor_umaine15.h"' -D'ROMS_HEADER="/home/dave/projects/OSOM_Cosine/epscor_umaine15.h"' -DNestedGrids= -D'ANALYTICAL_DIR="/home/dave/ROMS/trunk/ROMS/Functionals"' -D'SVN_REV=""' -IROMS/Include -IROMS/Nonlinear -IROMS/Nonlinear/Biology -IROMS/Nonlinear/Sediment -IROMS/Utility -IROMS/Drivers -IROMS/Functionals -I/home/dave/projects/OSOM_Cosine -IMaster -ICompilers -D'HEADER_DIR="/home/dave/projects/OSOM_Cosine"'  ROMS/Utility/wrt_rst.F > /home/dave/projects/OSOM_Cosine/Build/wrt_rst.f90
ROMS/Bin/cpp_clean /home/dave/projects/OSOM_Cosine/Build/wrt_rst.f90
/usr/bin/cpp -P -traditional -DMPI -DLINUX -DX86_64 -DGFORTRAN -D'ROOT_DIR="/home/dave/ROMS/trunk"' -DEPSCOR_UMAINE15 -D'HEADER="epscor_umaine15.h"' -D'ROMS_HEADER="/home/dave/projects/OSOM_Cosine/epscor_umaine15.h"' -DNestedGrids= -D'ANALYTICAL_DIR="/home/dave/ROMS/trunk/ROMS/Functionals"' -D'SVN_REV=""' -IROMS/Include -IROMS/Nonlinear -IROMS/Nonlinear/Biology -IROMS/Nonlinear/Sediment -IROMS/Utility -IROMS/Drivers -IROMS/Functionals -I/home/dave/projects/OSOM_Cosine -IMaster -ICompilers -D'HEADER_DIR="/home/dave/projects/OSOM_Cosine"'  ROMS/Utility/nf_fwrite4d.F > /home/dave/projects/OSOM_Cosine/Build/nf_fwrite4d.f90
ROMS/Bin/cpp_clean /home/dave/projects/OSOM_Cosine/Build/nf_fwrite4d.f90
cd /home/dave/projects/OSOM_Cosine/Build; /opt/openmpi/bin/mpif90 -c -frepack-arrays -O3 -ffast-math nf_fwrite4d.f90
cd /home/dave/projects/OSOM_Cosine/Build; /opt/openmpi/bin/mpif90 -c -frepack-arrays -O3 -ffast-math wrt_rst.f90
/usr/bin/cpp -P -traditional -DMPI -DLINUX -DX86_64 -DGFORTRAN -D'ROOT_DIR="/home/dave/ROMS/trunk"' -DEPSCOR_UMAINE15 -D'HEADER="epscor_umaine15.h"' -D'ROMS_HEADER="/home/dave/projects/OSOM_Cosine/epscor_umaine15.h"' -DNestedGrids= -D'ANALYTICAL_DIR="/home/dave/ROMS/trunk/ROMS/Functionals"' -D'SVN_REV=""' -IROMS/Include -IROMS/Nonlinear -IROMS/Nonlinear/Biology -IROMS/Nonlinear/Sediment -IROMS/Utility -IROMS/Drivers -IROMS/Functionals -I/home/dave/projects/OSOM_Cosine -IMaster -ICompilers -D'HEADER_DIR="/home/dave/projects/OSOM_Cosine"'  ROMS/Utility/get_bounds.F > /home/dave/projects/OSOM_Cosine/Build/get_bounds.f90
ROMS/Bin/cpp_clean /home/dave/projects/OSOM_Cosine/Build/get_bounds.f90
cd /home/dave/projects/OSOM_Cosine/Build; /opt/openmpi/bin/mpif90 -c -frepack-arrays -O3 -ffast-math get_bounds.f90
/usr/bin/cpp -P -traditional -DMPI -DLINUX -DX86_64 -DGFORTRAN -D'ROOT_DIR="/home/dave/ROMS/trunk"' -DEPSCOR_UMAINE15 -D'HEADER="epscor_umaine15.h"' -D'ROMS_HEADER="/home/dave/projects/OSOM_Cosine/epscor_umaine15.h"' -DNestedGrids= -D'ANALYTICAL_DIR="/home/dave/ROMS/trunk/ROMS/Functionals"' -D'SVN_REV=""' -IROMS/Include -IROMS/Nonlinear -IROMS/Nonlinear/Biology -IROMS/Nonlinear/Sediment -IROMS/Utility -IROMS/Drivers -IROMS/Functionals -I/home/dave/projects/OSOM_Cosine -IMaster -ICompilers -D'HEADER_DIR="/home/dave/projects/OSOM_Cosine"'  ROMS/Utility/inp_par.F > /home/dave/projects/OSOM_Cosine/Build/inp_par.f90
ROMS/Bin/cpp_clean /home/dave/projects/OSOM_Cosine/Build/inp_par.f90
/usr/bin/cpp -P -traditional -DMPI -DLINUX -DX86_64 -DGFORTRAN -D'ROOT_DIR="/home/dave/ROMS/trunk"' -DEPSCOR_UMAINE15 -D'HEADER="epscor_umaine15.h"' -D'ROMS_HEADER="/home/dave/projects/OSOM_Cosine/epscor_umaine15.h"' -DNestedGrids= -D'ANALYTICAL_DIR="/home/dave/ROMS/trunk/ROMS/Functionals"' -D'SVN_REV=""' -IROMS/Include -IROMS/Nonlinear -IROMS/Nonlinear/Biology -IROMS/Nonlinear/Sediment -IROMS/Utility -IROMS/Drivers -IROMS/Functionals -I/home/dave/projects/OSOM_Cosine -IMaster -ICompilers -D'HEADER_DIR="/home/dave/projects/OSOM_Cosine"'  ROMS/Utility/ran_state.F > /home/dave/projects/OSOM_Cosine/Build/ran_state.f90
ROMS/Bin/cpp_clean /home/dave/projects/OSOM_Cosine/Build/ran_state.f90
cd /home/dave/projects/OSOM_Cosine/Build; /opt/openmpi/bin/mpif90 -c -frepack-arrays -O3 -ffast-math -fno-strict-overflow ran_state.f90
cd /home/dave/projects/OSOM_Cosine/Build; /opt/openmpi/bin/mpif90 -c -frepack-arrays -O3 -ffast-math inp_par.f90
/usr/bin/cpp -P -traditional -DMPI -DLINUX -DX86_64 -DGFORTRAN -D'ROOT_DIR="/home/dave/ROMS/trunk"' -DEPSCOR_UMAINE15 -D'HEADER="epscor_umaine15.h"' -D'ROMS_HEADER="/home/dave/projects/OSOM_Cosine/epscor_umaine15.h"' -DNestedGrids= -D'ANALYTICAL_DIR="/home/dave/ROMS/trunk/ROMS/Functionals"' -D'SVN_REV=""' -IROMS/Include -IROMS/Nonlinear -IROMS/Nonlinear/Biology -IROMS/Nonlinear/Sediment -IROMS/Utility -IROMS/Drivers -IROMS/Functionals -I/home/dave/projects/OSOM_Cosine -IMaster -ICompilers -D'HEADER_DIR="/home/dave/projects/OSOM_Cosine"'  ROMS/Utility/set_ngfld.F > /home/dave/projects/OSOM_Cosine/Build/set_ngfld.f90
ROMS/Bin/cpp_clean /home/dave/projects/OSOM_Cosine/Build/set_ngfld.f90
cd /home/dave/projects/OSOM_Cosine/Build; /opt/openmpi/bin/mpif90 -c -frepack-arrays -O3 -ffast-math set_ngfld.f90
/usr/bin/cpp -P -traditional -DMPI -DLINUX -DX86_64 -DGFORTRAN -D'ROOT_DIR="/home/dave/ROMS/trunk"' -DEPSCOR_UMAINE15 -D'HEADER="epscor_umaine15.h"' -D'ROMS_HEADER="/home/dave/projects/OSOM_Cosine/epscor_umaine15.h"' -DNestedGrids= -D'ANALYTICAL_DIR="/home/dave/ROMS/trunk/ROMS/Functionals"' -D'SVN_REV=""' -IROMS/Include -IROMS/Nonlinear -IROMS/Nonlinear/Biology -IROMS/Nonlinear/Sediment -IROMS/Utility -IROMS/Drivers -IROMS/Functionals -I/home/dave/projects/OSOM_Cosine -IMaster -ICompilers -D'HEADER_DIR="/home/dave/projects/OSOM_Cosine"'  ROMS/Utility/def_impulse.F > /home/dave/projects/OSOM_Cosine/Build/def_impulse.f90
ROMS/Bin/cpp_clean /home/dave/projects/OSOM_Cosine/Build/def_impulse.f90
cd /home/dave/projects/OSOM_Cosine/Build; /opt/openmpi/bin/mpif90 -c -frepack-arrays -O3 -ffast-math def_impulse.f90
/usr/bin/cpp -P -traditional -DMPI -DLINUX -DX86_64 -DGFORTRAN -D'ROOT_DIR="/home/dave/ROMS/trunk"' -DEPSCOR_UMAINE15 -D'HEADER="epscor_umaine15.h"' -D'ROMS_HEADER="/home/dave/projects/OSOM_Cosine/epscor_umaine15.h"' -DNestedGrids= -D'ANALYTICAL_DIR="/home/dave/ROMS/trunk/ROMS/Functionals"' -D'SVN_REV=""' -IROMS/Include -IROMS/Nonlinear -IROMS/Nonlinear/Biology -IROMS/Nonlinear/Sediment -IROMS/Utility -IROMS/Drivers -IROMS/Functionals -I/home/dave/projects/OSOM_Cosine -IMaster -ICompilers -D'HEADER_DIR="/home/dave/projects/OSOM_Cosine"'  ROMS/Utility/obs_initial.F > /home/dave/projects/OSOM_Cosine/Build/obs_initial.f90
ROMS/Bin/cpp_clean /home/dave/projects/OSOM_Cosine/Build/obs_initial.f90
cd /home/dave/projects/OSOM_Cosine/Build; /opt/openmpi/bin/mpif90 -c -frepack-arrays -O3 -ffast-math obs_initial.f90
/usr/bin/cpp -P -traditional -DMPI -DLINUX -DX86_64 -DGFORTRAN -D'ROOT_DIR="/home/dave/ROMS/trunk"' -DEPSCOR_UMAINE15 -D'HEADER="epscor_umaine15.h"' -D'ROMS_HEADER="/home/dave/projects/OSOM_Cosine/epscor_umaine15.h"' -DNestedGrids= -D'ANALYTICAL_DIR="/home/dave/ROMS/trunk/ROMS/Functionals"' -D'SVN_REV=""' -IROMS/Include -IROMS/Nonlinear -IROMS/Nonlinear/Biology -IROMS/Nonlinear/Sediment -IROMS/Utility -IROMS/Drivers -IROMS/Functionals -I/home/dave/projects/OSOM_Cosine -IMaster -ICompilers -D'HEADER_DIR="/home/dave/projects/OSOM_Cosine"'  ROMS/Utility/set_diags.F > /home/dave/projects/OSOM_Cosine/Build/set_diags.f90
ROMS/Bin/cpp_clean /home/dave/projects/OSOM_Cosine/Build/set_diags.f90
cd /home/dave/projects/OSOM_Cosine/Build; /opt/openmpi/bin/mpif90 -c -frepack-arrays -O3 -ffast-math set_diags.f90
/usr/bin/cpp -P -traditional -DMPI -DLINUX -DX86_64 -DGFORTRAN -D'ROOT_DIR="/home/dave/ROMS/trunk"' -DEPSCOR_UMAINE15 -D'HEADER="epscor_umaine15.h"' -D'ROMS_HEADER="/home/dave/projects/OSOM_Cosine/epscor_umaine15.h"' -DNestedGrids= -D'ANALYTICAL_DIR="/home/dave/ROMS/trunk/ROMS/Functionals"' -D'SVN_REV=""' -IROMS/Include -IROMS/Nonlinear -IROMS/Nonlinear/Biology -IROMS/Nonlinear/Sediment -IROMS/Utility -IROMS/Drivers -IROMS/Functionals -I/home/dave/projects/OSOM_Cosine -IMaster -ICompilers -D'HEADER_DIR="/home/dave/projects/OSOM_Cosine"'  ROMS/Utility/wrt_impulse.F > /home/dave/projects/OSOM_Cosine/Build/wrt_impulse.f90
ROMS/Bin/cpp_clean /home/dave/projects/OSOM_Cosine/Build/wrt_impulse.f90
cd /home/dave/projects/OSOM_Cosine/Build; /opt/openmpi/bin/mpif90 -c -frepack-arrays -O3 -ffast-math wrt_impulse.f90
/usr/bin/cpp -P -traditional -DMPI -DLINUX -DX86_64 -DGFORTRAN -D'ROOT_DIR="/home/dave/ROMS/trunk"' -DEPSCOR_UMAINE15 -D'HEADER="epscor_umaine15.h"' -D'ROMS_HEADER="/home/dave/projects/OSOM_Cosine/epscor_umaine15.h"' -DNestedGrids= -D'ANALYTICAL_DIR="/home/dave/ROMS/trunk/ROMS/Functionals"' -D'SVN_REV=""' -IROMS/Include -IROMS/Nonlinear -IROMS/Nonlinear/Biology -IROMS/Nonlinear/Sediment -IROMS/Utility -IROMS/Drivers -IROMS/Functionals -I/home/dave/projects/OSOM_Cosine -IMaster -ICompilers -D'HEADER_DIR="/home/dave/projects/OSOM_Cosine"'  ROMS/Utility/set_3dfldr.F > /home/dave/projects/OSOM_Cosine/Build/set_3dfldr.f90
ROMS/Bin/cpp_clean /home/dave/projects/OSOM_Cosine/Build/set_3dfldr.f90
cd /home/dave/projects/OSOM_Cosine/Build; /opt/openmpi/bin/mpif90 -c -frepack-arrays -O3 -ffast-math set_3dfldr.f90
/usr/bin/cpp -P -traditional -DMPI -DLINUX -DX86_64 -DGFORTRAN -D'ROOT_DIR="/home/dave/ROMS/trunk"' -DEPSCOR_UMAINE15 -D'HEADER="epscor_umaine15.h"' -D'ROMS_HEADER="/home/dave/projects/OSOM_Cosine/epscor_umaine15.h"' -DNestedGrids= -D'ANALYTICAL_DIR="/home/dave/ROMS/trunk/ROMS/Functionals"' -D'SVN_REV=""' -IROMS/Include -IROMS/Nonlinear -IROMS/Nonlinear/Biology -IROMS/Nonlinear/Sediment -IROMS/Utility -IROMS/Drivers -IROMS/Functionals -I/home/dave/projects/OSOM_Cosine -IMaster -ICompilers -D'HEADER_DIR="/home/dave/projects/OSOM_Cosine"'  ROMS/Utility/read_couplepar.F > /home/dave/projects/OSOM_Cosine/Build/read_couplepar.f90
ROMS/Bin/cpp_clean /home/dave/projects/OSOM_Cosine/Build/read_couplepar.f90
cd /home/dave/projects/OSOM_Cosine/Build; /opt/openmpi/bin/mpif90 -c -frepack-arrays -O3 -ffast-math read_couplepar.f90
/usr/bin/cpp -P -traditional -DMPI -DLINUX -DX86_64 -DGFORTRAN -D'ROOT_DIR="/home/dave/ROMS/trunk"' -DEPSCOR_UMAINE15 -D'HEADER="epscor_umaine15.h"' -D'ROMS_HEADER="/home/dave/projects/OSOM_Cosine/epscor_umaine15.h"' -DNestedGrids= -D'ANALYTICAL_DIR="/home/dave/ROMS/trunk/ROMS/Functionals"' -D'SVN_REV=""' -IROMS/Include -IROMS/Nonlinear -IROMS/Nonlinear/Biology -IROMS/Nonlinear/Sediment -IROMS/Utility -IROMS/Drivers -IROMS/Functionals -I/home/dave/projects/OSOM_Cosine -IMaster -ICompilers -D'HEADER_DIR="/home/dave/projects/OSOM_Cosine"'  ROMS/Utility/grid_coords.F > /home/dave/projects/OSOM_Cosine/Build/grid_coords.f90
ROMS/Bin/cpp_clean /home/dave/projects/OSOM_Cosine/Build/grid_coords.f90
cd /home/dave/projects/OSOM_Cosine/Build; /opt/openmpi/bin/mpif90 -c -frepack-arrays -O3 -ffast-math grid_coords.f90
/usr/bin/cpp -P -traditional -DMPI -DLINUX -DX86_64 -DGFORTRAN -D'ROOT_DIR="/home/dave/ROMS/trunk"' -DEPSCOR_UMAINE15 -D'HEADER="epscor_umaine15.h"' -D'ROMS_HEADER="/home/dave/projects/OSOM_Cosine/epscor_umaine15.h"' -DNestedGrids= -D'ANALYTICAL_DIR="/home/dave/ROMS/trunk/ROMS/Functionals"' -D'SVN_REV=""' -IROMS/Include -IROMS/Nonlinear -IROMS/Nonlinear/Biology -IROMS/Nonlinear/Sediment -IROMS/Utility -IROMS/Drivers -IROMS/Functionals -I/home/dave/projects/OSOM_Cosine -IMaster -ICompilers -D'HEADER_DIR="/home/dave/projects/OSOM_Cosine"'  ROMS/Utility/wrt_station.F > /home/dave/projects/OSOM_Cosine/Build/wrt_station.f90
ROMS/Bin/cpp_clean /home/dave/projects/OSOM_Cosine/Build/wrt_station.f90
cd /home/dave/projects/OSOM_Cosine/Build; /opt/openmpi/bin/mpif90 -c -frepack-arrays -O3 -ffast-math wrt_station.f90
/usr/bin/cpp -P -traditional -DMPI -DLINUX -DX86_64 -DGFORTRAN -D'ROOT_DIR="/home/dave/ROMS/trunk"' -DEPSCOR_UMAINE15 -D'HEADER="epscor_umaine15.h"' -D'ROMS_HEADER="/home/dave/projects/OSOM_Cosine/epscor_umaine15.h"' -DNestedGrids= -D'ANALYTICAL_DIR="/home/dave/ROMS/trunk/ROMS/Functionals"' -D'SVN_REV=""' -IROMS/Include -IROMS/Nonlinear -IROMS/Nonlinear/Biology -IROMS/Nonlinear/Sediment -IROMS/Utility -IROMS/Drivers -IROMS/Functionals -I/home/dave/projects/OSOM_Cosine -IMaster -ICompilers -D'HEADER_DIR="/home/dave/projects/OSOM_Cosine"'  ROMS/Utility/get_3dfld.F > /home/dave/projects/OSOM_Cosine/Build/get_3dfld.f90
ROMS/Bin/cpp_clean /home/dave/projects/OSOM_Cosine/Build/get_3dfld.f90
cd /home/dave/projects/OSOM_Cosine/Build; /opt/openmpi/bin/mpif90 -c -frepack-arrays -O3 -ffast-math get_3dfld.f90
/usr/bin/cpp -P -traditional -DMPI -DLINUX -DX86_64 -DGFORTRAN -D'ROOT_DIR="/home/dave/ROMS/trunk"' -DEPSCOR_UMAINE15 -D'HEADER="epscor_umaine15.h"' -D'ROMS_HEADER="/home/dave/projects/OSOM_Cosine/epscor_umaine15.h"' -DNestedGrids= -D'ANALYTICAL_DIR="/home/dave/ROMS/trunk/ROMS/Functionals"' -D'SVN_REV=""' -IROMS/Include -IROMS/Nonlinear -IROMS/Nonlinear/Biology -IROMS/Nonlinear/Sediment -IROMS/Utility -IROMS/Drivers -IROMS/Functionals -I/home/dave/projects/OSOM_Cosine -IMaster -ICompilers -D'HEADER_DIR="/home/dave/projects/OSOM_Cosine"'  ROMS/Utility/set_weights.F > /home/dave/projects/OSOM_Cosine/Build/set_weights.f90
ROMS/Bin/cpp_clean /home/dave/projects/OSOM_Cosine/Build/set_weights.f90
cd /home/dave/projects/OSOM_Cosine/Build; /opt/openmpi/bin/mpif90 -c -frepack-arrays -O3 -ffast-math set_weights.f90
/usr/bin/cpp -P -traditional -DMPI -DLINUX -DX86_64 -DGFORTRAN -D'ROOT_DIR="/home/dave/ROMS/trunk"' -DEPSCOR_UMAINE15 -D'HEADER="epscor_umaine15.h"' -D'ROMS_HEADER="/home/dave/projects/OSOM_Cosine/epscor_umaine15.h"' -DNestedGrids= -D'ANALYTICAL_DIR="/home/dave/ROMS/trunk/ROMS/Functionals"' -D'SVN_REV=""' -IROMS/Include -IROMS/Nonlinear -IROMS/Nonlinear/Biology -IROMS/Nonlinear/Sediment -IROMS/Utility -IROMS/Drivers -IROMS/Functionals -I/home/dave/projects/OSOM_Cosine -IMaster -ICompilers -D'HEADER_DIR="/home/dave/projects/OSOM_Cosine"'  ROMS/Utility/set_3dfld.F > /home/dave/projects/OSOM_Cosine/Build/set_3dfld.f90
ROMS/Bin/cpp_clean /home/dave/projects/OSOM_Cosine/Build/set_3dfld.f90
cd /home/dave/projects/OSOM_Cosine/Build; /opt/openmpi/bin/mpif90 -c -frepack-arrays -O3 -ffast-math set_3dfld.f90
/usr/bin/cpp -P -traditional -DMPI -DLINUX -DX86_64 -DGFORTRAN -D'ROOT_DIR="/home/dave/ROMS/trunk"' -DEPSCOR_UMAINE15 -D'HEADER="epscor_umaine15.h"' -D'ROMS_HEADER="/home/dave/projects/OSOM_Cosine/epscor_umaine15.h"' -DNestedGrids= -D'ANALYTICAL_DIR="/home/dave/ROMS/trunk/ROMS/Functionals"' -D'SVN_REV=""' -IROMS/Include -IROMS/Nonlinear -IROMS/Nonlinear/Biology -IROMS/Nonlinear/Sediment -IROMS/Utility -IROMS/Drivers -IROMS/Functionals -I/home/dave/projects/OSOM_Cosine -IMaster -ICompilers -D'HEADER_DIR="/home/dave/projects/OSOM_Cosine"'  ROMS/Utility/sqlq.F > /home/dave/projects/OSOM_Cosine/Build/sqlq.f90
ROMS/Bin/cpp_clean /home/dave/projects/OSOM_Cosine/Build/sqlq.f90
cd /home/dave/projects/OSOM_Cosine/Build; /opt/openmpi/bin/mpif90 -c -frepack-arrays -O3 -ffast-math sqlq.f90
/usr/bin/cpp -P -traditional -DMPI -DLINUX -DX86_64 -DGFORTRAN -D'ROOT_DIR="/home/dave/ROMS/trunk"' -DEPSCOR_UMAINE15 -D'HEADER="epscor_umaine15.h"' -D'ROMS_HEADER="/home/dave/projects/OSOM_Cosine/epscor_umaine15.h"' -DNestedGrids= -D'ANALYTICAL_DIR="/home/dave/ROMS/trunk/ROMS/Functionals"' -D'SVN_REV=""' -IROMS/Include -IROMS/Nonlinear -IROMS/Nonlinear/Biology -IROMS/Nonlinear/Sediment -IROMS/Utility -IROMS/Drivers -IROMS/Functionals -I/home/dave/projects/OSOM_Cosine -IMaster -ICompilers -D'HEADER_DIR="/home/dave/projects/OSOM_Cosine"'  ROMS/Utility/checkadj.F > /home/dave/projects/OSOM_Cosine/Build/checkadj.f90
ROMS/Bin/cpp_clean /home/dave/projects/OSOM_Cosine/Build/checkadj.f90
cd /home/dave/projects/OSOM_Cosine/Build; /opt/openmpi/bin/mpif90 -c -frepack-arrays -O3 -ffast-math checkadj.f90
/usr/bin/cpp -P -traditional -DMPI -DLINUX -DX86_64 -DGFORTRAN -D'ROOT_DIR="/home/dave/ROMS/trunk"' -DEPSCOR_UMAINE15 -D'HEADER="epscor_umaine15.h"' -D'ROMS_HEADER="/home/dave/projects/OSOM_Cosine/epscor_umaine15.h"' -DNestedGrids= -D'ANALYTICAL_DIR="/home/dave/ROMS/trunk/ROMS/Functionals"' -D'SVN_REV=""' -IROMS/Include -IROMS/Nonlinear -IROMS/Nonlinear/Biology -IROMS/Nonlinear/Sediment -IROMS/Utility -IROMS/Drivers -IROMS/Functionals -I/home/dave/projects/OSOM_Cosine -IMaster -ICompilers -D'HEADER_DIR="/home/dave/projects/OSOM_Cosine"'  ROMS/Utility/def_his.F > /home/dave/projects/OSOM_Cosine/Build/def_his.f90
ROMS/Bin/cpp_clean /home/dave/projects/OSOM_Cosine/Build/def_his.f90
cd /home/dave/projects/OSOM_Cosine/Build; /opt/openmpi/bin/mpif90 -c -frepack-arrays -O3 -ffast-math def_his.f90
/usr/bin/cpp -P -traditional -DMPI -DLINUX -DX86_64 -DGFORTRAN -D'ROOT_DIR="/home/dave/ROMS/trunk"' -DEPSCOR_UMAINE15 -D'HEADER="epscor_umaine15.h"' -D'ROMS_HEADER="/home/dave/projects/OSOM_Cosine/epscor_umaine15.h"' -DNestedGrids= -D'ANALYTICAL_DIR="/home/dave/ROMS/trunk/ROMS/Functionals"' -D'SVN_REV=""' -IROMS/Include -IROMS/Nonlinear -IROMS/Nonlinear/Biology -IROMS/Nonlinear/Sediment -IROMS/Utility -IROMS/Drivers -IROMS/Functionals -I/home/dave/projects/OSOM_Cosine -IMaster -ICompilers -D'HEADER_DIR="/home/dave/projects/OSOM_Cosine"'  ROMS/Utility/def_info.F > /home/dave/projects/OSOM_Cosine/Build/def_info.f90
ROMS/Bin/cpp_clean /home/dave/projects/OSOM_Cosine/Build/def_info.f90
cd /home/dave/projects/OSOM_Cosine/Build; /opt/openmpi/bin/mpif90 -c -frepack-arrays -O3 -ffast-math def_info.f90
/usr/bin/cpp -P -traditional -DMPI -DLINUX -DX86_64 -DGFORTRAN -D'ROOT_DIR="/home/dave/ROMS/trunk"' -DEPSCOR_UMAINE15 -D'HEADER="epscor_umaine15.h"' -D'ROMS_HEADER="/home/dave/projects/OSOM_Cosine/epscor_umaine15.h"' -DNestedGrids= -D'ANALYTICAL_DIR="/home/dave/ROMS/trunk/ROMS/Functionals"' -D'SVN_REV=""' -IROMS/Include -IROMS/Nonlinear -IROMS/Nonlinear/Biology -IROMS/Nonlinear/Sediment -IROMS/Utility -IROMS/Drivers -IROMS/Functionals -I/home/dave/projects/OSOM_Cosine -IMaster -ICompilers -D'HEADER_DIR="/home/dave/projects/OSOM_Cosine"'  ROMS/Utility/def_floats.F > /home/dave/projects/OSOM_Cosine/Build/def_floats.f90
ROMS/Bin/cpp_clean /home/dave/projects/OSOM_Cosine/Build/def_floats.f90
cd /home/dave/projects/OSOM_Cosine/Build; /opt/openmpi/bin/mpif90 -c -frepack-arrays -O3 -ffast-math def_floats.f90
/usr/bin/cpp -P -traditional -DMPI -DLINUX -DX86_64 -DGFORTRAN -D'ROOT_DIR="/home/dave/ROMS/trunk"' -DEPSCOR_UMAINE15 -D'HEADER="epscor_umaine15.h"' -D'ROMS_HEADER="/home/dave/projects/OSOM_Cosine/epscor_umaine15.h"' -DNestedGrids= -D'ANALYTICAL_DIR="/home/dave/ROMS/trunk/ROMS/Functionals"' -D'SVN_REV=""' -IROMS/Include -IROMS/Nonlinear -IROMS/Nonlinear/Biology -IROMS/Nonlinear/Sediment -IROMS/Utility -IROMS/Drivers -IROMS/Functionals -I/home/dave/projects/OSOM_Cosine -IMaster -ICompilers -D'HEADER_DIR="/home/dave/projects/OSOM_Cosine"'  ROMS/Utility/mp_routines.F > /home/dave/projects/OSOM_Cosine/Build/mp_routines.f90
ROMS/Bin/cpp_clean /home/dave/projects/OSOM_Cosine/Build/mp_routines.f90
cd /home/dave/projects/OSOM_Cosine/Build; /opt/openmpi/bin/mpif90 -c -frepack-arrays -O3 -ffast-math mp_routines.f90
/usr/bin/cpp -P -traditional -DMPI -DLINUX -DX86_64 -DGFORTRAN -D'ROOT_DIR="/home/dave/ROMS/trunk"' -DEPSCOR_UMAINE15 -D'HEADER="epscor_umaine15.h"' -D'ROMS_HEADER="/home/dave/projects/OSOM_Cosine/epscor_umaine15.h"' -DNestedGrids= -D'ANALYTICAL_DIR="/home/dave/ROMS/trunk/ROMS/Functionals"' -D'SVN_REV=""' -IROMS/Include -IROMS/Nonlinear -IROMS/Nonlinear/Biology -IROMS/Nonlinear/Sediment -IROMS/Utility -IROMS/Drivers -IROMS/Functionals -I/home/dave/projects/OSOM_Cosine -IMaster -ICompilers -D'HEADER_DIR="/home/dave/projects/OSOM_Cosine"'  ROMS/Utility/def_norm.F > /home/dave/projects/OSOM_Cosine/Build/def_norm.f90
ROMS/Bin/cpp_clean /home/dave/projects/OSOM_Cosine/Build/def_norm.f90
cd /home/dave/projects/OSOM_Cosine/Build; /opt/openmpi/bin/mpif90 -c -frepack-arrays -O3 -ffast-math def_norm.f90
/usr/bin/cpp -P -traditional -DMPI -DLINUX -DX86_64 -DGFORTRAN -D'ROOT_DIR="/home/dave/ROMS/trunk"' -DEPSCOR_UMAINE15 -D'HEADER="epscor_umaine15.h"' -D'ROMS_HEADER="/home/dave/projects/OSOM_Cosine/epscor_umaine15.h"' -DNestedGrids= -D'ANALYTICAL_DIR="/home/dave/ROMS/trunk/ROMS/Functionals"' -D'SVN_REV=""' -IROMS/Include -IROMS/Nonlinear -IROMS/Nonlinear/Biology -IROMS/Nonlinear/Sediment -IROMS/Utility -IROMS/Drivers -IROMS/Functionals -I/home/dave/projects/OSOM_Cosine -IMaster -ICompilers -D'HEADER_DIR="/home/dave/projects/OSOM_Cosine"'  ROMS/Utility/ini_lanczos.F > /home/dave/projects/OSOM_Cosine/Build/ini_lanczos.f90
ROMS/Bin/cpp_clean /home/dave/projects/OSOM_Cosine/Build/ini_lanczos.f90
cd /home/dave/projects/OSOM_Cosine/Build; /opt/openmpi/bin/mpif90 -c -frepack-arrays -O3 -ffast-math ini_lanczos.f90
/usr/bin/cpp -P -traditional -DMPI -DLINUX -DX86_64 -DGFORTRAN -D'ROOT_DIR="/home/dave/ROMS/trunk"' -DEPSCOR_UMAINE15 -D'HEADER="epscor_umaine15.h"' -D'ROMS_HEADER="/home/dave/projects/OSOM_Cosine/epscor_umaine15.h"' -DNestedGrids= -D'ANALYTICAL_DIR="/home/dave/ROMS/trunk/ROMS/Functionals"' -D'SVN_REV=""' -IROMS/Include -IROMS/Nonlinear -IROMS/Nonlinear/Biology -IROMS/Nonlinear/Sediment -IROMS/Utility -IROMS/Drivers -IROMS/Functionals -I/home/dave/projects/OSOM_Cosine -IMaster -ICompilers -D'HEADER_DIR="/home/dave/projects/OSOM_Cosine"'  ROMS/Utility/def_rst.F > /home/dave/projects/OSOM_Cosine/Build/def_rst.f90
ROMS/Bin/cpp_clean /home/dave/projects/OSOM_Cosine/Build/def_rst.f90
cd /home/dave/projects/OSOM_Cosine/Build; /opt/openmpi/bin/mpif90 -c -frepack-arrays -O3 -ffast-math def_rst.f90
/usr/bin/cpp -P -traditional -DMPI -DLINUX -DX86_64 -DGFORTRAN -D'ROOT_DIR="/home/dave/ROMS/trunk"' -DEPSCOR_UMAINE15 -D'HEADER="epscor_umaine15.h"' -D'ROMS_HEADER="/home/dave/projects/OSOM_Cosine/epscor_umaine15.h"' -DNestedGrids= -D'ANALYTICAL_DIR="/home/dave/ROMS/trunk/ROMS/Functionals"' -D'SVN_REV=""' -IROMS/Include -IROMS/Nonlinear -IROMS/Nonlinear/Biology -IROMS/Nonlinear/Sediment -IROMS/Utility -IROMS/Drivers -IROMS/Functionals -I/home/dave/projects/OSOM_Cosine -IMaster -ICompilers -D'HEADER_DIR="/home/dave/projects/OSOM_Cosine"'  ROMS/Utility/wrt_avg.F > /home/dave/projects/OSOM_Cosine/Build/wrt_avg.f90
ROMS/Bin/cpp_clean /home/dave/projects/OSOM_Cosine/Build/wrt_avg.f90
/usr/bin/cpp -P -traditional -DMPI -DLINUX -DX86_64 -DGFORTRAN -D'ROOT_DIR="/home/dave/ROMS/trunk"' -DEPSCOR_UMAINE15 -D'HEADER="epscor_umaine15.h"' -D'ROMS_HEADER="/home/dave/projects/OSOM_Cosine/epscor_umaine15.h"' -DNestedGrids= -D'ANALYTICAL_DIR="/home/dave/ROMS/trunk/ROMS/Functionals"' -D'SVN_REV=""' -IROMS/Include -IROMS/Nonlinear -IROMS/Nonlinear/Biology -IROMS/Nonlinear/Sediment -IROMS/Utility -IROMS/Drivers -IROMS/Functionals -I/home/dave/projects/OSOM_Cosine -IMaster -ICompilers -D'HEADER_DIR="/home/dave/projects/OSOM_Cosine"'  ROMS/Modules/mod_average.F > /home/dave/projects/OSOM_Cosine/Build/mod_average.f90
ROMS/Bin/cpp_clean /home/dave/projects/OSOM_Cosine/Build/mod_average.f90
cd /home/dave/projects/OSOM_Cosine/Build; /opt/openmpi/bin/mpif90 -c -frepack-arrays -O3 -ffast-math mod_average.f90
/usr/bin/cpp -P -traditional -DMPI -DLINUX -DX86_64 -DGFORTRAN -D'ROOT_DIR="/home/dave/ROMS/trunk"' -DEPSCOR_UMAINE15 -D'HEADER="epscor_umaine15.h"' -D'ROMS_HEADER="/home/dave/projects/OSOM_Cosine/epscor_umaine15.h"' -DNestedGrids= -D'ANALYTICAL_DIR="/home/dave/ROMS/trunk/ROMS/Functionals"' -D'SVN_REV=""' -IROMS/Include -IROMS/Nonlinear -IROMS/Nonlinear/Biology -IROMS/Nonlinear/Sediment -IROMS/Utility -IROMS/Drivers -IROMS/Functionals -I/home/dave/projects/OSOM_Cosine -IMaster -ICompilers -D'HEADER_DIR="/home/dave/projects/OSOM_Cosine"'  ROMS/Modules/mod_tides.F > /home/dave/projects/OSOM_Cosine/Build/mod_tides.f90
ROMS/Bin/cpp_clean /home/dave/projects/OSOM_Cosine/Build/mod_tides.f90
cd /home/dave/projects/OSOM_Cosine/Build; /opt/openmpi/bin/mpif90 -c -frepack-arrays -O3 -ffast-math mod_tides.f90
cd /home/dave/projects/OSOM_Cosine/Build; /opt/openmpi/bin/mpif90 -c -frepack-arrays -O3 -ffast-math wrt_avg.f90
/usr/bin/cpp -P -traditional -DMPI -DLINUX -DX86_64 -DGFORTRAN -D'ROOT_DIR="/home/dave/ROMS/trunk"' -DEPSCOR_UMAINE15 -D'HEADER="epscor_umaine15.h"' -D'ROMS_HEADER="/home/dave/projects/OSOM_Cosine/epscor_umaine15.h"' -DNestedGrids= -D'ANALYTICAL_DIR="/home/dave/ROMS/trunk/ROMS/Functionals"' -D'SVN_REV=""' -IROMS/Include -IROMS/Nonlinear -IROMS/Nonlinear/Biology -IROMS/Nonlinear/Sediment -IROMS/Utility -IROMS/Drivers -IROMS/Functionals -I/home/dave/projects/OSOM_Cosine -IMaster -ICompilers -D'HEADER_DIR="/home/dave/projects/OSOM_Cosine"'  ROMS/Utility/get_date.F > /home/dave/projects/OSOM_Cosine/Build/get_date.f90
ROMS/Bin/cpp_clean /home/dave/projects/OSOM_Cosine/Build/get_date.f90
cd /home/dave/projects/OSOM_Cosine/Build; /opt/openmpi/bin/mpif90 -c -frepack-arrays -O3 -ffast-math get_date.f90
/usr/bin/cpp -P -traditional -DMPI -DLINUX -DX86_64 -DGFORTRAN -D'ROOT_DIR="/home/dave/ROMS/trunk"' -DEPSCOR_UMAINE15 -D'HEADER="epscor_umaine15.h"' -D'ROMS_HEADER="/home/dave/projects/OSOM_Cosine/epscor_umaine15.h"' -DNestedGrids= -D'ANALYTICAL_DIR="/home/dave/ROMS/trunk/ROMS/Functionals"' -D'SVN_REV=""' -IROMS/Include -IROMS/Nonlinear -IROMS/Nonlinear/Biology -IROMS/Nonlinear/Sediment -IROMS/Utility -IROMS/Drivers -IROMS/Functionals -I/home/dave/projects/OSOM_Cosine -IMaster -ICompilers -D'HEADER_DIR="/home/dave/projects/OSOM_Cosine"'  ROMS/Utility/wrt_error.F > /home/dave/projects/OSOM_Cosine/Build/wrt_error.f90
ROMS/Bin/cpp_clean /home/dave/projects/OSOM_Cosine/Build/wrt_error.f90
cd /home/dave/projects/OSOM_Cosine/Build; /opt/openmpi/bin/mpif90 -c -frepack-arrays -O3 -ffast-math wrt_error.f90
/usr/bin/cpp -P -traditional -DMPI -DLINUX -DX86_64 -DGFORTRAN -D'ROOT_DIR="/home/dave/ROMS/trunk"' -DEPSCOR_UMAINE15 -D'HEADER="epscor_umaine15.h"' -D'ROMS_HEADER="/home/dave/projects/OSOM_Cosine/epscor_umaine15.h"' -DNestedGrids= -D'ANALYTICAL_DIR="/home/dave/ROMS/trunk/ROMS/Functionals"' -D'SVN_REV=""' -IROMS/Include -IROMS/Nonlinear -IROMS/Nonlinear/Biology -IROMS/Nonlinear/Sediment -IROMS/Utility -IROMS/Drivers -IROMS/Functionals -I/home/dave/projects/OSOM_Cosine -IMaster -ICompilers -D'HEADER_DIR="/home/dave/projects/OSOM_Cosine"'  ROMS/Utility/inquire.F > /home/dave/projects/OSOM_Cosine/Build/inquire.f90
ROMS/Bin/cpp_clean /home/dave/projects/OSOM_Cosine/Build/inquire.f90
cd /home/dave/projects/OSOM_Cosine/Build; /opt/openmpi/bin/mpif90 -c -frepack-arrays -O3 -ffast-math inquire.f90
/usr/bin/cpp -P -traditional -DMPI -DLINUX -DX86_64 -DGFORTRAN -D'ROOT_DIR="/home/dave/ROMS/trunk"' -DEPSCOR_UMAINE15 -D'HEADER="epscor_umaine15.h"' -D'ROMS_HEADER="/home/dave/projects/OSOM_Cosine/epscor_umaine15.h"' -DNestedGrids= -D'ANALYTICAL_DIR="/home/dave/ROMS/trunk/ROMS/Functionals"' -D'SVN_REV=""' -IROMS/Include -IROMS/Nonlinear -IROMS/Nonlinear/Biology -IROMS/Nonlinear/Sediment -IROMS/Utility -IROMS/Drivers -IROMS/Functionals -I/home/dave/projects/OSOM_Cosine -IMaster -ICompilers -D'HEADER_DIR="/home/dave/projects/OSOM_Cosine"'  ROMS/Utility/read_stapar.F > /home/dave/projects/OSOM_Cosine/Build/read_stapar.f90
ROMS/Bin/cpp_clean /home/dave/projects/OSOM_Cosine/Build/read_stapar.f90
cd /home/dave/projects/OSOM_Cosine/Build; /opt/openmpi/bin/mpif90 -c -frepack-arrays -O3 -ffast-math read_stapar.f90
/usr/bin/cpp -P -traditional -DMPI -DLINUX -DX86_64 -DGFORTRAN -D'ROOT_DIR="/home/dave/ROMS/trunk"' -DEPSCOR_UMAINE15 -D'HEADER="epscor_umaine15.h"' -D'ROMS_HEADER="/home/dave/projects/OSOM_Cosine/epscor_umaine15.h"' -DNestedGrids= -D'ANALYTICAL_DIR="/home/dave/ROMS/trunk/ROMS/Functionals"' -D'SVN_REV=""' -IROMS/Include -IROMS/Nonlinear -IROMS/Nonlinear/Biology -IROMS/Nonlinear/Sediment -IROMS/Utility -IROMS/Drivers -IROMS/Functionals -I/home/dave/projects/OSOM_Cosine -IMaster -ICompilers -D'HEADER_DIR="/home/dave/projects/OSOM_Cosine"'  ROMS/Utility/gasdev.F > /home/dave/projects/OSOM_Cosine/Build/gasdev.f90
ROMS/Bin/cpp_clean /home/dave/projects/OSOM_Cosine/Build/gasdev.f90
cd /home/dave/projects/OSOM_Cosine/Build; /opt/openmpi/bin/mpif90 -c -frepack-arrays -O3 -ffast-math gasdev.f90
/usr/bin/cpp -P -traditional -DMPI -DLINUX -DX86_64 -DGFORTRAN -D'ROOT_DIR="/home/dave/ROMS/trunk"' -DEPSCOR_UMAINE15 -D'HEADER="epscor_umaine15.h"' -D'ROMS_HEADER="/home/dave/projects/OSOM_Cosine/epscor_umaine15.h"' -DNestedGrids= -D'ANALYTICAL_DIR="/home/dave/ROMS/trunk/ROMS/Functionals"' -D'SVN_REV=""' -IROMS/Include -IROMS/Nonlinear -IROMS/Nonlinear/Biology -IROMS/Nonlinear/Sediment -IROMS/Utility -IROMS/Drivers -IROMS/Functionals -I/home/dave/projects/OSOM_Cosine -IMaster -ICompilers -D'HEADER_DIR="/home/dave/projects/OSOM_Cosine"'  ROMS/Utility/get_varcoords.F > /home/dave/projects/OSOM_Cosine/Build/get_varcoords.f90
ROMS/Bin/cpp_clean /home/dave/projects/OSOM_Cosine/Build/get_varcoords.f90
cd /home/dave/projects/OSOM_Cosine/Build; /opt/openmpi/bin/mpif90 -c -frepack-arrays -O3 -ffast-math get_varcoords.f90
/usr/bin/cpp -P -traditional -DMPI -DLINUX -DX86_64 -DGFORTRAN -D'ROOT_DIR="/home/dave/ROMS/trunk"' -DEPSCOR_UMAINE15 -D'HEADER="epscor_umaine15.h"' -D'ROMS_HEADER="/home/dave/projects/OSOM_Cosine/epscor_umaine15.h"' -DNestedGrids= -D'ANALYTICAL_DIR="/home/dave/ROMS/trunk/ROMS/Functionals"' -D'SVN_REV=""' -IROMS/Include -IROMS/Nonlinear -IROMS/Nonlinear/Biology -IROMS/Nonlinear/Sediment -IROMS/Utility -IROMS/Drivers -IROMS/Functionals -I/home/dave/projects/OSOM_Cosine -IMaster -ICompilers -D'HEADER_DIR="/home/dave/projects/OSOM_Cosine"'  ROMS/Utility/set_masks.F > /home/dave/projects/OSOM_Cosine/Build/set_masks.f90
ROMS/Bin/cpp_clean /home/dave/projects/OSOM_Cosine/Build/set_masks.f90
cd /home/dave/projects/OSOM_Cosine/Build; /opt/openmpi/bin/mpif90 -c -frepack-arrays -O3 -ffast-math set_masks.f90
/usr/bin/cpp -P -traditional -DMPI -DLINUX -DX86_64 -DGFORTRAN -D'ROOT_DIR="/home/dave/ROMS/trunk"' -DEPSCOR_UMAINE15 -D'HEADER="epscor_umaine15.h"' -D'ROMS_HEADER="/home/dave/projects/OSOM_Cosine/epscor_umaine15.h"' -DNestedGrids= -D'ANALYTICAL_DIR="/home/dave/ROMS/trunk/ROMS/Functionals"' -D'SVN_REV=""' -IROMS/Include -IROMS/Nonlinear -IROMS/Nonlinear/Biology -IROMS/Nonlinear/Sediment -IROMS/Utility -IROMS/Drivers -IROMS/Functionals -I/home/dave/projects/OSOM_Cosine -IMaster -ICompilers -D'HEADER_DIR="/home/dave/projects/OSOM_Cosine"'  ROMS/Utility/def_tides.F > /home/dave/projects/OSOM_Cosine/Build/def_tides.f90
ROMS/Bin/cpp_clean /home/dave/projects/OSOM_Cosine/Build/def_tides.f90
cd /home/dave/projects/OSOM_Cosine/Build; /opt/openmpi/bin/mpif90 -c -frepack-arrays -O3 -ffast-math def_tides.f90
/usr/bin/cpp -P -traditional -DMPI -DLINUX -DX86_64 -DGFORTRAN -D'ROOT_DIR="/home/dave/ROMS/trunk"' -DEPSCOR_UMAINE15 -D'HEADER="epscor_umaine15.h"' -D'ROMS_HEADER="/home/dave/projects/OSOM_Cosine/epscor_umaine15.h"' -DNestedGrids= -D'ANALYTICAL_DIR="/home/dave/ROMS/trunk/ROMS/Functionals"' -D'SVN_REV=""' -IROMS/Include -IROMS/Nonlinear -IROMS/Nonlinear/Biology -IROMS/Nonlinear/Sediment -IROMS/Utility -IROMS/Drivers -IROMS/Functionals -I/home/dave/projects/OSOM_Cosine -IMaster -ICompilers -D'HEADER_DIR="/home/dave/projects/OSOM_Cosine"'  ROMS/Utility/set_ngfldr.F > /home/dave/projects/OSOM_Cosine/Build/set_ngfldr.f90
ROMS/Bin/cpp_clean /home/dave/projects/OSOM_Cosine/Build/set_ngfldr.f90
cd /home/dave/projects/OSOM_Cosine/Build; /opt/openmpi/bin/mpif90 -c -frepack-arrays -O3 -ffast-math set_ngfldr.f90
/usr/bin/cpp -P -traditional -DMPI -DLINUX -DX86_64 -DGFORTRAN -D'ROOT_DIR="/home/dave/ROMS/trunk"' -DEPSCOR_UMAINE15 -D'HEADER="epscor_umaine15.h"' -D'ROMS_HEADER="/home/dave/projects/OSOM_Cosine/epscor_umaine15.h"' -DNestedGrids= -D'ANALYTICAL_DIR="/home/dave/ROMS/trunk/ROMS/Functionals"' -D'SVN_REV=""' -IROMS/Include -IROMS/Nonlinear -IROMS/Nonlinear/Biology -IROMS/Nonlinear/Sediment -IROMS/Utility -IROMS/Drivers -IROMS/Functionals -I/home/dave/projects/OSOM_Cosine -IMaster -ICompilers -D'HEADER_DIR="/home/dave/projects/OSOM_Cosine"'  ROMS/Utility/set_scoord.F > /home/dave/projects/OSOM_Cosine/Build/set_scoord.f90
ROMS/Bin/cpp_clean /home/dave/projects/OSOM_Cosine/Build/set_scoord.f90
cd /home/dave/projects/OSOM_Cosine/Build; /opt/openmpi/bin/mpif90 -c -frepack-arrays -O3 -ffast-math set_scoord.f90
/usr/bin/cpp -P -traditional -DMPI -DLINUX -DX86_64 -DGFORTRAN -D'ROOT_DIR="/home/dave/ROMS/trunk"' -DEPSCOR_UMAINE15 -D'HEADER="epscor_umaine15.h"' -D'ROMS_HEADER="/home/dave/projects/OSOM_Cosine/epscor_umaine15.h"' -DNestedGrids= -D'ANALYTICAL_DIR="/home/dave/ROMS/trunk/ROMS/Functionals"' -D'SVN_REV=""' -IROMS/Include -IROMS/Nonlinear -IROMS/Nonlinear/Biology -IROMS/Nonlinear/Sediment -IROMS/Utility -IROMS/Drivers -IROMS/Functionals -I/home/dave/projects/OSOM_Cosine -IMaster -ICompilers -D'HEADER_DIR="/home/dave/projects/OSOM_Cosine"'  ROMS/Utility/ini_hmixcoef.F > /home/dave/projects/OSOM_Cosine/Build/ini_hmixcoef.f90
ROMS/Bin/cpp_clean /home/dave/projects/OSOM_Cosine/Build/ini_hmixcoef.f90
cd /home/dave/projects/OSOM_Cosine/Build; /opt/openmpi/bin/mpif90 -c -frepack-arrays -O3 -ffast-math ini_hmixcoef.f90
/usr/bin/cpp -P -traditional -DMPI -DLINUX -DX86_64 -DGFORTRAN -D'ROOT_DIR="/home/dave/ROMS/trunk"' -DEPSCOR_UMAINE15 -D'HEADER="epscor_umaine15.h"' -D'ROMS_HEADER="/home/dave/projects/OSOM_Cosine/epscor_umaine15.h"' -DNestedGrids= -D'ANALYTICAL_DIR="/home/dave/ROMS/trunk/ROMS/Functionals"' -D'SVN_REV=""' -IROMS/Include -IROMS/Nonlinear -IROMS/Nonlinear/Biology -IROMS/Nonlinear/Sediment -IROMS/Utility -IROMS/Drivers -IROMS/Functionals -I/home/dave/projects/OSOM_Cosine -IMaster -ICompilers -D'HEADER_DIR="/home/dave/projects/OSOM_Cosine"'  ROMS/Utility/get_2dfldr.F > /home/dave/projects/OSOM_Cosine/Build/get_2dfldr.f90
ROMS/Bin/cpp_clean /home/dave/projects/OSOM_Cosine/Build/get_2dfldr.f90
cd /home/dave/projects/OSOM_Cosine/Build; /opt/openmpi/bin/mpif90 -c -frepack-arrays -O3 -ffast-math get_2dfldr.f90
/usr/bin/cpp -P -traditional -DMPI -DLINUX -DX86_64 -DGFORTRAN -D'ROOT_DIR="/home/dave/ROMS/trunk"' -DEPSCOR_UMAINE15 -D'HEADER="epscor_umaine15.h"' -D'ROMS_HEADER="/home/dave/projects/OSOM_Cosine/epscor_umaine15.h"' -DNestedGrids= -D'ANALYTICAL_DIR="/home/dave/ROMS/trunk/ROMS/Functionals"' -D'SVN_REV=""' -IROMS/Include -IROMS/Nonlinear -IROMS/Nonlinear/Biology -IROMS/Nonlinear/Sediment -IROMS/Utility -IROMS/Drivers -IROMS/Functionals -I/home/dave/projects/OSOM_Cosine -IMaster -ICompilers -D'HEADER_DIR="/home/dave/projects/OSOM_Cosine"'  ROMS/Utility/get_ngfld.F > /home/dave/projects/OSOM_Cosine/Build/get_ngfld.f90
ROMS/Bin/cpp_clean /home/dave/projects/OSOM_Cosine/Build/get_ngfld.f90
cd /home/dave/projects/OSOM_Cosine/Build; /opt/openmpi/bin/mpif90 -c -frepack-arrays -O3 -ffast-math get_ngfld.f90
/usr/bin/cpp -P -traditional -DMPI -DLINUX -DX86_64 -DGFORTRAN -D'ROOT_DIR="/home/dave/ROMS/trunk"' -DEPSCOR_UMAINE15 -D'HEADER="epscor_umaine15.h"' -D'ROMS_HEADER="/home/dave/projects/OSOM_Cosine/epscor_umaine15.h"' -DNestedGrids= -D'ANALYTICAL_DIR="/home/dave/ROMS/trunk/ROMS/Functionals"' -D'SVN_REV=""' -IROMS/Include -IROMS/Nonlinear -IROMS/Nonlinear/Biology -IROMS/Nonlinear/Sediment -IROMS/Utility -IROMS/Drivers -IROMS/Functionals -I/home/dave/projects/OSOM_Cosine -IMaster -ICompilers -D'HEADER_DIR="/home/dave/projects/OSOM_Cosine"'  ROMS/Utility/get_cycle.F > /home/dave/projects/OSOM_Cosine/Build/get_cycle.f90
ROMS/Bin/cpp_clean /home/dave/projects/OSOM_Cosine/Build/get_cycle.f90
cd /home/dave/projects/OSOM_Cosine/Build; /opt/openmpi/bin/mpif90 -c -frepack-arrays -O3 -ffast-math get_cycle.f90
/usr/bin/cpp -P -traditional -DMPI -DLINUX -DX86_64 -DGFORTRAN -D'ROOT_DIR="/home/dave/ROMS/trunk"' -DEPSCOR_UMAINE15 -D'HEADER="epscor_umaine15.h"' -D'ROMS_HEADER="/home/dave/projects/OSOM_Cosine/epscor_umaine15.h"' -DNestedGrids= -D'ANALYTICAL_DIR="/home/dave/ROMS/trunk/ROMS/Functionals"' -D'SVN_REV=""' -IROMS/Include -IROMS/Nonlinear -IROMS/Nonlinear/Biology -IROMS/Nonlinear/Sediment -IROMS/Utility -IROMS/Drivers -IROMS/Functionals -I/home/dave/projects/OSOM_Cosine -IMaster -ICompilers -D'HEADER_DIR="/home/dave/projects/OSOM_Cosine"'  ROMS/Utility/get_grid.F > /home/dave/projects/OSOM_Cosine/Build/get_grid.f90
ROMS/Bin/cpp_clean /home/dave/projects/OSOM_Cosine/Build/get_grid.f90
/usr/bin/cpp -P -traditional -DMPI -DLINUX -DX86_64 -DGFORTRAN -D'ROOT_DIR="/home/dave/ROMS/trunk"' -DEPSCOR_UMAINE15 -D'HEADER="epscor_umaine15.h"' -D'ROMS_HEADER="/home/dave/projects/OSOM_Cosine/epscor_umaine15.h"' -DNestedGrids= -D'ANALYTICAL_DIR="/home/dave/ROMS/trunk/ROMS/Functionals"' -D'SVN_REV=""' -IROMS/Include -IROMS/Nonlinear -IROMS/Nonlinear/Biology -IROMS/Nonlinear/Sediment -IROMS/Utility -IROMS/Drivers -IROMS/Functionals -I/home/dave/projects/OSOM_Cosine -IMaster -ICompilers -D'HEADER_DIR="/home/dave/projects/OSOM_Cosine"'  ROMS/Nonlinear/nesting.F > /home/dave/projects/OSOM_Cosine/Build/nesting.f90
ROMS/Bin/cpp_clean /home/dave/projects/OSOM_Cosine/Build/nesting.f90
cd /home/dave/projects/OSOM_Cosine/Build; /opt/openmpi/bin/mpif90 -c -frepack-arrays -O3 -ffast-math nesting.f90
cd /home/dave/projects/OSOM_Cosine/Build; /opt/openmpi/bin/mpif90 -c -frepack-arrays -O3 -ffast-math get_grid.f90
/usr/bin/cpp -P -traditional -DMPI -DLINUX -DX86_64 -DGFORTRAN -D'ROOT_DIR="/home/dave/ROMS/trunk"' -DEPSCOR_UMAINE15 -D'HEADER="epscor_umaine15.h"' -D'ROMS_HEADER="/home/dave/projects/OSOM_Cosine/epscor_umaine15.h"' -DNestedGrids= -D'ANALYTICAL_DIR="/home/dave/ROMS/trunk/ROMS/Functionals"' -D'SVN_REV=""' -IROMS/Include -IROMS/Nonlinear -IROMS/Nonlinear/Biology -IROMS/Nonlinear/Sediment -IROMS/Utility -IROMS/Drivers -IROMS/Functionals -I/home/dave/projects/OSOM_Cosine -IMaster -ICompilers -D'HEADER_DIR="/home/dave/projects/OSOM_Cosine"'  ROMS/Utility/obs_write.F > /home/dave/projects/OSOM_Cosine/Build/obs_write.f90
ROMS/Bin/cpp_clean /home/dave/projects/OSOM_Cosine/Build/obs_write.f90
cd /home/dave/projects/OSOM_Cosine/Build; /opt/openmpi/bin/mpif90 -c -frepack-arrays -O3 -ffast-math obs_write.f90
/usr/bin/cpp -P -traditional -DMPI -DLINUX -DX86_64 -DGFORTRAN -D'ROOT_DIR="/home/dave/ROMS/trunk"' -DEPSCOR_UMAINE15 -D'HEADER="epscor_umaine15.h"' -D'ROMS_HEADER="/home/dave/projects/OSOM_Cosine/epscor_umaine15.h"' -DNestedGrids= -D'ANALYTICAL_DIR="/home/dave/ROMS/trunk/ROMS/Functionals"' -D'SVN_REV=""' -IROMS/Include -IROMS/Nonlinear -IROMS/Nonlinear/Biology -IROMS/Nonlinear/Sediment -IROMS/Utility -IROMS/Drivers -IROMS/Functionals -I/home/dave/projects/OSOM_Cosine -IMaster -ICompilers -D'HEADER_DIR="/home/dave/projects/OSOM_Cosine"'  ROMS/Utility/get_gst.F > /home/dave/projects/OSOM_Cosine/Build/get_gst.f90
ROMS/Bin/cpp_clean /home/dave/projects/OSOM_Cosine/Build/get_gst.f90
cd /home/dave/projects/OSOM_Cosine/Build; /opt/openmpi/bin/mpif90 -c -frepack-arrays -O3 -ffast-math get_gst.f90
/usr/bin/cpp -P -traditional -DMPI -DLINUX -DX86_64 -DGFORTRAN -D'ROOT_DIR="/home/dave/ROMS/trunk"' -DEPSCOR_UMAINE15 -D'HEADER="epscor_umaine15.h"' -D'ROMS_HEADER="/home/dave/projects/OSOM_Cosine/epscor_umaine15.h"' -DNestedGrids= -D'ANALYTICAL_DIR="/home/dave/ROMS/trunk/ROMS/Functionals"' -D'SVN_REV=""' -IROMS/Include -IROMS/Nonlinear -IROMS/Nonlinear/Biology -IROMS/Nonlinear/Sediment -IROMS/Utility -IROMS/Drivers -IROMS/Functionals -I/home/dave/projects/OSOM_Cosine -IMaster -ICompilers -D'HEADER_DIR="/home/dave/projects/OSOM_Cosine"'  ROMS/Utility/shapiro.F > /home/dave/projects/OSOM_Cosine/Build/shapiro.f90
ROMS/Bin/cpp_clean /home/dave/projects/OSOM_Cosine/Build/shapiro.f90
cd /home/dave/projects/OSOM_Cosine/Build; /opt/openmpi/bin/mpif90 -c -frepack-arrays -O3 -ffast-math shapiro.f90
/usr/bin/cpp -P -traditional -DMPI -DLINUX -DX86_64 -DGFORTRAN -D'ROOT_DIR="/home/dave/ROMS/trunk"' -DEPSCOR_UMAINE15 -D'HEADER="epscor_umaine15.h"' -D'ROMS_HEADER="/home/dave/projects/OSOM_Cosine/epscor_umaine15.h"' -DNestedGrids= -D'ANALYTICAL_DIR="/home/dave/ROMS/trunk/ROMS/Functionals"' -D'SVN_REV=""' -IROMS/Include -IROMS/Nonlinear -IROMS/Nonlinear/Biology -IROMS/Nonlinear/Sediment -IROMS/Utility -IROMS/Drivers -IROMS/Functionals -I/home/dave/projects/OSOM_Cosine -IMaster -ICompilers -D'HEADER_DIR="/home/dave/projects/OSOM_Cosine"'  ROMS/Utility/obs_cost.F > /home/dave/projects/OSOM_Cosine/Build/obs_cost.f90
ROMS/Bin/cpp_clean /home/dave/projects/OSOM_Cosine/Build/obs_cost.f90
cd /home/dave/projects/OSOM_Cosine/Build; /opt/openmpi/bin/mpif90 -c -frepack-arrays -O3 -ffast-math obs_cost.f90
/usr/bin/cpp -P -traditional -DMPI -DLINUX -DX86_64 -DGFORTRAN -D'ROOT_DIR="/home/dave/ROMS/trunk"' -DEPSCOR_UMAINE15 -D'HEADER="epscor_umaine15.h"' -D'ROMS_HEADER="/home/dave/projects/OSOM_Cosine/epscor_umaine15.h"' -DNestedGrids= -D'ANALYTICAL_DIR="/home/dave/ROMS/trunk/ROMS/Functionals"' -D'SVN_REV=""' -IROMS/Include -IROMS/Nonlinear -IROMS/Nonlinear/Biology -IROMS/Nonlinear/Sediment -IROMS/Utility -IROMS/Drivers -IROMS/Functionals -I/home/dave/projects/OSOM_Cosine -IMaster -ICompilers -D'HEADER_DIR="/home/dave/projects/OSOM_Cosine"'  ROMS/Utility/checkvars.F > /home/dave/projects/OSOM_Cosine/Build/checkvars.f90
ROMS/Bin/cpp_clean /home/dave/projects/OSOM_Cosine/Build/checkvars.f90
cd /home/dave/projects/OSOM_Cosine/Build; /opt/openmpi/bin/mpif90 -c -frepack-arrays -O3 -ffast-math checkvars.f90
/usr/bin/cpp -P -traditional -DMPI -DLINUX -DX86_64 -DGFORTRAN -D'ROOT_DIR="/home/dave/ROMS/trunk"' -DEPSCOR_UMAINE15 -D'HEADER="epscor_umaine15.h"' -D'ROMS_HEADER="/home/dave/projects/OSOM_Cosine/epscor_umaine15.h"' -DNestedGrids= -D'ANALYTICAL_DIR="/home/dave/ROMS/trunk/ROMS/Functionals"' -D'SVN_REV=""' -IROMS/Include -IROMS/Nonlinear -IROMS/Nonlinear/Biology -IROMS/Nonlinear/Sediment -IROMS/Utility -IROMS/Drivers -IROMS/Functionals -I/home/dave/projects/OSOM_Cosine -IMaster -ICompilers -D'HEADER_DIR="/home/dave/projects/OSOM_Cosine"'  ROMS/Utility/get_state.F > /home/dave/projects/OSOM_Cosine/Build/get_state.f90
ROMS/Bin/cpp_clean /home/dave/projects/OSOM_Cosine/Build/get_state.f90
cd /home/dave/projects/OSOM_Cosine/Build; /opt/openmpi/bin/mpif90 -c -frepack-arrays -O3 -ffast-math get_state.f90
/usr/bin/cpp -P -traditional -DMPI -DLINUX -DX86_64 -DGFORTRAN -D'ROOT_DIR="/home/dave/ROMS/trunk"' -DEPSCOR_UMAINE15 -D'HEADER="epscor_umaine15.h"' -D'ROMS_HEADER="/home/dave/projects/OSOM_Cosine/epscor_umaine15.h"' -DNestedGrids= -D'ANALYTICAL_DIR="/home/dave/ROMS/trunk/ROMS/Functionals"' -D'SVN_REV=""' -IROMS/Include -IROMS/Nonlinear -IROMS/Nonlinear/Biology -IROMS/Nonlinear/Sediment -IROMS/Utility -IROMS/Drivers -IROMS/Functionals -I/home/dave/projects/OSOM_Cosine -IMaster -ICompilers -D'HEADER_DIR="/home/dave/projects/OSOM_Cosine"'  ROMS/Utility/def_station.F > /home/dave/projects/OSOM_Cosine/Build/def_station.f90
ROMS/Bin/cpp_clean /home/dave/projects/OSOM_Cosine/Build/def_station.f90
cd /home/dave/projects/OSOM_Cosine/Build; /opt/openmpi/bin/mpif90 -c -frepack-arrays -O3 -ffast-math def_station.f90
/usr/bin/cpp -P -traditional -DMPI -DLINUX -DX86_64 -DGFORTRAN -D'ROOT_DIR="/home/dave/ROMS/trunk"' -DEPSCOR_UMAINE15 -D'HEADER="epscor_umaine15.h"' -D'ROMS_HEADER="/home/dave/projects/OSOM_Cosine/epscor_umaine15.h"' -DNestedGrids= -D'ANALYTICAL_DIR="/home/dave/ROMS/trunk/ROMS/Functionals"' -D'SVN_REV=""' -IROMS/Include -IROMS/Nonlinear -IROMS/Nonlinear/Biology -IROMS/Nonlinear/Sediment -IROMS/Utility -IROMS/Drivers -IROMS/Functionals -I/home/dave/projects/OSOM_Cosine -IMaster -ICompilers -D'HEADER_DIR="/home/dave/projects/OSOM_Cosine"'  ROMS/Utility/checkdefs.F > /home/dave/projects/OSOM_Cosine/Build/checkdefs.f90
ROMS/Bin/cpp_clean /home/dave/projects/OSOM_Cosine/Build/checkdefs.f90
cd /home/dave/projects/OSOM_Cosine/Build; /opt/openmpi/bin/mpif90 -c -frepack-arrays -O3 -ffast-math checkdefs.f90
/usr/bin/cpp -P -traditional -DMPI -DLINUX -DX86_64 -DGFORTRAN -D'ROOT_DIR="/home/dave/ROMS/trunk"' -DEPSCOR_UMAINE15 -D'HEADER="epscor_umaine15.h"' -D'ROMS_HEADER="/home/dave/projects/OSOM_Cosine/epscor_umaine15.h"' -DNestedGrids= -D'ANALYTICAL_DIR="/home/dave/ROMS/trunk/ROMS/Functionals"' -D'SVN_REV=""' -IROMS/Include -IROMS/Nonlinear -IROMS/Nonlinear/Biology -IROMS/Nonlinear/Sediment -IROMS/Utility -IROMS/Drivers -IROMS/Functionals -I/home/dave/projects/OSOM_Cosine -IMaster -ICompilers -D'HEADER_DIR="/home/dave/projects/OSOM_Cosine"'  ROMS/Utility/ran1.F > /home/dave/projects/OSOM_Cosine/Build/ran1.f90
ROMS/Bin/cpp_clean /home/dave/projects/OSOM_Cosine/Build/ran1.f90
cd /home/dave/projects/OSOM_Cosine/Build; /opt/openmpi/bin/mpif90 -c -frepack-arrays -O3 -ffast-math ran1.f90
/usr/bin/cpp -P -traditional -DMPI -DLINUX -DX86_64 -DGFORTRAN -D'ROOT_DIR="/home/dave/ROMS/trunk"' -DEPSCOR_UMAINE15 -D'HEADER="epscor_umaine15.h"' -D'ROMS_HEADER="/home/dave/projects/OSOM_Cosine/epscor_umaine15.h"' -DNestedGrids= -D'ANALYTICAL_DIR="/home/dave/ROMS/trunk/ROMS/Functionals"' -D'SVN_REV=""' -IROMS/Include -IROMS/Nonlinear -IROMS/Nonlinear/Biology -IROMS/Nonlinear/Sediment -IROMS/Utility -IROMS/Drivers -IROMS/Functionals -I/home/dave/projects/OSOM_Cosine -IMaster -ICompilers -D'HEADER_DIR="/home/dave/projects/OSOM_Cosine"'  ROMS/Utility/timers.F > /home/dave/projects/OSOM_Cosine/Build/timers.f90
ROMS/Bin/cpp_clean /home/dave/projects/OSOM_Cosine/Build/timers.f90
cd /home/dave/projects/OSOM_Cosine/Build; /opt/openmpi/bin/mpif90 -c -frepack-arrays -O3 -ffast-math timers.f90
/usr/bin/cpp -P -traditional -DMPI -DLINUX -DX86_64 -DGFORTRAN -D'ROOT_DIR="/home/dave/ROMS/trunk"' -DEPSCOR_UMAINE15 -D'HEADER="epscor_umaine15.h"' -D'ROMS_HEADER="/home/dave/projects/OSOM_Cosine/epscor_umaine15.h"' -DNestedGrids= -D'ANALYTICAL_DIR="/home/dave/ROMS/trunk/ROMS/Functionals"' -D'SVN_REV=""' -IROMS/Include -IROMS/Nonlinear -IROMS/Nonlinear/Biology -IROMS/Nonlinear/Sediment -IROMS/Utility -IROMS/Drivers -IROMS/Functionals -I/home/dave/projects/OSOM_Cosine -IMaster -ICompilers -D'HEADER_DIR="/home/dave/projects/OSOM_Cosine"'  ROMS/Utility/check_multifile.F > /home/dave/projects/OSOM_Cosine/Build/check_multifile.f90
ROMS/Bin/cpp_clean /home/dave/projects/OSOM_Cosine/Build/check_multifile.f90
cd /home/dave/projects/OSOM_Cosine/Build; /opt/openmpi/bin/mpif90 -c -frepack-arrays -O3 -ffast-math check_multifile.f90
/usr/bin/cpp -P -traditional -DMPI -DLINUX -DX86_64 -DGFORTRAN -D'ROOT_DIR="/home/dave/ROMS/trunk"' -DEPSCOR_UMAINE15 -D'HEADER="epscor_umaine15.h"' -D'ROMS_HEADER="/home/dave/projects/OSOM_Cosine/epscor_umaine15.h"' -DNestedGrids= -D'ANALYTICAL_DIR="/home/dave/ROMS/trunk/ROMS/Functionals"' -D'SVN_REV=""' -IROMS/Include -IROMS/Nonlinear -IROMS/Nonlinear/Biology -IROMS/Nonlinear/Sediment -IROMS/Utility -IROMS/Drivers -IROMS/Functionals -I/home/dave/projects/OSOM_Cosine -IMaster -ICompilers -D'HEADER_DIR="/home/dave/projects/OSOM_Cosine"'  ROMS/Utility/lbc.F > /home/dave/projects/OSOM_Cosine/Build/lbc.f90
ROMS/Bin/cpp_clean /home/dave/projects/OSOM_Cosine/Build/lbc.f90
cd /home/dave/projects/OSOM_Cosine/Build; /opt/openmpi/bin/mpif90 -c -frepack-arrays -O3 -ffast-math lbc.f90
/usr/bin/cpp -P -traditional -DMPI -DLINUX -DX86_64 -DGFORTRAN -D'ROOT_DIR="/home/dave/ROMS/trunk"' -DEPSCOR_UMAINE15 -D'HEADER="epscor_umaine15.h"' -D'ROMS_HEADER="/home/dave/projects/OSOM_Cosine/epscor_umaine15.h"' -DNestedGrids= -D'ANALYTICAL_DIR="/home/dave/ROMS/trunk/ROMS/Functionals"' -D'SVN_REV=""' -IROMS/Include -IROMS/Nonlinear -IROMS/Nonlinear/Biology -IROMS/Nonlinear/Sediment -IROMS/Utility -IROMS/Drivers -IROMS/Functionals -I/home/dave/projects/OSOM_Cosine -IMaster -ICompilers -D'HEADER_DIR="/home/dave/projects/OSOM_Cosine"'  ROMS/Utility/close_io.F > /home/dave/projects/OSOM_Cosine/Build/close_io.f90
ROMS/Bin/cpp_clean /home/dave/projects/OSOM_Cosine/Build/close_io.f90
cd /home/dave/projects/OSOM_Cosine/Build; /opt/openmpi/bin/mpif90 -c -frepack-arrays -O3 -ffast-math close_io.f90
/usr/bin/cpp -P -traditional -DMPI -DLINUX -DX86_64 -DGFORTRAN -D'ROOT_DIR="/home/dave/ROMS/trunk"' -DEPSCOR_UMAINE15 -D'HEADER="epscor_umaine15.h"' -D'ROMS_HEADER="/home/dave/projects/OSOM_Cosine/epscor_umaine15.h"' -DNestedGrids= -D'ANALYTICAL_DIR="/home/dave/ROMS/trunk/ROMS/Functionals"' -D'SVN_REV=""' -IROMS/Include -IROMS/Nonlinear -IROMS/Nonlinear/Biology -IROMS/Nonlinear/Sediment -IROMS/Utility -IROMS/Drivers -IROMS/Functionals -I/home/dave/projects/OSOM_Cosine -IMaster -ICompilers -D'HEADER_DIR="/home/dave/projects/OSOM_Cosine"'  ROMS/Utility/def_avg.F > /home/dave/projects/OSOM_Cosine/Build/def_avg.f90
ROMS/Bin/cpp_clean /home/dave/projects/OSOM_Cosine/Build/def_avg.f90
cd /home/dave/projects/OSOM_Cosine/Build; /opt/openmpi/bin/mpif90 -c -frepack-arrays -O3 -ffast-math def_avg.f90
/usr/bin/cpp -P -traditional -DMPI -DLINUX -DX86_64 -DGFORTRAN -D'ROOT_DIR="/home/dave/ROMS/trunk"' -DEPSCOR_UMAINE15 -D'HEADER="epscor_umaine15.h"' -D'ROMS_HEADER="/home/dave/projects/OSOM_Cosine/epscor_umaine15.h"' -DNestedGrids= -D'ANALYTICAL_DIR="/home/dave/ROMS/trunk/ROMS/Functionals"' -D'SVN_REV=""' -IROMS/Include -IROMS/Nonlinear -IROMS/Nonlinear/Biology -IROMS/Nonlinear/Sediment -IROMS/Utility -IROMS/Drivers -IROMS/Functionals -I/home/dave/projects/OSOM_Cosine -IMaster -ICompilers -D'HEADER_DIR="/home/dave/projects/OSOM_Cosine"'  ROMS/Utility/ntimestep.F > /home/dave/projects/OSOM_Cosine/Build/ntimestep.f90
ROMS/Bin/cpp_clean /home/dave/projects/OSOM_Cosine/Build/ntimestep.f90
cd /home/dave/projects/OSOM_Cosine/Build; /opt/openmpi/bin/mpif90 -c -frepack-arrays -O3 -ffast-math ntimestep.f90
/usr/bin/cpp -P -traditional -DMPI -DLINUX -DX86_64 -DGFORTRAN -D'ROOT_DIR="/home/dave/ROMS/trunk"' -DEPSCOR_UMAINE15 -D'HEADER="epscor_umaine15.h"' -D'ROMS_HEADER="/home/dave/projects/OSOM_Cosine/epscor_umaine15.h"' -DNestedGrids= -D'ANALYTICAL_DIR="/home/dave/ROMS/trunk/ROMS/Functionals"' -D'SVN_REV=""' -IROMS/Include -IROMS/Nonlinear -IROMS/Nonlinear/Biology -IROMS/Nonlinear/Sediment -IROMS/Utility -IROMS/Drivers -IROMS/Functionals -I/home/dave/projects/OSOM_Cosine -IMaster -ICompilers -D'HEADER_DIR="/home/dave/projects/OSOM_Cosine"'  ROMS/Utility/wrt_tides.F > /home/dave/projects/OSOM_Cosine/Build/wrt_tides.f90
ROMS/Bin/cpp_clean /home/dave/projects/OSOM_Cosine/Build/wrt_tides.f90
cd /home/dave/projects/OSOM_Cosine/Build; /opt/openmpi/bin/mpif90 -c -frepack-arrays -O3 -ffast-math wrt_tides.f90
/usr/bin/cpp -P -traditional -DMPI -DLINUX -DX86_64 -DGFORTRAN -D'ROOT_DIR="/home/dave/ROMS/trunk"' -DEPSCOR_UMAINE15 -D'HEADER="epscor_umaine15.h"' -D'ROMS_HEADER="/home/dave/projects/OSOM_Cosine/epscor_umaine15.h"' -DNestedGrids= -D'ANALYTICAL_DIR="/home/dave/ROMS/trunk/ROMS/Functionals"' -D'SVN_REV=""' -IROMS/Include -IROMS/Nonlinear -IROMS/Nonlinear/Biology -IROMS/Nonlinear/Sediment -IROMS/Utility -IROMS/Drivers -IROMS/Functionals -I/home/dave/projects/OSOM_Cosine -IMaster -ICompilers -D'HEADER_DIR="/home/dave/projects/OSOM_Cosine"'  ROMS/Utility/def_error.F > /home/dave/projects/OSOM_Cosine/Build/def_error.f90
ROMS/Bin/cpp_clean /home/dave/projects/OSOM_Cosine/Build/def_error.f90
cd /home/dave/projects/OSOM_Cosine/Build; /opt/openmpi/bin/mpif90 -c -frepack-arrays -O3 -ffast-math def_error.f90
/usr/bin/cpp -P -traditional -DMPI -DLINUX -DX86_64 -DGFORTRAN -D'ROOT_DIR="/home/dave/ROMS/trunk"' -DEPSCOR_UMAINE15 -D'HEADER="epscor_umaine15.h"' -D'ROMS_HEADER="/home/dave/projects/OSOM_Cosine/epscor_umaine15.h"' -DNestedGrids= -D'ANALYTICAL_DIR="/home/dave/ROMS/trunk/ROMS/Functionals"' -D'SVN_REV=""' -IROMS/Include -IROMS/Nonlinear -IROMS/Nonlinear/Biology -IROMS/Nonlinear/Sediment -IROMS/Utility -IROMS/Drivers -IROMS/Functionals -I/home/dave/projects/OSOM_Cosine -IMaster -ICompilers -D'HEADER_DIR="/home/dave/projects/OSOM_Cosine"'  ROMS/Utility/vorticity.F > /home/dave/projects/OSOM_Cosine/Build/vorticity.f90
ROMS/Bin/cpp_clean /home/dave/projects/OSOM_Cosine/Build/vorticity.f90
cd /home/dave/projects/OSOM_Cosine/Build; /opt/openmpi/bin/mpif90 -c -frepack-arrays -O3 -ffast-math vorticity.f90
ar -r /home/dave/projects/OSOM_Cosine/Build/libUTIL.a /home/dave/projects/OSOM_Cosine/Build/get_wetdry.o /home/dave/projects/OSOM_Cosine/Build/abort.o /home/dave/projects/OSOM_Cosine/Build/state_dotprod.o /home/dave/projects/OSOM_Cosine/Build/metrics.o /home/dave/projects/OSOM_Cosine/Build/def_hessian.o /home/dave/projects/OSOM_Cosine/Build/get_3dfldr.o /home/dave/projects/OSOM_Cosine/Build/nf_fread2d_bry.o /home/dave/projects/OSOM_Cosine/Build/convolve.o /home/dave/projects/OSOM_Cosine/Build/nf_fread2d.o /home/dave/projects/OSOM_Cosine/Build/obs_depth.o /home/dave/projects/OSOM_Cosine/Build/checkerror.o /home/dave/projects/OSOM_Cosine/Build/dotproduct.o /home/dave/projects/OSOM_Cosine/Build/set_2dfldr.o /home/dave/projects/OSOM_Cosine/Build/normalization.o /home/dave/projects/OSOM_Cosine/Build/wrt_hessian.o /home/dave/projects/OSOM_Cosine/Build/get_nudgcoef.o /home/dave/projects/OSOM_Cosine/Build/wrt_ini.o /home/dave/projects/OSOM_Cosine/Build/wpoints.o /home/dave/projects/OSOM_Cosine/Build/congrad.o /home/dave/projects/OSOM_Cosine/Build/wrt_gst.o /home/dave/projects/OSOM_Cosine/Build/get_2dfld.o /home/dave/projects/OSOM_Cosine/Build/read_fltpar.o /home/dave/projects/OSOM_Cosine/Build/read_sedpar.o /home/dave/projects/OSOM_Cosine/Build/nf_fwrite3d_bry.o /home/dave/projects/OSOM_Cosine/Build/def_gst.o /home/dave/projects/OSOM_Cosine/Build/packing.o /home/dave/projects/OSOM_Cosine/Build/stats_modobs.o /home/dave/projects/OSOM_Cosine/Build/regrid.o /home/dave/projects/OSOM_Cosine/Build/def_lanczos.o /home/dave/projects/OSOM_Cosine/Build/state_scale.o /home/dave/projects/OSOM_Cosine/Build/wrt_info.o /home/dave/projects/OSOM_Cosine/Build/extract_sta.o /home/dave/projects/OSOM_Cosine/Build/wrt_floats.o /home/dave/projects/OSOM_Cosine/Build/read_asspar.o /home/dave/projects/OSOM_Cosine/Build/posterior.o /home/dave/projects/OSOM_Cosine/Build/nf_fread3d_bry.o /home/dave/projects/OSOM_Cosine/Build/wrt_diags.o /home/dave/projects/OSOM_Cosine/Build/nf_fread4d.o /home/dave/projects/OSOM_Cosine/Build/stiffness.o /home/dave/projects/OSOM_Cosine/Build/inner2state.o /home/dave/projects/OSOM_Cosine/Build/back_cost.o /home/dave/projects/OSOM_Cosine/Build/read_biopar.o /home/dave/projects/OSOM_Cosine/Build/obs_read.o /home/dave/projects/OSOM_Cosine/Build/def_ini.o /home/dave/projects/OSOM_Cosine/Build/zeta_balance.o /home/dave/projects/OSOM_Cosine/Build/rep_matrix.o /home/dave/projects/OSOM_Cosine/Build/def_mod.o /home/dave/projects/OSOM_Cosine/Build/ludcmp.o /home/dave/projects/OSOM_Cosine/Build/distribute.o /home/dave/projects/OSOM_Cosine/Build/set_contact.o /home/dave/projects/OSOM_Cosine/Build/read_phypar.o /home/dave/projects/OSOM_Cosine/Build/mp_exchange.o /home/dave/projects/OSOM_Cosine/Build/frc_weak.o /home/dave/projects/OSOM_Cosine/Build/def_dim.o /home/dave/projects/OSOM_Cosine/Build/state_initialize.o /home/dave/projects/OSOM_Cosine/Build/nrutil.o /home/dave/projects/OSOM_Cosine/Build/lubksb.o /home/dave/projects/OSOM_Cosine/Build/state_addition.o /home/dave/projects/OSOM_Cosine/Build/wrt_his.o /home/dave/projects/OSOM_Cosine/Build/nf_fread3d.o /home/dave/projects/OSOM_Cosine/Build/get_ngfldr.o /home/dave/projects/OSOM_Cosine/Build/set_2dfld.o /home/dave/projects/OSOM_Cosine/Build/read_fltbiopar.o /home/dave/projects/OSOM_Cosine/Build/def_diags.o /home/dave/projects/OSOM_Cosine/Build/extract_obs.o /home/dave/projects/OSOM_Cosine/Build/wrt_rst.o /home/dave/projects/OSOM_Cosine/Build/get_bounds.o /home/dave/projects/OSOM_Cosine/Build/inp_par.o /home/dave/projects/OSOM_Cosine/Build/set_ngfld.o /home/dave/projects/OSOM_Cosine/Build/def_impulse.o /home/dave/projects/OSOM_Cosine/Build/obs_initial.o /home/dave/projects/OSOM_Cosine/Build/set_diags.o /home/dave/projects/OSOM_Cosine/Build/wrt_impulse.o /home/dave/projects/OSOM_Cosine/Build/set_3dfldr.o /home/dave/projects/OSOM_Cosine/Build/read_couplepar.o /home/dave/projects/OSOM_Cosine/Build/uv_rotate.o /home/dave/projects/OSOM_Cosine/Build/grid_coords.o /home/dave/projects/OSOM_Cosine/Build/sum_grad.o /home/dave/projects/OSOM_Cosine/Build/wrt_station.o /home/dave/projects/OSOM_Cosine/Build/strings.o /home/dave/projects/OSOM_Cosine/Build/ran_state.o /home/dave/projects/OSOM_Cosine/Build/get_3dfld.o /home/dave/projects/OSOM_Cosine/Build/set_weights.o /home/dave/projects/OSOM_Cosine/Build/set_3dfld.o /home/dave/projects/OSOM_Cosine/Build/erf.o /home/dave/projects/OSOM_Cosine/Build/sqlq.o /home/dave/projects/OSOM_Cosine/Build/cgradient.o /home/dave/projects/OSOM_Cosine/Build/state_product.o /home/dave/projects/OSOM_Cosine/Build/checkadj.o /home/dave/projects/OSOM_Cosine/Build/random_ic.o /home/dave/projects/OSOM_Cosine/Build/def_his.o /home/dave/projects/OSOM_Cosine/Build/def_info.o /home/dave/projects/OSOM_Cosine/Build/state_copy.o /home/dave/projects/OSOM_Cosine/Build/def_floats.o /home/dave/projects/OSOM_Cosine/Build/mp_routines.o /home/dave/projects/OSOM_Cosine/Build/def_norm.o /home/dave/projects/OSOM_Cosine/Build/ini_lanczos.o /home/dave/projects/OSOM_Cosine/Build/def_rst.o /home/dave/projects/OSOM_Cosine/Build/posterior_var.o /home/dave/projects/OSOM_Cosine/Build/wrt_avg.o /home/dave/projects/OSOM_Cosine/Build/get_date.o /home/dave/projects/OSOM_Cosine/Build/nf_fwrite2d.o /home/dave/projects/OSOM_Cosine/Build/wrt_error.o /home/dave/projects/OSOM_Cosine/Build/inquire.o /home/dave/projects/OSOM_Cosine/Build/def_var.o /home/dave/projects/OSOM_Cosine/Build/read_stapar.o /home/dave/projects/OSOM_Cosine/Build/gasdev.o /home/dave/projects/OSOM_Cosine/Build/get_varcoords.o /home/dave/projects/OSOM_Cosine/Build/set_masks.o /home/dave/projects/OSOM_Cosine/Build/def_tides.o /home/dave/projects/OSOM_Cosine/Build/set_ngfldr.o /home/dave/projects/OSOM_Cosine/Build/ini_adjust.o /home/dave/projects/OSOM_Cosine/Build/nf_fwrite2d_bry.o /home/dave/projects/OSOM_Cosine/Build/set_scoord.o /home/dave/projects/OSOM_Cosine/Build/ini_hmixcoef.o /home/dave/projects/OSOM_Cosine/Build/get_2dfldr.o /home/dave/projects/OSOM_Cosine/Build/get_ngfld.o /home/dave/projects/OSOM_Cosine/Build/get_cycle.o /home/dave/projects/OSOM_Cosine/Build/get_grid.o /home/dave/projects/OSOM_Cosine/Build/obs_write.o /home/dave/projects/OSOM_Cosine/Build/get_gst.o /home/dave/projects/OSOM_Cosine/Build/shapiro.o /home/dave/projects/OSOM_Cosine/Build/obs_cost.o /home/dave/projects/OSOM_Cosine/Build/checkvars.o /home/dave/projects/OSOM_Cosine/Build/get_state.o /home/dave/projects/OSOM_Cosine/Build/interpolate.o /home/dave/projects/OSOM_Cosine/Build/def_station.o /home/dave/projects/OSOM_Cosine/Build/checkdefs.o /home/dave/projects/OSOM_Cosine/Build/ran1.o /home/dave/projects/OSOM_Cosine/Build/timers.o /home/dave/projects/OSOM_Cosine/Build/check_multifile.o /home/dave/projects/OSOM_Cosine/Build/lbc.o /home/dave/projects/OSOM_Cosine/Build/close_io.o /home/dave/projects/OSOM_Cosine/Build/def_avg.o /home/dave/projects/OSOM_Cosine/Build/ntimestep.o /home/dave/projects/OSOM_Cosine/Build/nf_fwrite4d.o /home/dave/projects/OSOM_Cosine/Build/array_modes.o /home/dave/projects/OSOM_Cosine/Build/white_noise.o /home/dave/projects/OSOM_Cosine/Build/wrt_tides.o /home/dave/projects/OSOM_Cosine/Build/def_error.o /home/dave/projects/OSOM_Cosine/Build/cost_grad.o /home/dave/projects/OSOM_Cosine/Build/vorticity.o /home/dave/projects/OSOM_Cosine/Build/nf_fwrite3d.o
ranlib /home/dave/projects/OSOM_Cosine/Build/libUTIL.a
/usr/bin/cpp -P -traditional -DMPI -DLINUX -DX86_64 -DGFORTRAN -D'ROOT_DIR="/home/dave/ROMS/trunk"' -DEPSCOR_UMAINE15 -D'HEADER="epscor_umaine15.h"' -D'ROMS_HEADER="/home/dave/projects/OSOM_Cosine/epscor_umaine15.h"' -DNestedGrids= -D'ANALYTICAL_DIR="/home/dave/ROMS/trunk/ROMS/Functionals"' -D'SVN_REV=""' -IROMS/Include -IROMS/Nonlinear -IROMS/Nonlinear/Biology -IROMS/Nonlinear/Sediment -IROMS/Utility -IROMS/Drivers -IROMS/Functionals -I/home/dave/projects/OSOM_Cosine -IMaster -ICompilers -D'HEADER_DIR="/home/dave/projects/OSOM_Cosine"'  ROMS/Nonlinear/set_vbc.F > /home/dave/projects/OSOM_Cosine/Build/set_vbc.f90
ROMS/Bin/cpp_clean /home/dave/projects/OSOM_Cosine/Build/set_vbc.f90
cd /home/dave/projects/OSOM_Cosine/Build; /opt/openmpi/bin/mpif90 -c -frepack-arrays -O3 -ffast-math set_vbc.f90
/usr/bin/cpp -P -traditional -DMPI -DLINUX -DX86_64 -DGFORTRAN -D'ROOT_DIR="/home/dave/ROMS/trunk"' -DEPSCOR_UMAINE15 -D'HEADER="epscor_umaine15.h"' -D'ROMS_HEADER="/home/dave/projects/OSOM_Cosine/epscor_umaine15.h"' -DNestedGrids= -D'ANALYTICAL_DIR="/home/dave/ROMS/trunk/ROMS/Functionals"' -D'SVN_REV=""' -IROMS/Include -IROMS/Nonlinear -IROMS/Nonlinear/Biology -IROMS/Nonlinear/Sediment -IROMS/Utility -IROMS/Drivers -IROMS/Functionals -I/home/dave/projects/OSOM_Cosine -IMaster -ICompilers -D'HEADER_DIR="/home/dave/projects/OSOM_Cosine"'  ROMS/Nonlinear/step3d_t.F > /home/dave/projects/OSOM_Cosine/Build/step3d_t.f90
ROMS/Bin/cpp_clean /home/dave/projects/OSOM_Cosine/Build/step3d_t.f90
/usr/bin/cpp -P -traditional -DMPI -DLINUX -DX86_64 -DGFORTRAN -D'ROOT_DIR="/home/dave/ROMS/trunk"' -DEPSCOR_UMAINE15 -D'HEADER="epscor_umaine15.h"' -D'ROMS_HEADER="/home/dave/projects/OSOM_Cosine/epscor_umaine15.h"' -DNestedGrids= -D'ANALYTICAL_DIR="/home/dave/ROMS/trunk/ROMS/Functionals"' -D'SVN_REV=""' -IROMS/Include -IROMS/Nonlinear -IROMS/Nonlinear/Biology -IROMS/Nonlinear/Sediment -IROMS/Utility -IROMS/Drivers -IROMS/Functionals -I/home/dave/projects/OSOM_Cosine -IMaster -ICompilers -D'HEADER_DIR="/home/dave/projects/OSOM_Cosine"'  ROMS/Nonlinear/mpdata_adiff.F > /home/dave/projects/OSOM_Cosine/Build/mpdata_adiff.f90
ROMS/Bin/cpp_clean /home/dave/projects/OSOM_Cosine/Build/mpdata_adiff.f90
cd /home/dave/projects/OSOM_Cosine/Build; /opt/openmpi/bin/mpif90 -c -frepack-arrays -O3 -ffast-math mpdata_adiff.f90
cd /home/dave/projects/OSOM_Cosine/Build; /opt/openmpi/bin/mpif90 -c -frepack-arrays -O3 -ffast-math step3d_t.f90
/usr/bin/cpp -P -traditional -DMPI -DLINUX -DX86_64 -DGFORTRAN -D'ROOT_DIR="/home/dave/ROMS/trunk"' -DEPSCOR_UMAINE15 -D'HEADER="epscor_umaine15.h"' -D'ROMS_HEADER="/home/dave/projects/OSOM_Cosine/epscor_umaine15.h"' -DNestedGrids= -D'ANALYTICAL_DIR="/home/dave/ROMS/trunk/ROMS/Functionals"' -D'SVN_REV=""' -IROMS/Include -IROMS/Nonlinear -IROMS/Nonlinear/Biology -IROMS/Nonlinear/Sediment -IROMS/Utility -IROMS/Drivers -IROMS/Functionals -I/home/dave/projects/OSOM_Cosine -IMaster -ICompilers -D'HEADER_DIR="/home/dave/projects/OSOM_Cosine"'  ROMS/Nonlinear/interp_floats.F > /home/dave/projects/OSOM_Cosine/Build/interp_floats.f90
ROMS/Bin/cpp_clean /home/dave/projects/OSOM_Cosine/Build/interp_floats.f90
cd /home/dave/projects/OSOM_Cosine/Build; /opt/openmpi/bin/mpif90 -c -frepack-arrays -O3 -ffast-math interp_floats.f90
/usr/bin/cpp -P -traditional -DMPI -DLINUX -DX86_64 -DGFORTRAN -D'ROOT_DIR="/home/dave/ROMS/trunk"' -DEPSCOR_UMAINE15 -D'HEADER="epscor_umaine15.h"' -D'ROMS_HEADER="/home/dave/projects/OSOM_Cosine/epscor_umaine15.h"' -DNestedGrids= -D'ANALYTICAL_DIR="/home/dave/ROMS/trunk/ROMS/Functionals"' -D'SVN_REV=""' -IROMS/Include -IROMS/Nonlinear -IROMS/Nonlinear/Biology -IROMS/Nonlinear/Sediment -IROMS/Utility -IROMS/Drivers -IROMS/Functionals -I/home/dave/projects/OSOM_Cosine -IMaster -ICompilers -D'HEADER_DIR="/home/dave/projects/OSOM_Cosine"'  ROMS/Nonlinear/main2d.F > /home/dave/projects/OSOM_Cosine/Build/main2d.f90
ROMS/Bin/cpp_clean /home/dave/projects/OSOM_Cosine/Build/main2d.f90
/usr/bin/cpp -P -traditional -DMPI -DLINUX -DX86_64 -DGFORTRAN -D'ROOT_DIR="/home/dave/ROMS/trunk"' -DEPSCOR_UMAINE15 -D'HEADER="epscor_umaine15.h"' -D'ROMS_HEADER="/home/dave/projects/OSOM_Cosine/epscor_umaine15.h"' -DNestedGrids= -D'ANALYTICAL_DIR="/home/dave/ROMS/trunk/ROMS/Functionals"' -D'SVN_REV=""' -IROMS/Include -IROMS/Nonlinear -IROMS/Nonlinear/Biology -IROMS/Nonlinear/Sediment -IROMS/Utility -IROMS/Drivers -IROMS/Functionals -I/home/dave/projects/OSOM_Cosine -IMaster -ICompilers -D'HEADER_DIR="/home/dave/projects/OSOM_Cosine"'  ROMS/Nonlinear/diag.F > /home/dave/projects/OSOM_Cosine/Build/diag.f90
ROMS/Bin/cpp_clean /home/dave/projects/OSOM_Cosine/Build/diag.f90
cd /home/dave/projects/OSOM_Cosine/Build; /opt/openmpi/bin/mpif90 -c -frepack-arrays -O3 -ffast-math diag.f90
/usr/bin/cpp -P -traditional -DMPI -DLINUX -DX86_64 -DGFORTRAN -D'ROOT_DIR="/home/dave/ROMS/trunk"' -DEPSCOR_UMAINE15 -D'HEADER="epscor_umaine15.h"' -D'ROMS_HEADER="/home/dave/projects/OSOM_Cosine/epscor_umaine15.h"' -DNestedGrids= -D'ANALYTICAL_DIR="/home/dave/ROMS/trunk/ROMS/Functionals"' -D'SVN_REV=""' -IROMS/Include -IROMS/Nonlinear -IROMS/Nonlinear/Biology -IROMS/Nonlinear/Sediment -IROMS/Utility -IROMS/Drivers -IROMS/Functionals -I/home/dave/projects/OSOM_Cosine -IMaster -ICompilers -D'HEADER_DIR="/home/dave/projects/OSOM_Cosine"'  ROMS/Nonlinear/forcing.F > /home/dave/projects/OSOM_Cosine/Build/forcing.f90
ROMS/Bin/cpp_clean /home/dave/projects/OSOM_Cosine/Build/forcing.f90
cd /home/dave/projects/OSOM_Cosine/Build; /opt/openmpi/bin/mpif90 -c -frepack-arrays -O3 -ffast-math forcing.f90
/usr/bin/cpp -P -traditional -DMPI -DLINUX -DX86_64 -DGFORTRAN -D'ROOT_DIR="/home/dave/ROMS/trunk"' -DEPSCOR_UMAINE15 -D'HEADER="epscor_umaine15.h"' -D'ROMS_HEADER="/home/dave/projects/OSOM_Cosine/epscor_umaine15.h"' -DNestedGrids= -D'ANALYTICAL_DIR="/home/dave/ROMS/trunk/ROMS/Functionals"' -D'SVN_REV=""' -IROMS/Include -IROMS/Nonlinear -IROMS/Nonlinear/Biology -IROMS/Nonlinear/Sediment -IROMS/Utility -IROMS/Drivers -IROMS/Functionals -I/home/dave/projects/OSOM_Cosine -IMaster -ICompilers -D'HEADER_DIR="/home/dave/projects/OSOM_Cosine"'  ROMS/Nonlinear/frc_adjust.F > /home/dave/projects/OSOM_Cosine/Build/frc_adjust.f90
ROMS/Bin/cpp_clean /home/dave/projects/OSOM_Cosine/Build/frc_adjust.f90
cd /home/dave/projects/OSOM_Cosine/Build; /opt/openmpi/bin/mpif90 -c -frepack-arrays -O3 -ffast-math frc_adjust.f90
/usr/bin/cpp -P -traditional -DMPI -DLINUX -DX86_64 -DGFORTRAN -D'ROOT_DIR="/home/dave/ROMS/trunk"' -DEPSCOR_UMAINE15 -D'HEADER="epscor_umaine15.h"' -D'ROMS_HEADER="/home/dave/projects/OSOM_Cosine/epscor_umaine15.h"' -DNestedGrids= -D'ANALYTICAL_DIR="/home/dave/ROMS/trunk/ROMS/Functionals"' -D'SVN_REV=""' -IROMS/Include -IROMS/Nonlinear -IROMS/Nonlinear/Biology -IROMS/Nonlinear/Sediment -IROMS/Utility -IROMS/Drivers -IROMS/Functionals -I/home/dave/projects/OSOM_Cosine -IMaster -ICompilers -D'HEADER_DIR="/home/dave/projects/OSOM_Cosine"'  ROMS/Nonlinear/obc_adjust.F > /home/dave/projects/OSOM_Cosine/Build/obc_adjust.f90
ROMS/Bin/cpp_clean /home/dave/projects/OSOM_Cosine/Build/obc_adjust.f90
cd /home/dave/projects/OSOM_Cosine/Build; /opt/openmpi/bin/mpif90 -c -frepack-arrays -O3 -ffast-math obc_adjust.f90
/usr/bin/cpp -P -traditional -DMPI -DLINUX -DX86_64 -DGFORTRAN -D'ROOT_DIR="/home/dave/ROMS/trunk"' -DEPSCOR_UMAINE15 -D'HEADER="epscor_umaine15.h"' -D'ROMS_HEADER="/home/dave/projects/OSOM_Cosine/epscor_umaine15.h"' -DNestedGrids= -D'ANALYTICAL_DIR="/home/dave/ROMS/trunk/ROMS/Functionals"' -D'SVN_REV=""' -IROMS/Include -IROMS/Nonlinear -IROMS/Nonlinear/Biology -IROMS/Nonlinear/Sediment -IROMS/Utility -IROMS/Drivers -IROMS/Functionals -I/home/dave/projects/OSOM_Cosine -IMaster -ICompilers -D'HEADER_DIR="/home/dave/projects/OSOM_Cosine"'  ROMS/Nonlinear/radiation_stress.F > /home/dave/projects/OSOM_Cosine/Build/radiation_stress.f90
ROMS/Bin/cpp_clean /home/dave/projects/OSOM_Cosine/Build/radiation_stress.f90
cd /home/dave/projects/OSOM_Cosine/Build; /opt/openmpi/bin/mpif90 -c -frepack-arrays -O3 -ffast-math radiation_stress.f90
/usr/bin/cpp -P -traditional -DMPI -DLINUX -DX86_64 -DGFORTRAN -D'ROOT_DIR="/home/dave/ROMS/trunk"' -DEPSCOR_UMAINE15 -D'HEADER="epscor_umaine15.h"' -D'ROMS_HEADER="/home/dave/projects/OSOM_Cosine/epscor_umaine15.h"' -DNestedGrids= -D'ANALYTICAL_DIR="/home/dave/ROMS/trunk/ROMS/Functionals"' -D'SVN_REV=""' -IROMS/Include -IROMS/Nonlinear -IROMS/Nonlinear/Biology -IROMS/Nonlinear/Sediment -IROMS/Utility -IROMS/Drivers -IROMS/Functionals -I/home/dave/projects/OSOM_Cosine -IMaster -ICompilers -D'HEADER_DIR="/home/dave/projects/OSOM_Cosine"'  ROMS/Nonlinear/set_avg.F > /home/dave/projects/OSOM_Cosine/Build/set_avg.f90
ROMS/Bin/cpp_clean /home/dave/projects/OSOM_Cosine/Build/set_avg.f90
cd /home/dave/projects/OSOM_Cosine/Build; /opt/openmpi/bin/mpif90 -c -frepack-arrays -O3 -ffast-math set_avg.f90
/usr/bin/cpp -P -traditional -DMPI -DLINUX -DX86_64 -DGFORTRAN -D'ROOT_DIR="/home/dave/ROMS/trunk"' -DEPSCOR_UMAINE15 -D'HEADER="epscor_umaine15.h"' -D'ROMS_HEADER="/home/dave/projects/OSOM_Cosine/epscor_umaine15.h"' -DNestedGrids= -D'ANALYTICAL_DIR="/home/dave/ROMS/trunk/ROMS/Functionals"' -D'SVN_REV=""' -IROMS/Include -IROMS/Nonlinear -IROMS/Nonlinear/Biology -IROMS/Nonlinear/Sediment -IROMS/Utility -IROMS/Drivers -IROMS/Functionals -I/home/dave/projects/OSOM_Cosine -IMaster -ICompilers -D'HEADER_DIR="/home/dave/projects/OSOM_Cosine"'  ROMS/Nonlinear/set_tides.F > /home/dave/projects/OSOM_Cosine/Build/set_tides.f90
ROMS/Bin/cpp_clean /home/dave/projects/OSOM_Cosine/Build/set_tides.f90
cd /home/dave/projects/OSOM_Cosine/Build; /opt/openmpi/bin/mpif90 -c -frepack-arrays -O3 -ffast-math set_tides.f90
/usr/bin/cpp -P -traditional -DMPI -DLINUX -DX86_64 -DGFORTRAN -D'ROOT_DIR="/home/dave/ROMS/trunk"' -DEPSCOR_UMAINE15 -D'HEADER="epscor_umaine15.h"' -D'ROMS_HEADER="/home/dave/projects/OSOM_Cosine/epscor_umaine15.h"' -DNestedGrids= -D'ANALYTICAL_DIR="/home/dave/ROMS/trunk/ROMS/Functionals"' -D'SVN_REV=""' -IROMS/Include -IROMS/Nonlinear -IROMS/Nonlinear/Biology -IROMS/Nonlinear/Sediment -IROMS/Utility -IROMS/Drivers -IROMS/Functionals -I/home/dave/projects/OSOM_Cosine -IMaster -ICompilers -D'HEADER_DIR="/home/dave/projects/OSOM_Cosine"'  ROMS/Nonlinear/step2d.F > /home/dave/projects/OSOM_Cosine/Build/step2d.f90
ROMS/Bin/cpp_clean /home/dave/projects/OSOM_Cosine/Build/step2d.f90
/usr/bin/cpp -P -traditional -DMPI -DLINUX -DX86_64 -DGFORTRAN -D'ROOT_DIR="/home/dave/ROMS/trunk"' -DEPSCOR_UMAINE15 -D'HEADER="epscor_umaine15.h"' -D'ROMS_HEADER="/home/dave/projects/OSOM_Cosine/epscor_umaine15.h"' -DNestedGrids= -D'ANALYTICAL_DIR="/home/dave/ROMS/trunk/ROMS/Functionals"' -D'SVN_REV=""' -IROMS/Include -IROMS/Nonlinear -IROMS/Nonlinear/Biology -IROMS/Nonlinear/Sediment -IROMS/Utility -IROMS/Drivers -IROMS/Functionals -I/home/dave/projects/OSOM_Cosine -IMaster -ICompilers -D'HEADER_DIR="/home/dave/projects/OSOM_Cosine"'  ROMS/Nonlinear/obc_volcons.F > /home/dave/projects/OSOM_Cosine/Build/obc_volcons.f90
ROMS/Bin/cpp_clean /home/dave/projects/OSOM_Cosine/Build/obc_volcons.f90
cd /home/dave/projects/OSOM_Cosine/Build; /opt/openmpi/bin/mpif90 -c -frepack-arrays -O3 -ffast-math obc_volcons.f90
/usr/bin/cpp -P -traditional -DMPI -DLINUX -DX86_64 -DGFORTRAN -D'ROOT_DIR="/home/dave/ROMS/trunk"' -DEPSCOR_UMAINE15 -D'HEADER="epscor_umaine15.h"' -D'ROMS_HEADER="/home/dave/projects/OSOM_Cosine/epscor_umaine15.h"' -DNestedGrids= -D'ANALYTICAL_DIR="/home/dave/ROMS/trunk/ROMS/Functionals"' -D'SVN_REV=""' -IROMS/Include -IROMS/Nonlinear -IROMS/Nonlinear/Biology -IROMS/Nonlinear/Sediment -IROMS/Utility -IROMS/Drivers -IROMS/Functionals -I/home/dave/projects/OSOM_Cosine -IMaster -ICompilers -D'HEADER_DIR="/home/dave/projects/OSOM_Cosine"'  ROMS/Nonlinear/wetdry.F > /home/dave/projects/OSOM_Cosine/Build/wetdry.f90
ROMS/Bin/cpp_clean /home/dave/projects/OSOM_Cosine/Build/wetdry.f90
cd /home/dave/projects/OSOM_Cosine/Build; /opt/openmpi/bin/mpif90 -c -frepack-arrays -O3 -ffast-math wetdry.f90
cd /home/dave/projects/OSOM_Cosine/Build; /opt/openmpi/bin/mpif90 -c -frepack-arrays -O3 -ffast-math step2d.f90
/usr/bin/cpp -P -traditional -DMPI -DLINUX -DX86_64 -DGFORTRAN -D'ROOT_DIR="/home/dave/ROMS/trunk"' -DEPSCOR_UMAINE15 -D'HEADER="epscor_umaine15.h"' -D'ROMS_HEADER="/home/dave/projects/OSOM_Cosine/epscor_umaine15.h"' -DNestedGrids= -D'ANALYTICAL_DIR="/home/dave/ROMS/trunk/ROMS/Functionals"' -D'SVN_REV=""' -IROMS/Include -IROMS/Nonlinear -IROMS/Nonlinear/Biology -IROMS/Nonlinear/Sediment -IROMS/Utility -IROMS/Drivers -IROMS/Functionals -I/home/dave/projects/OSOM_Cosine -IMaster -ICompilers -D'HEADER_DIR="/home/dave/projects/OSOM_Cosine"'  ROMS/Nonlinear/step_floats.F > /home/dave/projects/OSOM_Cosine/Build/step_floats.f90
ROMS/Bin/cpp_clean /home/dave/projects/OSOM_Cosine/Build/step_floats.f90
/usr/bin/cpp -P -traditional -DMPI -DLINUX -DX86_64 -DGFORTRAN -D'ROOT_DIR="/home/dave/ROMS/trunk"' -DEPSCOR_UMAINE15 -D'HEADER="epscor_umaine15.h"' -D'ROMS_HEADER="/home/dave/projects/OSOM_Cosine/epscor_umaine15.h"' -DNestedGrids= -D'ANALYTICAL_DIR="/home/dave/ROMS/trunk/ROMS/Functionals"' -D'SVN_REV=""' -IROMS/Include -IROMS/Nonlinear -IROMS/Nonlinear/Biology -IROMS/Nonlinear/Sediment -IROMS/Utility -IROMS/Drivers -IROMS/Functionals -I/home/dave/projects/OSOM_Cosine -IMaster -ICompilers -D'HEADER_DIR="/home/dave/projects/OSOM_Cosine"'  ROMS/Nonlinear/Biology/biology_floats.F > /home/dave/projects/OSOM_Cosine/Build/biology_floats.f90
ROMS/Bin/cpp_clean /home/dave/projects/OSOM_Cosine/Build/biology_floats.f90
cd /home/dave/projects/OSOM_Cosine/Build; /opt/openmpi/bin/mpif90 -c -frepack-arrays -O3 -ffast-math biology_floats.f90
/usr/bin/cpp -P -traditional -DMPI -DLINUX -DX86_64 -DGFORTRAN -D'ROOT_DIR="/home/dave/ROMS/trunk"' -DEPSCOR_UMAINE15 -D'HEADER="epscor_umaine15.h"' -D'ROMS_HEADER="/home/dave/projects/OSOM_Cosine/epscor_umaine15.h"' -DNestedGrids= -D'ANALYTICAL_DIR="/home/dave/ROMS/trunk/ROMS/Functionals"' -D'SVN_REV=""' -IROMS/Include -IROMS/Nonlinear -IROMS/Nonlinear/Biology -IROMS/Nonlinear/Sediment -IROMS/Utility -IROMS/Drivers -IROMS/Functionals -I/home/dave/projects/OSOM_Cosine -IMaster -ICompilers -D'HEADER_DIR="/home/dave/projects/OSOM_Cosine"'  ROMS/Nonlinear/vwalk_floats.F > /home/dave/projects/OSOM_Cosine/Build/vwalk_floats.f90
ROMS/Bin/cpp_clean /home/dave/projects/OSOM_Cosine/Build/vwalk_floats.f90
cd /home/dave/projects/OSOM_Cosine/Build; /opt/openmpi/bin/mpif90 -c -frepack-arrays -O3 -ffast-math vwalk_floats.f90
cd /home/dave/projects/OSOM_Cosine/Build; /opt/openmpi/bin/mpif90 -c -frepack-arrays -O3 -ffast-math step_floats.f90
cd /home/dave/projects/OSOM_Cosine/Build; /opt/openmpi/bin/mpif90 -c -frepack-arrays -O3 -ffast-math main2d.f90
/usr/bin/cpp -P -traditional -DMPI -DLINUX -DX86_64 -DGFORTRAN -D'ROOT_DIR="/home/dave/ROMS/trunk"' -DEPSCOR_UMAINE15 -D'HEADER="epscor_umaine15.h"' -D'ROMS_HEADER="/home/dave/projects/OSOM_Cosine/epscor_umaine15.h"' -DNestedGrids= -D'ANALYTICAL_DIR="/home/dave/ROMS/trunk/ROMS/Functionals"' -D'SVN_REV=""' -IROMS/Include -IROMS/Nonlinear -IROMS/Nonlinear/Biology -IROMS/Nonlinear/Sediment -IROMS/Utility -IROMS/Drivers -IROMS/Functionals -I/home/dave/projects/OSOM_Cosine -IMaster -ICompilers -D'HEADER_DIR="/home/dave/projects/OSOM_Cosine"'  ROMS/Nonlinear/wvelocity.F > /home/dave/projects/OSOM_Cosine/Build/wvelocity.f90
ROMS/Bin/cpp_clean /home/dave/projects/OSOM_Cosine/Build/wvelocity.f90
cd /home/dave/projects/OSOM_Cosine/Build; /opt/openmpi/bin/mpif90 -c -frepack-arrays -O3 -ffast-math wvelocity.f90
/usr/bin/cpp -P -traditional -DMPI -DLINUX -DX86_64 -DGFORTRAN -D'ROOT_DIR="/home/dave/ROMS/trunk"' -DEPSCOR_UMAINE15 -D'HEADER="epscor_umaine15.h"' -D'ROMS_HEADER="/home/dave/projects/OSOM_Cosine/epscor_umaine15.h"' -DNestedGrids= -D'ANALYTICAL_DIR="/home/dave/ROMS/trunk/ROMS/Functionals"' -D'SVN_REV=""' -IROMS/Include -IROMS/Nonlinear -IROMS/Nonlinear/Biology -IROMS/Nonlinear/Sediment -IROMS/Utility -IROMS/Drivers -IROMS/Functionals -I/home/dave/projects/OSOM_Cosine -IMaster -ICompilers -D'HEADER_DIR="/home/dave/projects/OSOM_Cosine"'  ROMS/Nonlinear/conv_3d.F > /home/dave/projects/OSOM_Cosine/Build/conv_3d.f90
ROMS/Bin/cpp_clean /home/dave/projects/OSOM_Cosine/Build/conv_3d.f90
cd /home/dave/projects/OSOM_Cosine/Build; /opt/openmpi/bin/mpif90 -c -frepack-arrays -O3 -ffast-math conv_3d.f90
/usr/bin/cpp -P -traditional -DMPI -DLINUX -DX86_64 -DGFORTRAN -D'ROOT_DIR="/home/dave/ROMS/trunk"' -DEPSCOR_UMAINE15 -D'HEADER="epscor_umaine15.h"' -D'ROMS_HEADER="/home/dave/projects/OSOM_Cosine/epscor_umaine15.h"' -DNestedGrids= -D'ANALYTICAL_DIR="/home/dave/ROMS/trunk/ROMS/Functionals"' -D'SVN_REV=""' -IROMS/Include -IROMS/Nonlinear -IROMS/Nonlinear/Biology -IROMS/Nonlinear/Sediment -IROMS/Utility -IROMS/Drivers -IROMS/Functionals -I/home/dave/projects/OSOM_Cosine -IMaster -ICompilers -D'HEADER_DIR="/home/dave/projects/OSOM_Cosine"'  ROMS/Nonlinear/lmd_bkpp.F > /home/dave/projects/OSOM_Cosine/Build/lmd_bkpp.f90
ROMS/Bin/cpp_clean /home/dave/projects/OSOM_Cosine/Build/lmd_bkpp.f90
cd /home/dave/projects/OSOM_Cosine/Build; /opt/openmpi/bin/mpif90 -c -frepack-arrays -O3 -ffast-math lmd_bkpp.f90
/usr/bin/cpp -P -traditional -DMPI -DLINUX -DX86_64 -DGFORTRAN -D'ROOT_DIR="/home/dave/ROMS/trunk"' -DEPSCOR_UMAINE15 -D'HEADER="epscor_umaine15.h"' -D'ROMS_HEADER="/home/dave/projects/OSOM_Cosine/epscor_umaine15.h"' -DNestedGrids= -D'ANALYTICAL_DIR="/home/dave/ROMS/trunk/ROMS/Functionals"' -D'SVN_REV=""' -IROMS/Include -IROMS/Nonlinear -IROMS/Nonlinear/Biology -IROMS/Nonlinear/Sediment -IROMS/Utility -IROMS/Drivers -IROMS/Functionals -I/home/dave/projects/OSOM_Cosine -IMaster -ICompilers -D'HEADER_DIR="/home/dave/projects/OSOM_Cosine"'  ROMS/Nonlinear/lmd_skpp.F > /home/dave/projects/OSOM_Cosine/Build/lmd_skpp.f90
ROMS/Bin/cpp_clean /home/dave/projects/OSOM_Cosine/Build/lmd_skpp.f90
cd /home/dave/projects/OSOM_Cosine/Build; /opt/openmpi/bin/mpif90 -c -frepack-arrays -O3 -ffast-math lmd_skpp.f90
/usr/bin/cpp -P -traditional -DMPI -DLINUX -DX86_64 -DGFORTRAN -D'ROOT_DIR="/home/dave/ROMS/trunk"' -DEPSCOR_UMAINE15 -D'HEADER="epscor_umaine15.h"' -D'ROMS_HEADER="/home/dave/projects/OSOM_Cosine/epscor_umaine15.h"' -DNestedGrids= -D'ANALYTICAL_DIR="/home/dave/ROMS/trunk/ROMS/Functionals"' -D'SVN_REV=""' -IROMS/Include -IROMS/Nonlinear -IROMS/Nonlinear/Biology -IROMS/Nonlinear/Sediment -IROMS/Utility -IROMS/Drivers -IROMS/Functionals -I/home/dave/projects/OSOM_Cosine -IMaster -ICompilers -D'HEADER_DIR="/home/dave/projects/OSOM_Cosine"'  ROMS/Nonlinear/uv3dmix.F > /home/dave/projects/OSOM_Cosine/Build/uv3dmix.f90
ROMS/Bin/cpp_clean /home/dave/projects/OSOM_Cosine/Build/uv3dmix.f90
cd /home/dave/projects/OSOM_Cosine/Build; /opt/openmpi/bin/mpif90 -c -frepack-arrays -O3 -ffast-math uv3dmix.f90
/usr/bin/cpp -P -traditional -DMPI -DLINUX -DX86_64 -DGFORTRAN -D'ROOT_DIR="/home/dave/ROMS/trunk"' -DEPSCOR_UMAINE15 -D'HEADER="epscor_umaine15.h"' -D'ROMS_HEADER="/home/dave/projects/OSOM_Cosine/epscor_umaine15.h"' -DNestedGrids= -D'ANALYTICAL_DIR="/home/dave/ROMS/trunk/ROMS/Functionals"' -D'SVN_REV=""' -IROMS/Include -IROMS/Nonlinear -IROMS/Nonlinear/Biology -IROMS/Nonlinear/Sediment -IROMS/Utility -IROMS/Drivers -IROMS/Functionals -I/home/dave/projects/OSOM_Cosine -IMaster -ICompilers -D'HEADER_DIR="/home/dave/projects/OSOM_Cosine"'  ROMS/Nonlinear/conv_2d.F > /home/dave/projects/OSOM_Cosine/Build/conv_2d.f90
ROMS/Bin/cpp_clean /home/dave/projects/OSOM_Cosine/Build/conv_2d.f90
cd /home/dave/projects/OSOM_Cosine/Build; /opt/openmpi/bin/mpif90 -c -frepack-arrays -O3 -ffast-math conv_2d.f90
/usr/bin/cpp -P -traditional -DMPI -DLINUX -DX86_64 -DGFORTRAN -D'ROOT_DIR="/home/dave/ROMS/trunk"' -DEPSCOR_UMAINE15 -D'HEADER="epscor_umaine15.h"' -D'ROMS_HEADER="/home/dave/projects/OSOM_Cosine/epscor_umaine15.h"' -DNestedGrids= -D'ANALYTICAL_DIR="/home/dave/ROMS/trunk/ROMS/Functionals"' -D'SVN_REV=""' -IROMS/Include -IROMS/Nonlinear -IROMS/Nonlinear/Biology -IROMS/Nonlinear/Sediment -IROMS/Utility -IROMS/Drivers -IROMS/Functionals -I/home/dave/projects/OSOM_Cosine -IMaster -ICompilers -D'HEADER_DIR="/home/dave/projects/OSOM_Cosine"'  ROMS/Nonlinear/lmd_vmix.F > /home/dave/projects/OSOM_Cosine/Build/lmd_vmix.f90
ROMS/Bin/cpp_clean /home/dave/projects/OSOM_Cosine/Build/lmd_vmix.f90
cd /home/dave/projects/OSOM_Cosine/Build; /opt/openmpi/bin/mpif90 -c -frepack-arrays -O3 -ffast-math lmd_vmix.f90
/usr/bin/cpp -P -traditional -DMPI -DLINUX -DX86_64 -DGFORTRAN -D'ROOT_DIR="/home/dave/ROMS/trunk"' -DEPSCOR_UMAINE15 -D'HEADER="epscor_umaine15.h"' -D'ROMS_HEADER="/home/dave/projects/OSOM_Cosine/epscor_umaine15.h"' -DNestedGrids= -D'ANALYTICAL_DIR="/home/dave/ROMS/trunk/ROMS/Functionals"' -D'SVN_REV=""' -IROMS/Include -IROMS/Nonlinear -IROMS/Nonlinear/Biology -IROMS/Nonlinear/Sediment -IROMS/Utility -IROMS/Drivers -IROMS/Functionals -I/home/dave/projects/OSOM_Cosine -IMaster -ICompilers -D'HEADER_DIR="/home/dave/projects/OSOM_Cosine"'  ROMS/Nonlinear/conv_bry2d.F > /home/dave/projects/OSOM_Cosine/Build/conv_bry2d.f90
ROMS/Bin/cpp_clean /home/dave/projects/OSOM_Cosine/Build/conv_bry2d.f90
cd /home/dave/projects/OSOM_Cosine/Build; /opt/openmpi/bin/mpif90 -c -frepack-arrays -O3 -ffast-math conv_bry2d.f90
/usr/bin/cpp -P -traditional -DMPI -DLINUX -DX86_64 -DGFORTRAN -D'ROOT_DIR="/home/dave/ROMS/trunk"' -DEPSCOR_UMAINE15 -D'HEADER="epscor_umaine15.h"' -D'ROMS_HEADER="/home/dave/projects/OSOM_Cosine/epscor_umaine15.h"' -DNestedGrids= -D'ANALYTICAL_DIR="/home/dave/ROMS/trunk/ROMS/Functionals"' -D'SVN_REV=""' -IROMS/Include -IROMS/Nonlinear -IROMS/Nonlinear/Biology -IROMS/Nonlinear/Sediment -IROMS/Utility -IROMS/Drivers -IROMS/Functionals -I/home/dave/projects/OSOM_Cosine -IMaster -ICompilers -D'HEADER_DIR="/home/dave/projects/OSOM_Cosine"'  ROMS/Nonlinear/tkebc_im.F > /home/dave/projects/OSOM_Cosine/Build/tkebc_im.f90
ROMS/Bin/cpp_clean /home/dave/projects/OSOM_Cosine/Build/tkebc_im.f90
cd /home/dave/projects/OSOM_Cosine/Build; /opt/openmpi/bin/mpif90 -c -frepack-arrays -O3 -ffast-math tkebc_im.f90
/usr/bin/cpp -P -traditional -DMPI -DLINUX -DX86_64 -DGFORTRAN -D'ROOT_DIR="/home/dave/ROMS/trunk"' -DEPSCOR_UMAINE15 -D'HEADER="epscor_umaine15.h"' -D'ROMS_HEADER="/home/dave/projects/OSOM_Cosine/epscor_umaine15.h"' -DNestedGrids= -D'ANALYTICAL_DIR="/home/dave/ROMS/trunk/ROMS/Functionals"' -D'SVN_REV=""' -IROMS/Include -IROMS/Nonlinear -IROMS/Nonlinear/Biology -IROMS/Nonlinear/Sediment -IROMS/Utility -IROMS/Drivers -IROMS/Functionals -I/home/dave/projects/OSOM_Cosine -IMaster -ICompilers -D'HEADER_DIR="/home/dave/projects/OSOM_Cosine"'  ROMS/Nonlinear/my25_corstep.F > /home/dave/projects/OSOM_Cosine/Build/my25_corstep.f90
ROMS/Bin/cpp_clean /home/dave/projects/OSOM_Cosine/Build/my25_corstep.f90
cd /home/dave/projects/OSOM_Cosine/Build; /opt/openmpi/bin/mpif90 -c -frepack-arrays -O3 -ffast-math my25_corstep.f90
/usr/bin/cpp -P -traditional -DMPI -DLINUX -DX86_64 -DGFORTRAN -D'ROOT_DIR="/home/dave/ROMS/trunk"' -DEPSCOR_UMAINE15 -D'HEADER="epscor_umaine15.h"' -D'ROMS_HEADER="/home/dave/projects/OSOM_Cosine/epscor_umaine15.h"' -DNestedGrids= -D'ANALYTICAL_DIR="/home/dave/ROMS/trunk/ROMS/Functionals"' -D'SVN_REV=""' -IROMS/Include -IROMS/Nonlinear -IROMS/Nonlinear/Biology -IROMS/Nonlinear/Sediment -IROMS/Utility -IROMS/Drivers -IROMS/Functionals -I/home/dave/projects/OSOM_Cosine -IMaster -ICompilers -D'HEADER_DIR="/home/dave/projects/OSOM_Cosine"'  ROMS/Nonlinear/conv_bry3d.F > /home/dave/projects/OSOM_Cosine/Build/conv_bry3d.f90
ROMS/Bin/cpp_clean /home/dave/projects/OSOM_Cosine/Build/conv_bry3d.f90
cd /home/dave/projects/OSOM_Cosine/Build; /opt/openmpi/bin/mpif90 -c -frepack-arrays -O3 -ffast-math conv_bry3d.f90
/usr/bin/cpp -P -traditional -DMPI -DLINUX -DX86_64 -DGFORTRAN -D'ROOT_DIR="/home/dave/ROMS/trunk"' -DEPSCOR_UMAINE15 -D'HEADER="epscor_umaine15.h"' -D'ROMS_HEADER="/home/dave/projects/OSOM_Cosine/epscor_umaine15.h"' -DNestedGrids= -D'ANALYTICAL_DIR="/home/dave/ROMS/trunk/ROMS/Functionals"' -D'SVN_REV=""' -IROMS/Include -IROMS/Nonlinear -IROMS/Nonlinear/Biology -IROMS/Nonlinear/Sediment -IROMS/Utility -IROMS/Drivers -IROMS/Functionals -I/home/dave/projects/OSOM_Cosine -IMaster -ICompilers -D'HEADER_DIR="/home/dave/projects/OSOM_Cosine"'  ROMS/Nonlinear/main3d.F > /home/dave/projects/OSOM_Cosine/Build/main3d.f90
ROMS/Bin/cpp_clean /home/dave/projects/OSOM_Cosine/Build/main3d.f90
/usr/bin/cpp -P -traditional -DMPI -DLINUX -DX86_64 -DGFORTRAN -D'ROOT_DIR="/home/dave/ROMS/trunk"' -DEPSCOR_UMAINE15 -D'HEADER="epscor_umaine15.h"' -D'ROMS_HEADER="/home/dave/projects/OSOM_Cosine/epscor_umaine15.h"' -DNestedGrids= -D'ANALYTICAL_DIR="/home/dave/ROMS/trunk/ROMS/Functionals"' -D'SVN_REV=""' -IROMS/Include -IROMS/Nonlinear -IROMS/Nonlinear/Biology -IROMS/Nonlinear/Sediment -IROMS/Utility -IROMS/Drivers -IROMS/Functionals -I/home/dave/projects/OSOM_Cosine -IMaster -ICompilers -D'HEADER_DIR="/home/dave/projects/OSOM_Cosine"'  ROMS/Nonlinear/bbl.F > /home/dave/projects/OSOM_Cosine/Build/bbl.f90
ROMS/Bin/cpp_clean /home/dave/projects/OSOM_Cosine/Build/bbl.f90
cd /home/dave/projects/OSOM_Cosine/Build; /opt/openmpi/bin/mpif90 -c -frepack-arrays -O3 -ffast-math bbl.f90
/usr/bin/cpp -P -traditional -DMPI -DLINUX -DX86_64 -DGFORTRAN -D'ROOT_DIR="/home/dave/ROMS/trunk"' -DEPSCOR_UMAINE15 -D'HEADER="epscor_umaine15.h"' -D'ROMS_HEADER="/home/dave/projects/OSOM_Cosine/epscor_umaine15.h"' -DNestedGrids= -D'ANALYTICAL_DIR="/home/dave/ROMS/trunk/ROMS/Functionals"' -D'SVN_REV=""' -IROMS/Include -IROMS/Nonlinear -IROMS/Nonlinear/Biology -IROMS/Nonlinear/Sediment -IROMS/Utility -IROMS/Drivers -IROMS/Functionals -I/home/dave/projects/OSOM_Cosine -IMaster -ICompilers -D'HEADER_DIR="/home/dave/projects/OSOM_Cosine"'  ROMS/Nonlinear/Biology/biology.F > /home/dave/projects/OSOM_Cosine/Build/biology.f90
ROMS/Bin/cpp_clean /home/dave/projects/OSOM_Cosine/Build/biology.f90
cd /home/dave/projects/OSOM_Cosine/Build; /opt/openmpi/bin/mpif90 -c -frepack-arrays -O3 -ffast-math -ffree-form -ffree-line-length-none biology.f90
/usr/bin/cpp -P -traditional -DMPI -DLINUX -DX86_64 -DGFORTRAN -D'ROOT_DIR="/home/dave/ROMS/trunk"' -DEPSCOR_UMAINE15 -D'HEADER="epscor_umaine15.h"' -D'ROMS_HEADER="/home/dave/projects/OSOM_Cosine/epscor_umaine15.h"' -DNestedGrids= -D'ANALYTICAL_DIR="/home/dave/ROMS/trunk/ROMS/Functionals"' -D'SVN_REV=""' -IROMS/Include -IROMS/Nonlinear -IROMS/Nonlinear/Biology -IROMS/Nonlinear/Sediment -IROMS/Utility -IROMS/Drivers -IROMS/Functionals -I/home/dave/projects/OSOM_Cosine -IMaster -ICompilers -D'HEADER_DIR="/home/dave/projects/OSOM_Cosine"'  ROMS/Nonlinear/bulk_flux.F > /home/dave/projects/OSOM_Cosine/Build/bulk_flux.f90
ROMS/Bin/cpp_clean /home/dave/projects/OSOM_Cosine/Build/bulk_flux.f90
cd /home/dave/projects/OSOM_Cosine/Build; /opt/openmpi/bin/mpif90 -c -frepack-arrays -O3 -ffast-math bulk_flux.f90
/usr/bin/cpp -P -traditional -DMPI -DLINUX -DX86_64 -DGFORTRAN -D'ROOT_DIR="/home/dave/ROMS/trunk"' -DEPSCOR_UMAINE15 -D'HEADER="epscor_umaine15.h"' -D'ROMS_HEADER="/home/dave/projects/OSOM_Cosine/epscor_umaine15.h"' -DNestedGrids= -D'ANALYTICAL_DIR="/home/dave/ROMS/trunk/ROMS/Functionals"' -D'SVN_REV=""' -IROMS/Include -IROMS/Nonlinear -IROMS/Nonlinear/Biology -IROMS/Nonlinear/Sediment -IROMS/Utility -IROMS/Drivers -IROMS/Functionals -I/home/dave/projects/OSOM_Cosine -IMaster -ICompilers -D'HEADER_DIR="/home/dave/projects/OSOM_Cosine"'  ROMS/Nonlinear/bvf_mix.F > /home/dave/projects/OSOM_Cosine/Build/bvf_mix.f90
ROMS/Bin/cpp_clean /home/dave/projects/OSOM_Cosine/Build/bvf_mix.f90
cd /home/dave/projects/OSOM_Cosine/Build; /opt/openmpi/bin/mpif90 -c -frepack-arrays -O3 -ffast-math bvf_mix.f90
/usr/bin/cpp -P -traditional -DMPI -DLINUX -DX86_64 -DGFORTRAN -D'ROOT_DIR="/home/dave/ROMS/trunk"' -DEPSCOR_UMAINE15 -D'HEADER="epscor_umaine15.h"' -D'ROMS_HEADER="/home/dave/projects/OSOM_Cosine/epscor_umaine15.h"' -DNestedGrids= -D'ANALYTICAL_DIR="/home/dave/ROMS/trunk/ROMS/Functionals"' -D'SVN_REV=""' -IROMS/Include -IROMS/Nonlinear -IROMS/Nonlinear/Biology -IROMS/Nonlinear/Sediment -IROMS/Utility -IROMS/Drivers -IROMS/Functionals -I/home/dave/projects/OSOM_Cosine -IMaster -ICompilers -D'HEADER_DIR="/home/dave/projects/OSOM_Cosine"'  ROMS/Nonlinear/gls_corstep.F > /home/dave/projects/OSOM_Cosine/Build/gls_corstep.f90
ROMS/Bin/cpp_clean /home/dave/projects/OSOM_Cosine/Build/gls_corstep.f90
cd /home/dave/projects/OSOM_Cosine/Build; /opt/openmpi/bin/mpif90 -c -frepack-arrays -O3 -ffast-math gls_corstep.f90
/usr/bin/cpp -P -traditional -DMPI -DLINUX -DX86_64 -DGFORTRAN -D'ROOT_DIR="/home/dave/ROMS/trunk"' -DEPSCOR_UMAINE15 -D'HEADER="epscor_umaine15.h"' -D'ROMS_HEADER="/home/dave/projects/OSOM_Cosine/epscor_umaine15.h"' -DNestedGrids= -D'ANALYTICAL_DIR="/home/dave/ROMS/trunk/ROMS/Functionals"' -D'SVN_REV=""' -IROMS/Include -IROMS/Nonlinear -IROMS/Nonlinear/Biology -IROMS/Nonlinear/Sediment -IROMS/Utility -IROMS/Drivers -IROMS/Functionals -I/home/dave/projects/OSOM_Cosine -IMaster -ICompilers -D'HEADER_DIR="/home/dave/projects/OSOM_Cosine"'  ROMS/Nonlinear/gls_prestep.F > /home/dave/projects/OSOM_Cosine/Build/gls_prestep.f90
ROMS/Bin/cpp_clean /home/dave/projects/OSOM_Cosine/Build/gls_prestep.f90
cd /home/dave/projects/OSOM_Cosine/Build; /opt/openmpi/bin/mpif90 -c -frepack-arrays -O3 -ffast-math gls_prestep.f90
/usr/bin/cpp -P -traditional -DMPI -DLINUX -DX86_64 -DGFORTRAN -D'ROOT_DIR="/home/dave/ROMS/trunk"' -DEPSCOR_UMAINE15 -D'HEADER="epscor_umaine15.h"' -D'ROMS_HEADER="/home/dave/projects/OSOM_Cosine/epscor_umaine15.h"' -DNestedGrids= -D'ANALYTICAL_DIR="/home/dave/ROMS/trunk/ROMS/Functionals"' -D'SVN_REV=""' -IROMS/Include -IROMS/Nonlinear -IROMS/Nonlinear/Biology -IROMS/Nonlinear/Sediment -IROMS/Utility -IROMS/Drivers -IROMS/Functionals -I/home/dave/projects/OSOM_Cosine -IMaster -ICompilers -D'HEADER_DIR="/home/dave/projects/OSOM_Cosine"'  ROMS/Nonlinear/hmixing.F > /home/dave/projects/OSOM_Cosine/Build/hmixing.f90
ROMS/Bin/cpp_clean /home/dave/projects/OSOM_Cosine/Build/hmixing.f90
cd /home/dave/projects/OSOM_Cosine/Build; /opt/openmpi/bin/mpif90 -c -frepack-arrays -O3 -ffast-math hmixing.f90
/usr/bin/cpp -P -traditional -DMPI -DLINUX -DX86_64 -DGFORTRAN -D'ROOT_DIR="/home/dave/ROMS/trunk"' -DEPSCOR_UMAINE15 -D'HEADER="epscor_umaine15.h"' -D'ROMS_HEADER="/home/dave/projects/OSOM_Cosine/epscor_umaine15.h"' -DNestedGrids= -D'ANALYTICAL_DIR="/home/dave/ROMS/trunk/ROMS/Functionals"' -D'SVN_REV=""' -IROMS/Include -IROMS/Nonlinear -IROMS/Nonlinear/Biology -IROMS/Nonlinear/Sediment -IROMS/Utility -IROMS/Drivers -IROMS/Functionals -I/home/dave/projects/OSOM_Cosine -IMaster -ICompilers -D'HEADER_DIR="/home/dave/projects/OSOM_Cosine"'  ROMS/Nonlinear/my25_prestep.F > /home/dave/projects/OSOM_Cosine/Build/my25_prestep.f90
ROMS/Bin/cpp_clean /home/dave/projects/OSOM_Cosine/Build/my25_prestep.f90
cd /home/dave/projects/OSOM_Cosine/Build; /opt/openmpi/bin/mpif90 -c -frepack-arrays -O3 -ffast-math my25_prestep.f90
/usr/bin/cpp -P -traditional -DMPI -DLINUX -DX86_64 -DGFORTRAN -D'ROOT_DIR="/home/dave/ROMS/trunk"' -DEPSCOR_UMAINE15 -D'HEADER="epscor_umaine15.h"' -D'ROMS_HEADER="/home/dave/projects/OSOM_Cosine/epscor_umaine15.h"' -DNestedGrids= -D'ANALYTICAL_DIR="/home/dave/ROMS/trunk/ROMS/Functionals"' -D'SVN_REV=""' -IROMS/Include -IROMS/Nonlinear -IROMS/Nonlinear/Biology -IROMS/Nonlinear/Sediment -IROMS/Utility -IROMS/Drivers -IROMS/Functionals -I/home/dave/projects/OSOM_Cosine -IMaster -ICompilers -D'HEADER_DIR="/home/dave/projects/OSOM_Cosine"'  ROMS/Nonlinear/rhs3d.F > /home/dave/projects/OSOM_Cosine/Build/rhs3d.f90
ROMS/Bin/cpp_clean /home/dave/projects/OSOM_Cosine/Build/rhs3d.f90
/usr/bin/cpp -P -traditional -DMPI -DLINUX -DX86_64 -DGFORTRAN -D'ROOT_DIR="/home/dave/ROMS/trunk"' -DEPSCOR_UMAINE15 -D'HEADER="epscor_umaine15.h"' -D'ROMS_HEADER="/home/dave/projects/OSOM_Cosine/epscor_umaine15.h"' -DNestedGrids= -D'ANALYTICAL_DIR="/home/dave/ROMS/trunk/ROMS/Functionals"' -D'SVN_REV=""' -IROMS/Include -IROMS/Nonlinear -IROMS/Nonlinear/Biology -IROMS/Nonlinear/Sediment -IROMS/Utility -IROMS/Drivers -IROMS/Functionals -I/home/dave/projects/OSOM_Cosine -IMaster -ICompilers -D'HEADER_DIR="/home/dave/projects/OSOM_Cosine"'  ROMS/Nonlinear/pre_step3d.F > /home/dave/projects/OSOM_Cosine/Build/pre_step3d.f90
ROMS/Bin/cpp_clean /home/dave/projects/OSOM_Cosine/Build/pre_step3d.f90
cd /home/dave/projects/OSOM_Cosine/Build; /opt/openmpi/bin/mpif90 -c -frepack-arrays -O3 -ffast-math pre_step3d.f90
/usr/bin/cpp -P -traditional -DMPI -DLINUX -DX86_64 -DGFORTRAN -D'ROOT_DIR="/home/dave/ROMS/trunk"' -DEPSCOR_UMAINE15 -D'HEADER="epscor_umaine15.h"' -D'ROMS_HEADER="/home/dave/projects/OSOM_Cosine/epscor_umaine15.h"' -DNestedGrids= -D'ANALYTICAL_DIR="/home/dave/ROMS/trunk/ROMS/Functionals"' -D'SVN_REV=""' -IROMS/Include -IROMS/Nonlinear -IROMS/Nonlinear/Biology -IROMS/Nonlinear/Sediment -IROMS/Utility -IROMS/Drivers -IROMS/Functionals -I/home/dave/projects/OSOM_Cosine -IMaster -ICompilers -D'HEADER_DIR="/home/dave/projects/OSOM_Cosine"'  ROMS/Nonlinear/prsgrd.F > /home/dave/projects/OSOM_Cosine/Build/prsgrd.f90
ROMS/Bin/cpp_clean /home/dave/projects/OSOM_Cosine/Build/prsgrd.f90
cd /home/dave/projects/OSOM_Cosine/Build; /opt/openmpi/bin/mpif90 -c -frepack-arrays -O3 -ffast-math prsgrd.f90
/usr/bin/cpp -P -traditional -DMPI -DLINUX -DX86_64 -DGFORTRAN -D'ROOT_DIR="/home/dave/ROMS/trunk"' -DEPSCOR_UMAINE15 -D'HEADER="epscor_umaine15.h"' -D'ROMS_HEADER="/home/dave/projects/OSOM_Cosine/epscor_umaine15.h"' -DNestedGrids= -D'ANALYTICAL_DIR="/home/dave/ROMS/trunk/ROMS/Functionals"' -D'SVN_REV=""' -IROMS/Include -IROMS/Nonlinear -IROMS/Nonlinear/Biology -IROMS/Nonlinear/Sediment -IROMS/Utility -IROMS/Drivers -IROMS/Functionals -I/home/dave/projects/OSOM_Cosine -IMaster -ICompilers -D'HEADER_DIR="/home/dave/projects/OSOM_Cosine"'  ROMS/Nonlinear/t3dmix.F > /home/dave/projects/OSOM_Cosine/Build/t3dmix.f90
ROMS/Bin/cpp_clean /home/dave/projects/OSOM_Cosine/Build/t3dmix.f90
cd /home/dave/projects/OSOM_Cosine/Build; /opt/openmpi/bin/mpif90 -c -frepack-arrays -O3 -ffast-math t3dmix.f90
cd /home/dave/projects/OSOM_Cosine/Build; /opt/openmpi/bin/mpif90 -c -frepack-arrays -O3 -ffast-math rhs3d.f90
/usr/bin/cpp -P -traditional -DMPI -DLINUX -DX86_64 -DGFORTRAN -D'ROOT_DIR="/home/dave/ROMS/trunk"' -DEPSCOR_UMAINE15 -D'HEADER="epscor_umaine15.h"' -D'ROMS_HEADER="/home/dave/projects/OSOM_Cosine/epscor_umaine15.h"' -DNestedGrids= -D'ANALYTICAL_DIR="/home/dave/ROMS/trunk/ROMS/Functionals"' -D'SVN_REV=""' -IROMS/Include -IROMS/Nonlinear -IROMS/Nonlinear/Biology -IROMS/Nonlinear/Sediment -IROMS/Utility -IROMS/Drivers -IROMS/Functionals -I/home/dave/projects/OSOM_Cosine -IMaster -ICompilers -D'HEADER_DIR="/home/dave/projects/OSOM_Cosine"'  ROMS/Nonlinear/Sediment/sediment.F > /home/dave/projects/OSOM_Cosine/Build/sediment.f90
ROMS/Bin/cpp_clean /home/dave/projects/OSOM_Cosine/Build/sediment.f90
/usr/bin/cpp -P -traditional -DMPI -DLINUX -DX86_64 -DGFORTRAN -D'ROOT_DIR="/home/dave/ROMS/trunk"' -DEPSCOR_UMAINE15 -D'HEADER="epscor_umaine15.h"' -D'ROMS_HEADER="/home/dave/projects/OSOM_Cosine/epscor_umaine15.h"' -DNestedGrids= -D'ANALYTICAL_DIR="/home/dave/ROMS/trunk/ROMS/Functionals"' -D'SVN_REV=""' -IROMS/Include -IROMS/Nonlinear -IROMS/Nonlinear/Biology -IROMS/Nonlinear/Sediment -IROMS/Utility -IROMS/Drivers -IROMS/Functionals -I/home/dave/projects/OSOM_Cosine -IMaster -ICompilers -D'HEADER_DIR="/home/dave/projects/OSOM_Cosine"'  ROMS/Nonlinear/Sediment/sed_bed.F > /home/dave/projects/OSOM_Cosine/Build/sed_bed.f90
ROMS/Bin/cpp_clean /home/dave/projects/OSOM_Cosine/Build/sed_bed.f90
cd /home/dave/projects/OSOM_Cosine/Build; /opt/openmpi/bin/mpif90 -c -frepack-arrays -O3 -ffast-math sed_bed.f90
/usr/bin/cpp -P -traditional -DMPI -DLINUX -DX86_64 -DGFORTRAN -D'ROOT_DIR="/home/dave/ROMS/trunk"' -DEPSCOR_UMAINE15 -D'HEADER="epscor_umaine15.h"' -D'ROMS_HEADER="/home/dave/projects/OSOM_Cosine/epscor_umaine15.h"' -DNestedGrids= -D'ANALYTICAL_DIR="/home/dave/ROMS/trunk/ROMS/Functionals"' -D'SVN_REV=""' -IROMS/Include -IROMS/Nonlinear -IROMS/Nonlinear/Biology -IROMS/Nonlinear/Sediment -IROMS/Utility -IROMS/Drivers -IROMS/Functionals -I/home/dave/projects/OSOM_Cosine -IMaster -ICompilers -D'HEADER_DIR="/home/dave/projects/OSOM_Cosine"'  ROMS/Nonlinear/Sediment/sed_bedload.F > /home/dave/projects/OSOM_Cosine/Build/sed_bedload.f90
ROMS/Bin/cpp_clean /home/dave/projects/OSOM_Cosine/Build/sed_bedload.f90
cd /home/dave/projects/OSOM_Cosine/Build; /opt/openmpi/bin/mpif90 -c -frepack-arrays -O3 -ffast-math sed_bedload.f90
/usr/bin/cpp -P -traditional -DMPI -DLINUX -DX86_64 -DGFORTRAN -D'ROOT_DIR="/home/dave/ROMS/trunk"' -DEPSCOR_UMAINE15 -D'HEADER="epscor_umaine15.h"' -D'ROMS_HEADER="/home/dave/projects/OSOM_Cosine/epscor_umaine15.h"' -DNestedGrids= -D'ANALYTICAL_DIR="/home/dave/ROMS/trunk/ROMS/Functionals"' -D'SVN_REV=""' -IROMS/Include -IROMS/Nonlinear -IROMS/Nonlinear/Biology -IROMS/Nonlinear/Sediment -IROMS/Utility -IROMS/Drivers -IROMS/Functionals -I/home/dave/projects/OSOM_Cosine -IMaster -ICompilers -D'HEADER_DIR="/home/dave/projects/OSOM_Cosine"'  ROMS/Nonlinear/Sediment/sed_fluxes.F > /home/dave/projects/OSOM_Cosine/Build/sed_fluxes.f90
ROMS/Bin/cpp_clean /home/dave/projects/OSOM_Cosine/Build/sed_fluxes.f90
cd /home/dave/projects/OSOM_Cosine/Build; /opt/openmpi/bin/mpif90 -c -frepack-arrays -O3 -ffast-math sed_fluxes.f90
/usr/bin/cpp -P -traditional -DMPI -DLINUX -DX86_64 -DGFORTRAN -D'ROOT_DIR="/home/dave/ROMS/trunk"' -DEPSCOR_UMAINE15 -D'HEADER="epscor_umaine15.h"' -D'ROMS_HEADER="/home/dave/projects/OSOM_Cosine/epscor_umaine15.h"' -DNestedGrids= -D'ANALYTICAL_DIR="/home/dave/ROMS/trunk/ROMS/Functionals"' -D'SVN_REV=""' -IROMS/Include -IROMS/Nonlinear -IROMS/Nonlinear/Biology -IROMS/Nonlinear/Sediment -IROMS/Utility -IROMS/Drivers -IROMS/Functionals -I/home/dave/projects/OSOM_Cosine -IMaster -ICompilers -D'HEADER_DIR="/home/dave/projects/OSOM_Cosine"'  ROMS/Nonlinear/Sediment/sed_settling.F > /home/dave/projects/OSOM_Cosine/Build/sed_settling.f90
ROMS/Bin/cpp_clean /home/dave/projects/OSOM_Cosine/Build/sed_settling.f90
cd /home/dave/projects/OSOM_Cosine/Build; /opt/openmpi/bin/mpif90 -c -frepack-arrays -O3 -ffast-math sed_settling.f90
/usr/bin/cpp -P -traditional -DMPI -DLINUX -DX86_64 -DGFORTRAN -D'ROOT_DIR="/home/dave/ROMS/trunk"' -DEPSCOR_UMAINE15 -D'HEADER="epscor_umaine15.h"' -D'ROMS_HEADER="/home/dave/projects/OSOM_Cosine/epscor_umaine15.h"' -DNestedGrids= -D'ANALYTICAL_DIR="/home/dave/ROMS/trunk/ROMS/Functionals"' -D'SVN_REV=""' -IROMS/Include -IROMS/Nonlinear -IROMS/Nonlinear/Biology -IROMS/Nonlinear/Sediment -IROMS/Utility -IROMS/Drivers -IROMS/Functionals -I/home/dave/projects/OSOM_Cosine -IMaster -ICompilers -D'HEADER_DIR="/home/dave/projects/OSOM_Cosine"'  ROMS/Nonlinear/Sediment/sed_surface.F > /home/dave/projects/OSOM_Cosine/Build/sed_surface.f90
ROMS/Bin/cpp_clean /home/dave/projects/OSOM_Cosine/Build/sed_surface.f90
cd /home/dave/projects/OSOM_Cosine/Build; /opt/openmpi/bin/mpif90 -c -frepack-arrays -O3 -ffast-math sed_surface.f90
cd /home/dave/projects/OSOM_Cosine/Build; /opt/openmpi/bin/mpif90 -c -frepack-arrays -O3 -ffast-math sediment.f90
/usr/bin/cpp -P -traditional -DMPI -DLINUX -DX86_64 -DGFORTRAN -D'ROOT_DIR="/home/dave/ROMS/trunk"' -DEPSCOR_UMAINE15 -D'HEADER="epscor_umaine15.h"' -D'ROMS_HEADER="/home/dave/projects/OSOM_Cosine/epscor_umaine15.h"' -DNestedGrids= -D'ANALYTICAL_DIR="/home/dave/ROMS/trunk/ROMS/Functionals"' -D'SVN_REV=""' -IROMS/Include -IROMS/Nonlinear -IROMS/Nonlinear/Biology -IROMS/Nonlinear/Sediment -IROMS/Utility -IROMS/Drivers -IROMS/Functionals -I/home/dave/projects/OSOM_Cosine -IMaster -ICompilers -D'HEADER_DIR="/home/dave/projects/OSOM_Cosine"'  ROMS/Nonlinear/set_massflux.F > /home/dave/projects/OSOM_Cosine/Build/set_massflux.f90
ROMS/Bin/cpp_clean /home/dave/projects/OSOM_Cosine/Build/set_massflux.f90
cd /home/dave/projects/OSOM_Cosine/Build; /opt/openmpi/bin/mpif90 -c -frepack-arrays -O3 -ffast-math set_massflux.f90
/usr/bin/cpp -P -traditional -DMPI -DLINUX -DX86_64 -DGFORTRAN -D'ROOT_DIR="/home/dave/ROMS/trunk"' -DEPSCOR_UMAINE15 -D'HEADER="epscor_umaine15.h"' -D'ROMS_HEADER="/home/dave/projects/OSOM_Cosine/epscor_umaine15.h"' -DNestedGrids= -D'ANALYTICAL_DIR="/home/dave/ROMS/trunk/ROMS/Functionals"' -D'SVN_REV=""' -IROMS/Include -IROMS/Nonlinear -IROMS/Nonlinear/Biology -IROMS/Nonlinear/Sediment -IROMS/Utility -IROMS/Drivers -IROMS/Functionals -I/home/dave/projects/OSOM_Cosine -IMaster -ICompilers -D'HEADER_DIR="/home/dave/projects/OSOM_Cosine"'  ROMS/Nonlinear/set_zeta.F > /home/dave/projects/OSOM_Cosine/Build/set_zeta.f90
ROMS/Bin/cpp_clean /home/dave/projects/OSOM_Cosine/Build/set_zeta.f90
cd /home/dave/projects/OSOM_Cosine/Build; /opt/openmpi/bin/mpif90 -c -frepack-arrays -O3 -ffast-math set_zeta.f90
/usr/bin/cpp -P -traditional -DMPI -DLINUX -DX86_64 -DGFORTRAN -D'ROOT_DIR="/home/dave/ROMS/trunk"' -DEPSCOR_UMAINE15 -D'HEADER="epscor_umaine15.h"' -D'ROMS_HEADER="/home/dave/projects/OSOM_Cosine/epscor_umaine15.h"' -DNestedGrids= -D'ANALYTICAL_DIR="/home/dave/ROMS/trunk/ROMS/Functionals"' -D'SVN_REV=""' -IROMS/Include -IROMS/Nonlinear -IROMS/Nonlinear/Biology -IROMS/Nonlinear/Sediment -IROMS/Utility -IROMS/Drivers -IROMS/Functionals -I/home/dave/projects/OSOM_Cosine -IMaster -ICompilers -D'HEADER_DIR="/home/dave/projects/OSOM_Cosine"'  ROMS/Nonlinear/step3d_uv.F > /home/dave/projects/OSOM_Cosine/Build/step3d_uv.f90
ROMS/Bin/cpp_clean /home/dave/projects/OSOM_Cosine/Build/step3d_uv.f90
cd /home/dave/projects/OSOM_Cosine/Build; /opt/openmpi/bin/mpif90 -c -frepack-arrays -O3 -ffast-math step3d_uv.f90
cd /home/dave/projects/OSOM_Cosine/Build; /opt/openmpi/bin/mpif90 -c -frepack-arrays -O3 -ffast-math main3d.f90
/usr/bin/cpp -P -traditional -DMPI -DLINUX -DX86_64 -DGFORTRAN -D'ROOT_DIR="/home/dave/ROMS/trunk"' -DEPSCOR_UMAINE15 -D'HEADER="epscor_umaine15.h"' -D'ROMS_HEADER="/home/dave/projects/OSOM_Cosine/epscor_umaine15.h"' -DNestedGrids= -D'ANALYTICAL_DIR="/home/dave/ROMS/trunk/ROMS/Functionals"' -D'SVN_REV=""' -IROMS/Include -IROMS/Nonlinear -IROMS/Nonlinear/Biology -IROMS/Nonlinear/Sediment -IROMS/Utility -IROMS/Drivers -IROMS/Functionals -I/home/dave/projects/OSOM_Cosine -IMaster -ICompilers -D'HEADER_DIR="/home/dave/projects/OSOM_Cosine"'  ROMS/Nonlinear/output.F > /home/dave/projects/OSOM_Cosine/Build/output.f90
ROMS/Bin/cpp_clean /home/dave/projects/OSOM_Cosine/Build/output.f90
cd /home/dave/projects/OSOM_Cosine/Build; /opt/openmpi/bin/mpif90 -c -frepack-arrays -O3 -ffast-math output.f90
/usr/bin/cpp -P -traditional -DMPI -DLINUX -DX86_64 -DGFORTRAN -D'ROOT_DIR="/home/dave/ROMS/trunk"' -DEPSCOR_UMAINE15 -D'HEADER="epscor_umaine15.h"' -D'ROMS_HEADER="/home/dave/projects/OSOM_Cosine/epscor_umaine15.h"' -DNestedGrids= -D'ANALYTICAL_DIR="/home/dave/ROMS/trunk/ROMS/Functionals"' -D'SVN_REV=""' -IROMS/Include -IROMS/Nonlinear -IROMS/Nonlinear/Biology -IROMS/Nonlinear/Sediment -IROMS/Utility -IROMS/Drivers -IROMS/Functionals -I/home/dave/projects/OSOM_Cosine -IMaster -ICompilers -D'HEADER_DIR="/home/dave/projects/OSOM_Cosine"'  ROMS/Nonlinear/initial.F > /home/dave/projects/OSOM_Cosine/Build/initial.f90
ROMS/Bin/cpp_clean /home/dave/projects/OSOM_Cosine/Build/initial.f90
cd /home/dave/projects/OSOM_Cosine/Build; /opt/openmpi/bin/mpif90 -c -frepack-arrays -O3 -ffast-math initial.f90
/usr/bin/cpp -P -traditional -DMPI -DLINUX -DX86_64 -DGFORTRAN -D'ROOT_DIR="/home/dave/ROMS/trunk"' -DEPSCOR_UMAINE15 -D'HEADER="epscor_umaine15.h"' -D'ROMS_HEADER="/home/dave/projects/OSOM_Cosine/epscor_umaine15.h"' -DNestedGrids= -D'ANALYTICAL_DIR="/home/dave/ROMS/trunk/ROMS/Functionals"' -D'SVN_REV=""' -IROMS/Include -IROMS/Nonlinear -IROMS/Nonlinear/Biology -IROMS/Nonlinear/Sediment -IROMS/Utility -IROMS/Drivers -IROMS/Functionals -I/home/dave/projects/OSOM_Cosine -IMaster -ICompilers -D'HEADER_DIR="/home/dave/projects/OSOM_Cosine"'  ROMS/Nonlinear/set_data.F > /home/dave/projects/OSOM_Cosine/Build/set_data.f90
ROMS/Bin/cpp_clean /home/dave/projects/OSOM_Cosine/Build/set_data.f90
cd /home/dave/projects/OSOM_Cosine/Build; /opt/openmpi/bin/mpif90 -c -frepack-arrays -O3 -ffast-math set_data.f90
/usr/bin/cpp -P -traditional -DMPI -DLINUX -DX86_64 -DGFORTRAN -D'ROOT_DIR="/home/dave/ROMS/trunk"' -DEPSCOR_UMAINE15 -D'HEADER="epscor_umaine15.h"' -D'ROMS_HEADER="/home/dave/projects/OSOM_Cosine/epscor_umaine15.h"' -DNestedGrids= -D'ANALYTICAL_DIR="/home/dave/ROMS/trunk/ROMS/Functionals"' -D'SVN_REV=""' -IROMS/Include -IROMS/Nonlinear -IROMS/Nonlinear/Biology -IROMS/Nonlinear/Sediment -IROMS/Utility -IROMS/Drivers -IROMS/Functionals -I/home/dave/projects/OSOM_Cosine -IMaster -ICompilers -D'HEADER_DIR="/home/dave/projects/OSOM_Cosine"'  ROMS/Nonlinear/get_idata.F > /home/dave/projects/OSOM_Cosine/Build/get_idata.f90
ROMS/Bin/cpp_clean /home/dave/projects/OSOM_Cosine/Build/get_idata.f90
cd /home/dave/projects/OSOM_Cosine/Build; /opt/openmpi/bin/mpif90 -c -frepack-arrays -O3 -ffast-math get_idata.f90
/usr/bin/cpp -P -traditional -DMPI -DLINUX -DX86_64 -DGFORTRAN -D'ROOT_DIR="/home/dave/ROMS/trunk"' -DEPSCOR_UMAINE15 -D'HEADER="epscor_umaine15.h"' -D'ROMS_HEADER="/home/dave/projects/OSOM_Cosine/epscor_umaine15.h"' -DNestedGrids= -D'ANALYTICAL_DIR="/home/dave/ROMS/trunk/ROMS/Functionals"' -D'SVN_REV=""' -IROMS/Include -IROMS/Nonlinear -IROMS/Nonlinear/Biology -IROMS/Nonlinear/Sediment -IROMS/Utility -IROMS/Drivers -IROMS/Functionals -I/home/dave/projects/OSOM_Cosine -IMaster -ICompilers -D'HEADER_DIR="/home/dave/projects/OSOM_Cosine"'  ROMS/Nonlinear/get_data.F > /home/dave/projects/OSOM_Cosine/Build/get_data.f90
ROMS/Bin/cpp_clean /home/dave/projects/OSOM_Cosine/Build/get_data.f90
cd /home/dave/projects/OSOM_Cosine/Build; /opt/openmpi/bin/mpif90 -c -frepack-arrays -O3 -ffast-math get_data.f90
/usr/bin/cpp -P -traditional -DMPI -DLINUX -DX86_64 -DGFORTRAN -D'ROOT_DIR="/home/dave/ROMS/trunk"' -DEPSCOR_UMAINE15 -D'HEADER="epscor_umaine15.h"' -D'ROMS_HEADER="/home/dave/projects/OSOM_Cosine/epscor_umaine15.h"' -DNestedGrids= -D'ANALYTICAL_DIR="/home/dave/ROMS/trunk/ROMS/Functionals"' -D'SVN_REV=""' -IROMS/Include -IROMS/Nonlinear -IROMS/Nonlinear/Biology -IROMS/Nonlinear/Sediment -IROMS/Utility -IROMS/Drivers -IROMS/Functionals -I/home/dave/projects/OSOM_Cosine -IMaster -ICompilers -D'HEADER_DIR="/home/dave/projects/OSOM_Cosine"'  ROMS/Nonlinear/lmd_swfrac.F > /home/dave/projects/OSOM_Cosine/Build/lmd_swfrac.f90
ROMS/Bin/cpp_clean /home/dave/projects/OSOM_Cosine/Build/lmd_swfrac.f90
cd /home/dave/projects/OSOM_Cosine/Build; /opt/openmpi/bin/mpif90 -c -frepack-arrays -O3 -ffast-math lmd_swfrac.f90
ar -r /home/dave/projects/OSOM_Cosine/Build/libNLM.a /home/dave/projects/OSOM_Cosine/Build/set_vbc.o /home/dave/projects/OSOM_Cosine/Build/step3d_t.o /home/dave/projects/OSOM_Cosine/Build/interp_floats.o /home/dave/projects/OSOM_Cosine/Build/main2d.o /home/dave/projects/OSOM_Cosine/Build/wvelocity.o /home/dave/projects/OSOM_Cosine/Build/bc_2d.o /home/dave/projects/OSOM_Cosine/Build/conv_3d.o /home/dave/projects/OSOM_Cosine/Build/lmd_bkpp.o /home/dave/projects/OSOM_Cosine/Build/lmd_skpp.o /home/dave/projects/OSOM_Cosine/Build/uv3dmix.o /home/dave/projects/OSOM_Cosine/Build/zetabc.o /home/dave/projects/OSOM_Cosine/Build/bc_bry2d.o /home/dave/projects/OSOM_Cosine/Build/conv_2d.o /home/dave/projects/OSOM_Cosine/Build/nesting.o /home/dave/projects/OSOM_Cosine/Build/v2dbc_im.o /home/dave/projects/OSOM_Cosine/Build/u2dbc_im.o /home/dave/projects/OSOM_Cosine/Build/lmd_vmix.o /home/dave/projects/OSOM_Cosine/Build/frc_adjust.o /home/dave/projects/OSOM_Cosine/Build/exchange_2d.o /home/dave/projects/OSOM_Cosine/Build/conv_bry2d.o /home/dave/projects/OSOM_Cosine/Build/set_depth.o /home/dave/projects/OSOM_Cosine/Build/tkebc_im.o /home/dave/projects/OSOM_Cosine/Build/v3dbc_im.o /home/dave/projects/OSOM_Cosine/Build/exchange_3d.o /home/dave/projects/OSOM_Cosine/Build/my25_corstep.o /home/dave/projects/OSOM_Cosine/Build/conv_bry3d.o /home/dave/projects/OSOM_Cosine/Build/main3d.o /home/dave/projects/OSOM_Cosine/Build/hmixing.o /home/dave/projects/OSOM_Cosine/Build/u3dbc_im.o /home/dave/projects/OSOM_Cosine/Build/bbl.o /home/dave/projects/OSOM_Cosine/Build/step2d.o /home/dave/projects/OSOM_Cosine/Build/output.o /home/dave/projects/OSOM_Cosine/Build/diag.o /home/dave/projects/OSOM_Cosine/Build/t3dbc_im.o /home/dave/projects/OSOM_Cosine/Build/omega.o /home/dave/projects/OSOM_Cosine/Build/bvf_mix.o /home/dave/projects/OSOM_Cosine/Build/set_tides.o /home/dave/projects/OSOM_Cosine/Build/step3d_uv.o /home/dave/projects/OSOM_Cosine/Build/step_floats.o /home/dave/projects/OSOM_Cosine/Build/initial.o /home/dave/projects/OSOM_Cosine/Build/set_data.o /home/dave/projects/OSOM_Cosine/Build/prsgrd.o /home/dave/projects/OSOM_Cosine/Build/obc_volcons.o /home/dave/projects/OSOM_Cosine/Build/get_idata.o /home/dave/projects/OSOM_Cosine/Build/rho_eos.o /home/dave/projects/OSOM_Cosine/Build/wetdry.o /home/dave/projects/OSOM_Cosine/Build/set_zeta.o /home/dave/projects/OSOM_Cosine/Build/t3dmix.o /home/dave/projects/OSOM_Cosine/Build/set_massflux.o /home/dave/projects/OSOM_Cosine/Build/radiation_stress.o /home/dave/projects/OSOM_Cosine/Build/set_avg.o /home/dave/projects/OSOM_Cosine/Build/forcing.o /home/dave/projects/OSOM_Cosine/Build/bulk_flux.o /home/dave/projects/OSOM_Cosine/Build/rhs3d.o /home/dave/projects/OSOM_Cosine/Build/gls_prestep.o /home/dave/projects/OSOM_Cosine/Build/get_data.o /home/dave/projects/OSOM_Cosine/Build/pre_step3d.o /home/dave/projects/OSOM_Cosine/Build/lmd_swfrac.o /home/dave/projects/OSOM_Cosine/Build/obc_adjust.o /home/dave/projects/OSOM_Cosine/Build/bc_bry3d.o /home/dave/projects/OSOM_Cosine/Build/my25_prestep.o /home/dave/projects/OSOM_Cosine/Build/ini_fields.o /home/dave/projects/OSOM_Cosine/Build/vwalk_floats.o /home/dave/projects/OSOM_Cosine/Build/mpdata_adiff.o /home/dave/projects/OSOM_Cosine/Build/gls_corstep.o /home/dave/projects/OSOM_Cosine/Build/bc_3d.o
ranlib /home/dave/projects/OSOM_Cosine/Build/libNLM.a
ar -r /home/dave/projects/OSOM_Cosine/Build/libNLM_bio.a /home/dave/projects/OSOM_Cosine/Build/biology.o /home/dave/projects/OSOM_Cosine/Build/biology_floats.o
ranlib /home/dave/projects/OSOM_Cosine/Build/libNLM_bio.a
ar -r /home/dave/projects/OSOM_Cosine/Build/libNLM_sed.a /home/dave/projects/OSOM_Cosine/Build/sediment.o /home/dave/projects/OSOM_Cosine/Build/sed_bedload.o /home/dave/projects/OSOM_Cosine/Build/sed_fluxes.o /home/dave/projects/OSOM_Cosine/Build/sed_surface.o /home/dave/projects/OSOM_Cosine/Build/sed_settling.o /home/dave/projects/OSOM_Cosine/Build/sed_bed.o
ranlib /home/dave/projects/OSOM_Cosine/Build/libNLM_sed.a
ar -r /home/dave/projects/OSOM_Cosine/Build/libANA.a /home/dave/projects/OSOM_Cosine/Build/analytical.o
ranlib /home/dave/projects/OSOM_Cosine/Build/libANA.a
/usr/bin/cpp -P -traditional -DMPI -DLINUX -DX86_64 -DGFORTRAN -D'ROOT_DIR="/home/dave/ROMS/trunk"' -DEPSCOR_UMAINE15 -D'HEADER="epscor_umaine15.h"' -D'ROMS_HEADER="/home/dave/projects/OSOM_Cosine/epscor_umaine15.h"' -DNestedGrids= -D'ANALYTICAL_DIR="/home/dave/ROMS/trunk/ROMS/Functionals"' -D'SVN_REV=""' -IROMS/Include -IROMS/Nonlinear -IROMS/Nonlinear/Biology -IROMS/Nonlinear/Sediment -IROMS/Utility -IROMS/Drivers -IROMS/Functionals -I/home/dave/projects/OSOM_Cosine -IMaster -ICompilers -D'HEADER_DIR="/home/dave/projects/OSOM_Cosine"'  ROMS/Modules/mod_arrays.F > /home/dave/projects/OSOM_Cosine/Build/mod_arrays.f90
ROMS/Bin/cpp_clean /home/dave/projects/OSOM_Cosine/Build/mod_arrays.f90
cd /home/dave/projects/OSOM_Cosine/Build; /opt/openmpi/bin/mpif90 -c -frepack-arrays -O3 -ffast-math mod_arrays.f90
ar -r /home/dave/projects/OSOM_Cosine/Build/libMODS.a /home/dave/projects/OSOM_Cosine/Build/mod_mixing.o /home/dave/projects/OSOM_Cosine/Build/mod_sedbed.o /home/dave/projects/OSOM_Cosine/Build/mod_storage.o /home/dave/projects/OSOM_Cosine/Build/mod_sources.o /home/dave/projects/OSOM_Cosine/Build/mod_scalars.o /home/dave/projects/OSOM_Cosine/Build/mod_fourdvar.o /home/dave/projects/OSOM_Cosine/Build/mod_arrays.o /home/dave/projects/OSOM_Cosine/Build/mod_eclight.o /home/dave/projects/OSOM_Cosine/Build/mod_strings.o /home/dave/projects/OSOM_Cosine/Build/mod_tides.o /home/dave/projects/OSOM_Cosine/Build/mod_grid.o /home/dave/projects/OSOM_Cosine/Build/mod_boundary.o /home/dave/projects/OSOM_Cosine/Build/mod_sediment.o /home/dave/projects/OSOM_Cosine/Build/mod_parallel.o /home/dave/projects/OSOM_Cosine/Build/mod_ocean.o /home/dave/projects/OSOM_Cosine/Build/mod_ncparam.o /home/dave/projects/OSOM_Cosine/Build/mod_nesting.o /home/dave/projects/OSOM_Cosine/Build/mod_average.o /home/dave/projects/OSOM_Cosine/Build/mod_forces.o /home/dave/projects/OSOM_Cosine/Build/mod_eoscoef.o /home/dave/projects/OSOM_Cosine/Build/mod_behavior.o /home/dave/projects/OSOM_Cosine/Build/mod_bbl.o /home/dave/projects/OSOM_Cosine/Build/mod_kinds.o /home/dave/projects/OSOM_Cosine/Build/mod_stepping.o /home/dave/projects/OSOM_Cosine/Build/mod_biology.o /home/dave/projects/OSOM_Cosine/Build/mod_diags.o /home/dave/projects/OSOM_Cosine/Build/mod_iounits.o /home/dave/projects/OSOM_Cosine/Build/mod_param.o /home/dave/projects/OSOM_Cosine/Build/mod_coupler.o /home/dave/projects/OSOM_Cosine/Build/mod_netcdf.o /home/dave/projects/OSOM_Cosine/Build/mod_clima.o /home/dave/projects/OSOM_Cosine/Build/mod_floats.o /home/dave/projects/OSOM_Cosine/Build/mod_coupling.o
ranlib /home/dave/projects/OSOM_Cosine/Build/libMODS.a
/usr/bin/cpp -P -traditional -DMPI -DLINUX -DX86_64 -DGFORTRAN -D'ROOT_DIR="/home/dave/ROMS/trunk"' -DEPSCOR_UMAINE15 -D'HEADER="epscor_umaine15.h"' -D'ROMS_HEADER="/home/dave/projects/OSOM_Cosine/epscor_umaine15.h"' -DNestedGrids= -D'ANALYTICAL_DIR="/home/dave/ROMS/trunk/ROMS/Functionals"' -D'SVN_REV=""' -IROMS/Include -IROMS/Nonlinear -IROMS/Nonlinear/Biology -IROMS/Nonlinear/Sediment -IROMS/Utility -IROMS/Drivers -IROMS/Functionals -I/home/dave/projects/OSOM_Cosine -IMaster -ICompilers -D'HEADER_DIR="/home/dave/projects/OSOM_Cosine"'  Master/master.F > /home/dave/projects/OSOM_Cosine/Build/master.f90
ROMS/Bin/cpp_clean /home/dave/projects/OSOM_Cosine/Build/master.f90
/usr/bin/cpp -P -traditional -DMPI -DLINUX -DX86_64 -DGFORTRAN -D'ROOT_DIR="/home/dave/ROMS/trunk"' -DEPSCOR_UMAINE15 -D'HEADER="epscor_umaine15.h"' -D'ROMS_HEADER="/home/dave/projects/OSOM_Cosine/epscor_umaine15.h"' -DNestedGrids= -D'ANALYTICAL_DIR="/home/dave/ROMS/trunk/ROMS/Functionals"' -D'SVN_REV=""' -IROMS/Include -IROMS/Nonlinear -IROMS/Nonlinear/Biology -IROMS/Nonlinear/Sediment -IROMS/Utility -IROMS/Drivers -IROMS/Functionals -I/home/dave/projects/OSOM_Cosine -IMaster -ICompilers -D'HEADER_DIR="/home/dave/projects/OSOM_Cosine"'  Master/esmf_roms.F > /home/dave/projects/OSOM_Cosine/Build/esmf_roms.f90
ROMS/Bin/cpp_clean /home/dave/projects/OSOM_Cosine/Build/esmf_roms.f90
cd /home/dave/projects/OSOM_Cosine/Build; /opt/openmpi/bin/mpif90 -c -frepack-arrays -O3 -ffast-math esmf_roms.f90
cd /home/dave/projects/OSOM_Cosine/Build; /opt/openmpi/bin/mpif90 -c -frepack-arrays -O3 -ffast-math master.f90
/opt/openmpi/bin/mpif90 -frepack-arrays -O3 -ffast-math  /home/dave/projects/OSOM_Cosine/Build/roms_import.o /home/dave/projects/OSOM_Cosine/Build/propagator.o /home/dave/projects/OSOM_Cosine/Build/master.o /home/dave/projects/OSOM_Cosine/Build/roms_export.o /home/dave/projects/OSOM_Cosine/Build/ocean_coupler.o /home/dave/projects/OSOM_Cosine/Build/esmf_roms.o /home/dave/projects/OSOM_Cosine/Build/ocean_control.o -o /home/dave/projects/OSOM_Cosine/oceanM /home/dave/projects/OSOM_Cosine/Build/libUTIL.a /home/dave/projects/OSOM_Cosine/Build/libNLM.a /home/dave/projects/OSOM_Cosine/Build/libNLM_bio.a /home/dave/projects/OSOM_Cosine/Build/libNLM_sed.a /home/dave/projects/OSOM_Cosine/Build/libANA.a /home/dave/projects/OSOM_Cosine/Build/libUTIL.a /home/dave/projects/OSOM_Cosine/Build/libMODS.a -L/opt/lib -lnetcdff
rm -f -r /home/dave/make_macros.mk
